../Middlewares/OpenNNA2.0/core/opennna_core.c:66:6:OpenNNA_Printf	264	static
../Middlewares/OpenNNA2.0/core/opennna_core.c:77:8:OpenNNA_Malloc	0	static
../Middlewares/OpenNNA2.0/core/opennna_core.c:87:6:OpenNNA_Free	0	static
../Middlewares/OpenNNA2.0/core/opennna_core.c:96:16:OpenNNA_CreateNetwork	8	static
../Middlewares/OpenNNA2.0/core/opennna_core.c:124:5:OpenNNA_Add_Layer	136	static
../Middlewares/OpenNNA2.0/core/opennna_core.c:181:6:OpenNNA_GetFmapHeap	16	static
../Middlewares/OpenNNA2.0/core/opennna_core.c:257:6:OpenNNA_Init	16	static
../Middlewares/OpenNNA2.0/core/opennna_core.c:380:6:OpenNNA_Print_Network	120	static
../Middlewares/OpenNNA2.0/core/opennna_core.c:426:6:OpenNNA_Predict	24	static
../Middlewares/OpenNNA2.0/core/opennna_core.c:527:6:OpenNNA_Free_FmapHeap	16	static
../Middlewares/OpenNNA2.0/core/opennna_core.c:543:6:OpenNNA_Free_Network	24	static
