../Drivers/STM32H7xx_HAL_Driver/Src/stm32h7xx_hal_rcc.c:188:19:HAL_RCC_DeInit	16	static
../Drivers/STM32H7xx_HAL_Driver/Src/stm32h7xx_hal_rcc.c:405:26:HAL_RCC_OscConfig	56	static
../Drivers/STM32H7xx_HAL_Driver/Src/stm32h7xx_hal_rcc.c:901:19:HAL_RCC_ClockConfig	32	static
../Drivers/STM32H7xx_HAL_Driver/Src/stm32h7xx_hal_rcc.c:1265:6:HAL_RCC_MCOConfig	56	static
../Drivers/STM32H7xx_HAL_Driver/Src/stm32h7xx_hal_rcc.c:1319:6:HAL_RCC_EnableCSS	4	static
../Drivers/STM32H7xx_HAL_Driver/Src/stm32h7xx_hal_rcc.c:1328:6:HAL_RCC_DisableCSS	4	static
../Drivers/STM32H7xx_HAL_Driver/Src/stm32h7xx_hal_rcc.c:1367:10:HAL_RCC_GetSysClockFreq	40	static
../Drivers/STM32H7xx_HAL_Driver/Src/stm32h7xx_hal_rcc.c:1464:10:HAL_RCC_GetHCLKFreq	16	static
../Drivers/STM32H7xx_HAL_Driver/Src/stm32h7xx_hal_rcc.c:1496:10:HAL_RCC_GetPCLK1Freq	8	static
../Drivers/STM32H7xx_HAL_Driver/Src/stm32h7xx_hal_rcc.c:1514:10:HAL_RCC_GetPCLK2Freq	8	static
../Drivers/STM32H7xx_HAL_Driver/Src/stm32h7xx_hal_rcc.c:1531:6:HAL_RCC_GetOscConfig	16	static
../Drivers/STM32H7xx_HAL_Driver/Src/stm32h7xx_hal_rcc.c:1697:6:HAL_RCC_GetClockConfig	16	static
../Drivers/STM32H7xx_HAL_Driver/Src/stm32h7xx_hal_rcc.c:1753:6:HAL_RCC_NMI_IRQHandler	8	static
../Drivers/STM32H7xx_HAL_Driver/Src/stm32h7xx_hal_rcc.c:1770:13:HAL_RCC_CSSCallback	4	static
