../Core/Src/main.c:461:6:StartDefaultTask	16	static
../Core/Src/main.c:82:27:_write	8	static,ignoring_inline_asm
../Core/Src/main.c:176:6:SystemClock_Config	128	static,ignoring_inline_asm
../Core/Src/main.c:95:5:main	80	static,ignoring_inline_asm
../Core/Src/main.c:434:6:configureTimerForRunTimeStats	8	static
../Core/Src/main.c:440:15:getRunTimeCounterValue	0	static
../Core/Src/main.c:444:6:HAL_TIM_PeriodElapsedCallback	4	static
../Core/Src/main.c:490:6:Error_Handler	0	static,ignoring_inline_asm
