Archive member included to satisfy reference by file (symbol)

d:/stm32cubeide/stm32cubeide_1.10.0/stm32cubeide/plugins/com.st.stm32cube.ide.mcu.externaltools.gnu-tools-for-stm32.10.3-2021.10.win32_1.0.0.202111181127/tools/bin/../lib/gcc/arm-none-eabi/10.3.1/../../../../arm-none-eabi/lib/thumb/v7e-m+dp/hard\libc_nano.a(lib_a-errno.o)
                              ./Core/Src/syscalls.o (__errno)
d:/stm32cubeide/stm32cubeide_1.10.0/stm32cubeide/plugins/com.st.stm32cube.ide.mcu.externaltools.gnu-tools-for-stm32.10.3-2021.10.win32_1.0.0.202111181127/tools/bin/../lib/gcc/arm-none-eabi/10.3.1/../../../../arm-none-eabi/lib/thumb/v7e-m+dp/hard\libc_nano.a(lib_a-exit.o)
                              d:/stm32cubeide/stm32cubeide_1.10.0/stm32cubeide/plugins/com.st.stm32cube.ide.mcu.externaltools.gnu-tools-for-stm32.10.3-2021.10.win32_1.0.0.202111181127/tools/bin/../lib/gcc/arm-none-eabi/10.3.1/../../../../arm-none-eabi/lib/thumb/v7e-m+dp/hard/crt0.o (exit)
d:/stm32cubeide/stm32cubeide_1.10.0/stm32cubeide/plugins/com.st.stm32cube.ide.mcu.externaltools.gnu-tools-for-stm32.10.3-2021.10.win32_1.0.0.202111181127/tools/bin/../lib/gcc/arm-none-eabi/10.3.1/../../../../arm-none-eabi/lib/thumb/v7e-m+dp/hard\libc_nano.a(lib_a-impure.o)
                              d:/stm32cubeide/stm32cubeide_1.10.0/stm32cubeide/plugins/com.st.stm32cube.ide.mcu.externaltools.gnu-tools-for-stm32.10.3-2021.10.win32_1.0.0.202111181127/tools/bin/../lib/gcc/arm-none-eabi/10.3.1/../../../../arm-none-eabi/lib/thumb/v7e-m+dp/hard\libc_nano.a(lib_a-exit.o) (_global_impure_ptr)
d:/stm32cubeide/stm32cubeide_1.10.0/stm32cubeide/plugins/com.st.stm32cube.ide.mcu.externaltools.gnu-tools-for-stm32.10.3-2021.10.win32_1.0.0.202111181127/tools/bin/../lib/gcc/arm-none-eabi/10.3.1/../../../../arm-none-eabi/lib/thumb/v7e-m+dp/hard\libc_nano.a(lib_a-init.o)
                              d:/stm32cubeide/stm32cubeide_1.10.0/stm32cubeide/plugins/com.st.stm32cube.ide.mcu.externaltools.gnu-tools-for-stm32.10.3-2021.10.win32_1.0.0.202111181127/tools/bin/../lib/gcc/arm-none-eabi/10.3.1/../../../../arm-none-eabi/lib/thumb/v7e-m+dp/hard/crt0.o (__libc_init_array)
d:/stm32cubeide/stm32cubeide_1.10.0/stm32cubeide/plugins/com.st.stm32cube.ide.mcu.externaltools.gnu-tools-for-stm32.10.3-2021.10.win32_1.0.0.202111181127/tools/bin/../lib/gcc/arm-none-eabi/10.3.1/../../../../arm-none-eabi/lib/thumb/v7e-m+dp/hard\libc_nano.a(lib_a-malloc.o)
                              ./Middlewares/OpenNNA2.0/core/opennna_core.o (malloc)
d:/stm32cubeide/stm32cubeide_1.10.0/stm32cubeide/plugins/com.st.stm32cube.ide.mcu.externaltools.gnu-tools-for-stm32.10.3-2021.10.win32_1.0.0.202111181127/tools/bin/../lib/gcc/arm-none-eabi/10.3.1/../../../../arm-none-eabi/lib/thumb/v7e-m+dp/hard\libc_nano.a(lib_a-memcpy-stub.o)
                              ./Middlewares/OpenNNA2.0/core/opennna_core.o (memcpy)
d:/stm32cubeide/stm32cubeide_1.10.0/stm32cubeide/plugins/com.st.stm32cube.ide.mcu.externaltools.gnu-tools-for-stm32.10.3-2021.10.win32_1.0.0.202111181127/tools/bin/../lib/gcc/arm-none-eabi/10.3.1/../../../../arm-none-eabi/lib/thumb/v7e-m+dp/hard\libc_nano.a(lib_a-memset.o)
                              d:/stm32cubeide/stm32cubeide_1.10.0/stm32cubeide/plugins/com.st.stm32cube.ide.mcu.externaltools.gnu-tools-for-stm32.10.3-2021.10.win32_1.0.0.202111181127/tools/bin/../lib/gcc/arm-none-eabi/10.3.1/../../../../arm-none-eabi/lib/thumb/v7e-m+dp/hard/crt0.o (memset)
d:/stm32cubeide/stm32cubeide_1.10.0/stm32cubeide/plugins/com.st.stm32cube.ide.mcu.externaltools.gnu-tools-for-stm32.10.3-2021.10.win32_1.0.0.202111181127/tools/bin/../lib/gcc/arm-none-eabi/10.3.1/../../../../arm-none-eabi/lib/thumb/v7e-m+dp/hard\libc_nano.a(lib_a-nano-freer.o)
                              d:/stm32cubeide/stm32cubeide_1.10.0/stm32cubeide/plugins/com.st.stm32cube.ide.mcu.externaltools.gnu-tools-for-stm32.10.3-2021.10.win32_1.0.0.202111181127/tools/bin/../lib/gcc/arm-none-eabi/10.3.1/../../../../arm-none-eabi/lib/thumb/v7e-m+dp/hard\libc_nano.a(lib_a-malloc.o) (_free_r)
d:/stm32cubeide/stm32cubeide_1.10.0/stm32cubeide/plugins/com.st.stm32cube.ide.mcu.externaltools.gnu-tools-for-stm32.10.3-2021.10.win32_1.0.0.202111181127/tools/bin/../lib/gcc/arm-none-eabi/10.3.1/../../../../arm-none-eabi/lib/thumb/v7e-m+dp/hard\libc_nano.a(lib_a-nano-mallocr.o)
                              d:/stm32cubeide/stm32cubeide_1.10.0/stm32cubeide/plugins/com.st.stm32cube.ide.mcu.externaltools.gnu-tools-for-stm32.10.3-2021.10.win32_1.0.0.202111181127/tools/bin/../lib/gcc/arm-none-eabi/10.3.1/../../../../arm-none-eabi/lib/thumb/v7e-m+dp/hard\libc_nano.a(lib_a-malloc.o) (_malloc_r)
d:/stm32cubeide/stm32cubeide_1.10.0/stm32cubeide/plugins/com.st.stm32cube.ide.mcu.externaltools.gnu-tools-for-stm32.10.3-2021.10.win32_1.0.0.202111181127/tools/bin/../lib/gcc/arm-none-eabi/10.3.1/../../../../arm-none-eabi/lib/thumb/v7e-m+dp/hard\libc_nano.a(lib_a-nano-vfprintf_float.o)
                              (_printf_float)
[...]
Memory Configuration

Name             Origin             Length             Attributes
ITCMRAM          0x0000000000000000 0x0000000000010000 xrw
FLASH            0x0000000008000000 0x0000000000200000 xr
DTCMRAM1         0x0000000020000000 0x0000000000010000 xrw
DTCMRAM2         0x0000000020010000 0x0000000000010000 xrw
RAM              0x0000000024000000 0x0000000000100000 xrw
RAM_CD           0x0000000030000000 0x0000000000020000 xrw
RAM_SRD          0x0000000038000000 0x0000000000008000 xrw
*default*        0x0000000000000000 0xffffffffffffffff

Linker script and memory map

LOAD d:/stm32cubeide/stm32cubeide_1.10.0/stm32cubeide/plugins/com.st.stm32cube.ide.mcu.externaltools.gnu-tools-for-stm32.10.3-2021.10.win32_1.0.0.202111181127/tools/bin/../lib/gcc/arm-none-eabi/10.3.1/thumb/v7e-m+dp/hard/crti.o
LOAD d:/stm32cubeide/stm32cubeide_1.10.0/stm32cubeide/plugins/com.st.stm32cube.ide.mcu.externaltools.gnu-tools-for-stm32.10.3-2021.10.win32_1.0.0.202111181127/tools/bin/../lib/gcc/arm-none-eabi/10.3.1/thumb/v7e-m+dp/hard/crtbegin.o
LOAD d:/stm32cubeide/stm32cubeide_1.10.0/stm32cubeide/plugins/com.st.stm32cube.ide.mcu.externaltools.gnu-tools-for-stm32.10.3-2021.10.win32_1.0.0.202111181127/tools/bin/../lib/gcc/arm-none-eabi/10.3.1/../../../../arm-none-eabi/lib/thumb/v7e-m+dp/hard/crt0.o
LOAD ./Core/Src/freertos.o
LOAD ./Core/Src/main.o
LOAD ./Core/Src/stm32h7xx_hal_msp.o
LOAD ./Core/Src/stm32h7xx_it.o
LOAD ./Core/Src/syscalls.o
LOAD ./Core/Src/sysmem.o
LOAD ./Core/Src/system_stm32h7xx.o
LOAD ./Core/Startup/startup_stm32h7a3zitxq.o
LOAD ./Drivers/STM32H7xx_HAL_Driver/Src/stm32h7xx_hal.o
LOAD ./Drivers/STM32H7xx_HAL_Driver/Src/stm32h7xx_hal_cortex.o
LOAD ./Drivers/STM32H7xx_HAL_Driver/Src/stm32h7xx_hal_dma.o
LOAD ./Drivers/STM32H7xx_HAL_Driver/Src/stm32h7xx_hal_dma_ex.o
LOAD ./Drivers/STM32H7xx_HAL_Driver/Src/stm32h7xx_hal_exti.o
LOAD ./Drivers/STM32H7xx_HAL_Driver/Src/stm32h7xx_hal_flash.o
LOAD ./Drivers/STM32H7xx_HAL_Driver/Src/stm32h7xx_hal_flash_ex.o
LOAD ./Drivers/STM32H7xx_HAL_Driver/Src/stm32h7xx_hal_gpio.o
LOAD ./Drivers/STM32H7xx_HAL_Driver/Src/stm32h7xx_hal_hsem.o
LOAD ./Drivers/STM32H7xx_HAL_Driver/Src/stm32h7xx_hal_i2c.o
LOAD ./Drivers/STM32H7xx_HAL_Driver/Src/stm32h7xx_hal_i2c_ex.o
LOAD ./Drivers/STM32H7xx_HAL_Driver/Src/stm32h7xx_hal_mdma.o
LOAD ./Drivers/STM32H7xx_HAL_Driver/Src/stm32h7xx_hal_pwr.o
LOAD ./Drivers/STM32H7xx_HAL_Driver/Src/stm32h7xx_hal_pwr_ex.o
LOAD ./Drivers/STM32H7xx_HAL_Driver/Src/stm32h7xx_hal_rcc.o
LOAD ./Drivers/STM32H7xx_HAL_Driver/Src/stm32h7xx_hal_rcc_ex.o
LOAD ./Drivers/STM32H7xx_HAL_Driver/Src/stm32h7xx_hal_tim.o
LOAD ./Drivers/STM32H7xx_HAL_Driver/Src/stm32h7xx_hal_tim_ex.o
LOAD ./Drivers/STM32H7xx_HAL_Driver/Src/stm32h7xx_hal_uart.o
LOAD ./Drivers/STM32H7xx_HAL_Driver/Src/stm32h7xx_hal_uart_ex.o
LOAD ./Middlewares/OpenNNA2.0/core/opennna_core.o
LOAD ./Middlewares/OpenNNA2.0/model/opennna_demo_example.o
LOAD ./Middlewares/OpenNNA2.0/operator/opennna_operator_avgpool.o
LOAD ./Middlewares/OpenNNA2.0/operator/opennna_operator_conv2d.o
LOAD ./Middlewares/OpenNNA2.0/operator/opennna_operator_dense.o
LOAD ./Middlewares/OpenNNA2.0/operator/opennna_operator_dwconv2d.o
LOAD ./Middlewares/OpenNNA2.0/operator/opennna_operator_example.o
LOAD ./Middlewares/OpenNNA2.0/operator/opennna_operator_leakyrelu.o
LOAD ./Middlewares/OpenNNA2.0/operator/opennna_operator_maxpool.o
LOAD ./Middlewares/OpenNNA2.0/operator/opennna_operator_padding.o
LOAD ./Middlewares/OpenNNA2.0/operator/opennna_operator_relu.o
LOAD ./Middlewares/OpenNNA2.0/operator/opennna_operator_relu6.o
LOAD ./Middlewares/OpenNNA2.0/operator/opennna_operator_softmax.o
LOAD ./Middlewares/OpenNNA2.0/operator/opennna_operator_tanh.o
LOAD ./Middlewares/Third_Party/FreeRTOS/Source/CMSIS_RTOS_V2/cmsis_os2.o
LOAD ./Middlewares/Third_Party/FreeRTOS/Source/croutine.o
LOAD ./Middlewares/Third_Party/FreeRTOS/Source/event_groups.o
LOAD ./Middlewares/Third_Party/FreeRTOS/Source/list.o
LOAD ./Middlewares/Third_Party/FreeRTOS/Source/queue.o
LOAD ./Middlewares/Third_Party/FreeRTOS/Source/stream_buffer.o
LOAD ./Middlewares/Third_Party/FreeRTOS/Source/tasks.o
LOAD ./Middlewares/Third_Party/FreeRTOS/Source/timers.o
LOAD ./Middlewares/Third_Party/FreeRTOS/Source/portable/GCC/ARM_CM4F/port.o
LOAD ./Middlewares/Third_Party/FreeRTOS/Source/portable/MemMang/heap_4.o
START GROUP
LOAD d:/stm32cubeide/stm32cubeide_1.10.0/stm32cubeide/plugins/com.st.stm32cube.ide.mcu.externaltools.gnu-tools-for-stm32.10.3-2021.10.win32_1.0.0.202111181127/tools/bin/../lib/gcc/arm-none-eabi/10.3.1/../../../../arm-none-eabi/lib/thumb/v7e-m+dp/hard\libc_nano.a
LOAD d:/stm32cubeide/stm32cubeide_1.10.0/stm32cubeide/plugins/com.st.stm32cube.ide.mcu.externaltools.gnu-tools-for-stm32.10.3-2021.10.win32_1.0.0.202111181127/tools/bin/../lib/gcc/arm-none-eabi/10.3.1/../../../../arm-none-eabi/lib/thumb/v7e-m+dp/hard\libm.a
END GROUP
START GROUP
LOAD d:/stm32cubeide/stm32cubeide_1.10.0/stm32cubeide/plugins/com.st.stm32cube.ide.mcu.externaltools.gnu-tools-for-stm32.10.3-2021.10.win32_1.0.0.202111181127/tools/bin/../lib/gcc/arm-none-eabi/10.3.1/thumb/v7e-m+dp/hard\libgcc.a
LOAD d:/stm32cubeide/stm32cubeide_1.10.0/stm32cubeide/plugins/com.st.stm32cube.ide.mcu.externaltools.gnu-tools-for-stm32.10.3-2021.10.win32_1.0.0.202111181127/tools/bin/../lib/gcc/arm-none-eabi/10.3.1/../../../../arm-none-eabi/lib/thumb/v7e-m+dp/hard\libc_nano.a
END GROUP
START GROUP
LOAD d:/stm32cubeide/stm32cubeide_1.10.0/stm32cubeide/plugins/com.st.stm32cube.ide.mcu.externaltools.gnu-tools-for-stm32.10.3-2021.10.win32_1.0.0.202111181127/tools/bin/../lib/gcc/arm-none-eabi/10.3.1/thumb/v7e-m+dp/hard\libgcc.a
LOAD d:/stm32cubeide/stm32cubeide_1.10.0/stm32cubeide/plugins/com.st.stm32cube.ide.mcu.externaltools.gnu-tools-for-stm32.10.3-2021.10.win32_1.0.0.202111181127/tools/bin/../lib/gcc/arm-none-eabi/10.3.1/../../../../arm-none-eabi/lib/thumb/v7e-m+dp/hard\libc_nano.a
LOAD d:/stm32cubeide/stm32cubeide_1.10.0/stm32cubeide/plugins/com.st.stm32cube.ide.mcu.externaltools.gnu-tools-for-stm32.10.3-2021.10.win32_1.0.0.202111181127/tools/bin/../lib/gcc/arm-none-eabi/10.3.1/../../../../arm-none-eabi/lib/thumb/v7e-m+dp/hard\libnosys.a
END GROUP
START GROUP
LOAD d:/stm32cubeide/stm32cubeide_1.10.0/stm32cubeide/plugins/com.st.stm32cube.ide.mcu.externaltools.gnu-tools-for-stm32.10.3-2021.10.win32_1.0.0.202111181127/tools/bin/../lib/gcc/arm-none-eabi/10.3.1/thumb/v7e-m+dp/hard\libgcc.a
LOAD d:/stm32cubeide/stm32cubeide_1.10.0/stm32cubeide/plugins/com.st.stm32cube.ide.mcu.externaltools.gnu-tools-for-stm32.10.3-2021.10.win32_1.0.0.202111181127/tools/bin/../lib/gcc/arm-none-eabi/10.3.1/../../../../arm-none-eabi/lib/thumb/v7e-m+dp/hard\libc_nano.a
LOAD d:/stm32cubeide/stm32cubeide_1.10.0/stm32cubeide/plugins/com.st.stm32cube.ide.mcu.externaltools.gnu-tools-for-stm32.10.3-2021.10.win32_1.0.0.202111181127/tools/bin/../lib/gcc/arm-none-eabi/10.3.1/../../../../arm-none-eabi/lib/thumb/v7e-m+dp/hard\libnosys.a
END GROUP
LOAD d:/stm32cubeide/stm32cubeide_1.10.0/stm32cubeide/plugins/com.st.stm32cube.ide.mcu.externaltools.gnu-tools-for-stm32.10.3-2021.10.win32_1.0.0.202111181127/tools/bin/../lib/gcc/arm-none-eabi/10.3.1/thumb/v7e-m+dp/hard/crtend.o
LOAD d:/stm32cubeide/stm32cubeide_1.10.0/stm32cubeide/plugins/com.st.stm32cube.ide.mcu.externaltools.gnu-tools-for-stm32.10.3-2021.10.win32_1.0.0.202111181127/tools/bin/../lib/gcc/arm-none-eabi/10.3.1/thumb/v7e-m+dp/hard/crtn.o
                0x0000000024100000                _estack = (ORIGIN (RAM) + LENGTH (RAM))
                0x0000000000000200                _Min_Heap_Size = 0x200
                0x0000000000000400                _Min_Stack_Size = 0x400

.isr_vector     0x0000000008000000      0x2ac
                0x0000000008000000                . = ALIGN (0x4)
 *(.isr_vector)
 .isr_vector    0x0000000008000000      0x2ac ./Core/Startup/startup_stm32h7a3zitxq.o
                0x0000000008000000                g_pfnVectors
                0x00000000080002ac                . = ALIGN (0x4)

.text           0x00000000080002b0     0x86e0
                0x00000000080002b0                . = ALIGN (0x4)
 *(.text)
 .text          0x00000000080002b0       0x40 d:/stm32cubeide/stm32cubeide_1.10.0/stm32cubeide/plugins/com.st.stm32cube.ide.mcu.externaltools.gnu-tools-for-stm32.10.3-2021.10.win32_1.0.0.202111181127/tools/bin/../lib/gcc/arm-none-eabi/10.3.1/thumb/v7e-m+dp/hard/crtbegin.o
 .text          0x00000000080002f0       0x14 d:/stm32cubeide/stm32cubeide_1.10.0/stm32cubeide/plugins/com.st.stm32cube.ide.mcu.externaltools.gnu-tools-for-stm32.10.3-2021.10.win32_1.0.0.202111181127/tools/bin/../lib/gcc/arm-none-eabi/10.3.1/../../../../arm-none-eabi/lib/thumb/v7e-m+dp/hard\libc_nano.a(lib_a-strcmp.o)
                0x00000000080002f0                strcmp
 .text          0x0000000008000304       0x10 d:/stm32cubeide/stm32cubeide_1.10.0/stm32cubeide/plugins/com.st.stm32cube.ide.mcu.externaltools.gnu-tools-for-stm32.10.3-2021.10.win32_1.0.0.202111181127/tools/bin/../lib/gcc/arm-none-eabi/10.3.1/../../../../arm-none-eabi/lib/thumb/v7e-m+dp/hard\libc_nano.a(lib_a-strlen.o)
                0x0000000008000304                strlen
 *fill*         0x0000000008000314        0xc 
 .text          0x0000000008000320       0xa0 d:/stm32cubeide/stm32cubeide_1.10.0/stm32cubeide/plugins/com.st.stm32cube.ide.mcu.externaltools.gnu-tools-for-stm32.10.3-2021.10.win32_1.0.0.202111181127/tools/bin/../lib/gcc/arm-none-eabi/10.3.1/../../../../arm-none-eabi/lib/thumb/v7e-m+dp/hard\libc_nano.a(lib_a-memchr.o)
                0x0000000008000320                memchr
 .text          0x00000000080003c0       0x30 d:/stm32cubeide/stm32cubeide_1.10.0/stm32cubeide/plugins/com.st.stm32cube.ide.mcu.externaltools.gnu-tools-for-stm32.10.3-2021.10.win32_1.0.0.202111181127/tools/bin/../lib/gcc/arm-none-eabi/10.3.1/thumb/v7e-m+dp/hard\libgcc.a(_aeabi_uldivmod.o)
                0x00000000080003c0                __aeabi_uldivmod
 .text          0x00000000080003f0      0x2d0 d:/stm32cubeide/stm32cubeide_1.10.0/stm32cubeide/plugins/com.st.stm32cube.ide.mcu.externaltools.gnu-tools-for-stm32.10.3-2021.10.win32_1.0.0.202111181127/tools/bin/../lib/gcc/arm-none-eabi/10.3.1/thumb/v7e-m+dp/hard\libgcc.a(_udivmoddi4.o)
                0x00000000080003f0                __udivmoddi4
 .text          0x00000000080006c0        0x4 d:/stm32cubeide/stm32cubeide_1.10.0/stm32cubeide/plugins/com.st.stm32cube.ide.mcu.externaltools.gnu-tools-for-stm32.10.3-2021.10.win32_1.0.0.202111181127/tools/bin/../lib/gcc/arm-none-eabi/10.3.1/thumb/v7e-m+dp/hard\libgcc.a(_dvmd_tls.o)
                0x00000000080006c0                __aeabi_idiv0
                0x00000000080006c0                __aeabi_ldiv0
 *(.text*)
 .text.StartDefaultTask
                0x00000000080006c4        0x8 ./Core/Src/main.o
                0x00000000080006c4                StartDefaultTask
 .text.SystemClock_Config
                0x00000000080006cc       0xb4 ./Core/Src/main.o
                0x00000000080006cc                SystemClock_Config
 .text.startup.main
                0x0000000008000780      0x238 ./Core/Src/main.o
                0x0000000008000780                main
 .text.Error_Handler
                0x00000000080009b8        0x4 ./Core/Src/main.o
                0x00000000080009b8                Error_Handler
 .text.HAL_MspInit
                0x00000000080009bc       0x30 ./Core/Src/stm32h7xx_hal_msp.o
                0x00000000080009bc                HAL_MspInit
 .text.HAL_UART_MspInit
                0x00000000080009ec       0x90 ./Core/Src/stm32h7xx_hal_msp.o
                0x00000000080009ec                HAL_UART_MspInit
 .text.NMI_Handler
                0x0000000008000a7c        0x2 ./Core/Src/stm32h7xx_it.o
                0x0000000008000a7c                NMI_Handler
 .text.HardFault_Handler
                0x0000000008000a7e        0x2 ./Core/Src/stm32h7xx_it.o
                0x0000000008000a7e                HardFault_Handler
 .text.MemManage_Handler
                0x0000000008000a80        0x2 ./Core/Src/stm32h7xx_it.o
                0x0000000008000a80                MemManage_Handler
 .text.BusFault_Handler
                0x0000000008000a82        0x2 ./Core/Src/stm32h7xx_it.o
                0x0000000008000a82                BusFault_Handler
 .text.UsageFault_Handler
                0x0000000008000a84        0x2 ./Core/Src/stm32h7xx_it.o
                0x0000000008000a84                UsageFault_Handler
 .text.DebugMon_Handler
                0x0000000008000a86        0x2 ./Core/Src/stm32h7xx_it.o
                0x0000000008000a86                DebugMon_Handler
 .text.SysTick_Handler
                0x0000000008000a88       0x18 ./Core/Src/stm32h7xx_it.o
                0x0000000008000a88                SysTick_Handler
 .text._getpid  0x0000000008000aa0        0x4 ./Core/Src/syscalls.o
                0x0000000008000aa0                _getpid
 .text._kill    0x0000000008000aa4       0x10 ./Core/Src/syscalls.o
                0x0000000008000aa4                _kill
 .text._exit    0x0000000008000ab4        0xc ./Core/Src/syscalls.o
                0x0000000008000ab4                _exit
 .text._read    0x0000000008000ac0       0x1c ./Core/Src/syscalls.o
                0x0000000008000ac0                _read
 .text._write   0x0000000008000adc       0x1c ./Core/Src/syscalls.o
                0x0000000008000adc                _write
 .text._close   0x0000000008000af8        0x6 ./Core/Src/syscalls.o
                0x0000000008000af8                _close
 .text._fstat   0x0000000008000afe        0xa ./Core/Src/syscalls.o
                0x0000000008000afe                _fstat
 .text._isatty  0x0000000008000b08        0x4 ./Core/Src/syscalls.o
                0x0000000008000b08                _isatty
 .text._lseek   0x0000000008000b0c        0x4 ./Core/Src/syscalls.o
                0x0000000008000b0c                _lseek
 .text._sbrk    0x0000000008000b10       0x40 ./Core/Src/sysmem.o
                0x0000000008000b10                _sbrk
 .text.SystemInit
                0x0000000008000b50       0xa4 ./Core/Src/system_stm32h7xx.o
                0x0000000008000b50                SystemInit
 .text.Reset_Handler
                0x0000000008000bf4       0x50 ./Core/Startup/startup_stm32h7a3zitxq.o
                0x0000000008000bf4                Reset_Handler
 .text.Default_Handler
                0x0000000008000c44        0x2 ./Core/Startup/startup_stm32h7a3zitxq.o
                0x0000000008000c44                RTC_Alarm_IRQHandler
                0x0000000008000c44                EXTI2_IRQHandler
                0x0000000008000c44                TIM8_CC_IRQHandler
                0x0000000008000c44                UART8_IRQHandler
                0x0000000008000c44                BDMA2_Channel1_IRQHandler
                0x0000000008000c44                SPI4_IRQHandler
                0x0000000008000c44                BDMA2_Channel0_IRQHandler
                0x0000000008000c44                TIM1_CC_IRQHandler
                0x0000000008000c44                DMA2_Stream5_IRQHandler
                0x0000000008000c44                JPEG_IRQHandler
                0x0000000008000c44                DMA1_Stream5_IRQHandler
                0x0000000008000c44                EXTI3_IRQHandler
                0x0000000008000c44                LPTIM4_IRQHandler
                0x0000000008000c44                TIM8_TRG_COM_TIM14_IRQHandler
                0x0000000008000c44                LPTIM2_IRQHandler
                0x0000000008000c44                DFSDM1_FLT1_IRQHandler
                0x0000000008000c44                DMAMUX2_OVR_IRQHandler
                0x0000000008000c44                GFXMMU_IRQHandler
                0x0000000008000c44                TIM8_UP_TIM13_IRQHandler
                0x0000000008000c44                I2C3_ER_IRQHandler
                0x0000000008000c44                DFSDM1_FLT2_IRQHandler
                0x0000000008000c44                USART10_IRQHandler
                0x0000000008000c44                MDMA_IRQHandler
                0x0000000008000c44                LPTIM3_IRQHandler
                0x0000000008000c44                BDMA2_Channel3_IRQHandler
                0x0000000008000c44                HSEM1_IRQHandler
                0x0000000008000c44                EXTI0_IRQHandler
                0x0000000008000c44                I2C2_EV_IRQHandler
                0x0000000008000c44                DAC2_IRQHandler
                0x0000000008000c44                DMA1_Stream2_IRQHandler
                0x0000000008000c44                FPU_IRQHandler
                0x0000000008000c44                OTG_HS_WKUP_IRQHandler
                0x0000000008000c44                FDCAN1_IT1_IRQHandler
                0x0000000008000c44                LTDC_ER_IRQHandler
                0x0000000008000c44                DMA2_Stream2_IRQHandler
                0x0000000008000c44                SPI1_IRQHandler
                0x0000000008000c44                OCTOSPI1_IRQHandler
                0x0000000008000c44                TIM6_DAC_IRQHandler
                0x0000000008000c44                BDMA2_Channel6_IRQHandler
                0x0000000008000c44                DMA2_Stream3_IRQHandler
                0x0000000008000c44                OCTOSPI2_IRQHandler
                0x0000000008000c44                SAI2_IRQHandler
                0x0000000008000c44                BDMA1_IRQHandler
                0x0000000008000c44                DFSDM1_FLT3_IRQHandler
                0x0000000008000c44                USART6_IRQHandler
                0x0000000008000c44                TIM17_IRQHandler
                0x0000000008000c44                USART3_IRQHandler
                0x0000000008000c44                LPTIM5_IRQHandler
                0x0000000008000c44                UART5_IRQHandler
                0x0000000008000c44                DMA2_Stream0_IRQHandler
                0x0000000008000c44                TIM4_IRQHandler
                0x0000000008000c44                I2C1_EV_IRQHandler
                0x0000000008000c44                DMA1_Stream6_IRQHandler
                0x0000000008000c44                DMAMUX1_OVR_IRQHandler
                0x0000000008000c44                DMA1_Stream1_IRQHandler
                0x0000000008000c44                TIM16_IRQHandler
                0x0000000008000c44                UART4_IRQHandler
                0x0000000008000c44                TIM3_IRQHandler
                0x0000000008000c44                RCC_IRQHandler
                0x0000000008000c44                UART9_IRQHandler
                0x0000000008000c44                TIM8_BRK_TIM12_IRQHandler
                0x0000000008000c44                TIM1_TRG_COM_IRQHandler
                0x0000000008000c44                Default_Handler
                0x0000000008000c44                ECC_IRQHandler
                0x0000000008000c44                BDMA2_Channel2_IRQHandler
                0x0000000008000c44                CEC_IRQHandler
                0x0000000008000c44                EXTI15_10_IRQHandler
                0x0000000008000c44                DFSDM1_FLT4_IRQHandler
                0x0000000008000c44                ADC_IRQHandler
                0x0000000008000c44                DMA1_Stream7_IRQHandler
                0x0000000008000c44                SPI5_IRQHandler
                0x0000000008000c44                TIM7_IRQHandler
                0x0000000008000c44                SDMMC1_IRQHandler
                0x0000000008000c44                TIM5_IRQHandler
                0x0000000008000c44                DMA2_Stream7_IRQHandler
                0x0000000008000c44                TIM15_IRQHandler
                0x0000000008000c44                I2C3_EV_IRQHandler
                0x0000000008000c44                DFSDM2_IRQHandler
                0x0000000008000c44                EXTI9_5_IRQHandler
                0x0000000008000c44                RTC_WKUP_IRQHandler
                0x0000000008000c44                LTDC_IRQHandler
                0x0000000008000c44                SPDIF_RX_IRQHandler
                0x0000000008000c44                PVD_PVM_IRQHandler
                0x0000000008000c44                SPI2_IRQHandler
                0x0000000008000c44                OTG_HS_EP1_IN_IRQHandler
                0x0000000008000c44                DFSDM1_FLT5_IRQHandler
                0x0000000008000c44                DMA1_Stream0_IRQHandler
                0x0000000008000c44                CRS_IRQHandler
                0x0000000008000c44                EXTI4_IRQHandler
                0x0000000008000c44                DFSDM1_FLT6_IRQHandler
                0x0000000008000c44                RNG_IRQHandler
                0x0000000008000c44                FDCAN2_IT1_IRQHandler
                0x0000000008000c44                COMP_IRQHandler
                0x0000000008000c44                TIM1_UP_IRQHandler
                0x0000000008000c44                OTG_HS_EP1_OUT_IRQHandler
                0x0000000008000c44                WWDG_IRQHandler
                0x0000000008000c44                SPI6_IRQHandler
                0x0000000008000c44                MDIOS_IRQHandler
                0x0000000008000c44                I2C4_EV_IRQHandler
                0x0000000008000c44                FDCAN2_IT0_IRQHandler
                0x0000000008000c44                LPUART1_IRQHandler
                0x0000000008000c44                FDCAN1_IT0_IRQHandler
                0x0000000008000c44                TIM2_IRQHandler
                0x0000000008000c44                BDMA2_Channel5_IRQHandler
                0x0000000008000c44                OTG_HS_IRQHandler
                0x0000000008000c44                DMA2D_IRQHandler
                0x0000000008000c44                TIM1_BRK_IRQHandler
                0x0000000008000c44                EXTI1_IRQHandler
                0x0000000008000c44                SDMMC2_IRQHandler
                0x0000000008000c44                DTS_IRQHandler
                0x0000000008000c44                UART7_IRQHandler
                0x0000000008000c44                MDIOS_WKUP_IRQHandler
                0x0000000008000c44                USART2_IRQHandler
                0x0000000008000c44                DFSDM1_FLT0_IRQHandler
                0x0000000008000c44                I2C2_ER_IRQHandler
                0x0000000008000c44                DMA2_Stream1_IRQHandler
                0x0000000008000c44                DFSDM1_FLT7_IRQHandler
                0x0000000008000c44                FLASH_IRQHandler
                0x0000000008000c44                DMA2_Stream4_IRQHandler
                0x0000000008000c44                USART1_IRQHandler
                0x0000000008000c44                SPI3_IRQHandler
                0x0000000008000c44                WAKEUP_PIN_IRQHandler
                0x0000000008000c44                DMA1_Stream4_IRQHandler
                0x0000000008000c44                I2C1_ER_IRQHandler
                0x0000000008000c44                FMC_IRQHandler
                0x0000000008000c44                BDMA2_Channel7_IRQHandler
                0x0000000008000c44                FDCAN_CAL_IRQHandler
                0x0000000008000c44                SWPMI1_IRQHandler
                0x0000000008000c44                LPTIM1_IRQHandler
                0x0000000008000c44                DCMI_PSSI_IRQHandler
                0x0000000008000c44                I2C4_ER_IRQHandler
                0x0000000008000c44                DMA2_Stream6_IRQHandler
                0x0000000008000c44                SAI1_IRQHandler
                0x0000000008000c44                DMA1_Stream3_IRQHandler
                0x0000000008000c44                RTC_TAMP_STAMP_CSS_LSE_IRQHandler
                0x0000000008000c44                BDMA2_Channel4_IRQHandler
 *fill*         0x0000000008000c46        0x2 
 .text.HAL_InitTick
                0x0000000008000c48       0x4c ./Drivers/STM32H7xx_HAL_Driver/Src/stm32h7xx_hal.o
                0x0000000008000c48                HAL_InitTick
 .text.HAL_Init
                0x0000000008000c94       0x5c ./Drivers/STM32H7xx_HAL_Driver/Src/stm32h7xx_hal.o
                0x0000000008000c94                HAL_Init
 .text.HAL_IncTick
                0x0000000008000cf0       0x18 ./Drivers/STM32H7xx_HAL_Driver/Src/stm32h7xx_hal.o
                0x0000000008000cf0                HAL_IncTick
 .text.HAL_GetTick
                0x0000000008000d08        0xc ./Drivers/STM32H7xx_HAL_Driver/Src/stm32h7xx_hal.o
                0x0000000008000d08                HAL_GetTick
 .text.HAL_NVIC_SetPriorityGrouping
                0x0000000008000d14       0x24 ./Drivers/STM32H7xx_HAL_Driver/Src/stm32h7xx_hal_cortex.o
                0x0000000008000d14                HAL_NVIC_SetPriorityGrouping
 .text.HAL_NVIC_SetPriority
                0x0000000008000d38       0x64 ./Drivers/STM32H7xx_HAL_Driver/Src/stm32h7xx_hal_cortex.o
                0x0000000008000d38                HAL_NVIC_SetPriority
 .text.HAL_SYSTICK_Config
                0x0000000008000d9c       0x28 ./Drivers/STM32H7xx_HAL_Driver/Src/stm32h7xx_hal_cortex.o
                0x0000000008000d9c                HAL_SYSTICK_Config
 .text.HAL_GPIO_Init
                0x0000000008000dc4      0x1d8 ./Drivers/STM32H7xx_HAL_Driver/Src/stm32h7xx_hal_gpio.o
                0x0000000008000dc4                HAL_GPIO_Init
 .text.HAL_GPIO_WritePin
                0x0000000008000f9c        0xa ./Drivers/STM32H7xx_HAL_Driver/Src/stm32h7xx_hal_gpio.o
                0x0000000008000f9c                HAL_GPIO_WritePin
 *fill*         0x0000000008000fa6        0x2 
 .text.HAL_PWREx_ConfigSupply
                0x0000000008000fa8       0x78 ./Drivers/STM32H7xx_HAL_Driver/Src/stm32h7xx_hal_pwr_ex.o
                0x0000000008000fa8                HAL_PWREx_ConfigSupply
 .text.HAL_RCC_OscConfig
                0x0000000008001020      0x518 ./Drivers/STM32H7xx_HAL_Driver/Src/stm32h7xx_hal_rcc.o
                0x0000000008001020                HAL_RCC_OscConfig
 .text.HAL_RCC_GetSysClockFreq
                0x0000000008001538      0x140 ./Drivers/STM32H7xx_HAL_Driver/Src/stm32h7xx_hal_rcc.o
                0x0000000008001538                HAL_RCC_GetSysClockFreq
 .text.HAL_RCC_ClockConfig
                0x0000000008001678      0x24c ./Drivers/STM32H7xx_HAL_Driver/Src/stm32h7xx_hal_rcc.o
                0x0000000008001678                HAL_RCC_ClockConfig
 .text.HAL_RCC_GetHCLKFreq
                0x00000000080018c4       0x44 ./Drivers/STM32H7xx_HAL_Driver/Src/stm32h7xx_hal_rcc.o
                0x00000000080018c4                HAL_RCC_GetHCLKFreq
 .text.HAL_RCC_GetPCLK1Freq
                0x0000000008001908       0x24 ./Drivers/STM32H7xx_HAL_Driver/Src/stm32h7xx_hal_rcc.o
                0x0000000008001908                HAL_RCC_GetPCLK1Freq
 .text.HAL_RCC_GetPCLK2Freq
                0x000000000800192c       0x24 ./Drivers/STM32H7xx_HAL_Driver/Src/stm32h7xx_hal_rcc.o
                0x000000000800192c                HAL_RCC_GetPCLK2Freq
 .text.RCCEx_PLL2_Config
                0x0000000008001950       0xf0 ./Drivers/STM32H7xx_HAL_Driver/Src/stm32h7xx_hal_rcc_ex.o
 .text.RCCEx_PLL3_Config
                0x0000000008001a40       0xf0 ./Drivers/STM32H7xx_HAL_Driver/Src/stm32h7xx_hal_rcc_ex.o
 .text.HAL_RCCEx_PeriphCLKConfig
                0x0000000008001b30      0x908 ./Drivers/STM32H7xx_HAL_Driver/Src/stm32h7xx_hal_rcc_ex.o
                0x0000000008001b30                HAL_RCCEx_PeriphCLKConfig
 .text.HAL_RCCEx_GetD3PCLK1Freq
                0x0000000008002438       0x24 ./Drivers/STM32H7xx_HAL_Driver/Src/stm32h7xx_hal_rcc_ex.o
                0x0000000008002438                HAL_RCCEx_GetD3PCLK1Freq
 .text.HAL_RCCEx_GetPLL2ClockFreq
                0x000000000800245c      0x150 ./Drivers/STM32H7xx_HAL_Driver/Src/stm32h7xx_hal_rcc_ex.o
                0x000000000800245c                HAL_RCCEx_GetPLL2ClockFreq
 .text.HAL_RCCEx_GetPLL3ClockFreq
                0x00000000080025ac      0x150 ./Drivers/STM32H7xx_HAL_Driver/Src/stm32h7xx_hal_rcc_ex.o
                0x00000000080025ac                HAL_RCCEx_GetPLL3ClockFreq
 .text.UART_SetConfig
                0x00000000080026fc      0x3d0 ./Drivers/STM32H7xx_HAL_Driver/Src/stm32h7xx_hal_uart.o
                0x00000000080026fc                UART_SetConfig
 .text.UART_AdvFeatureConfig
                0x0000000008002acc       0xaa ./Drivers/STM32H7xx_HAL_Driver/Src/stm32h7xx_hal_uart.o
                0x0000000008002acc                UART_AdvFeatureConfig
 .text.UART_WaitOnFlagUntilTimeout
                0x0000000008002b76       0xc4 ./Drivers/STM32H7xx_HAL_Driver/Src/stm32h7xx_hal_uart.o
                0x0000000008002b76                UART_WaitOnFlagUntilTimeout
 .text.UART_CheckIdleState
                0x0000000008002c3a       0x6a ./Drivers/STM32H7xx_HAL_Driver/Src/stm32h7xx_hal_uart.o
                0x0000000008002c3a                UART_CheckIdleState
 .text.HAL_UART_Init
                0x0000000008002ca4       0x60 ./Drivers/STM32H7xx_HAL_Driver/Src/stm32h7xx_hal_uart.o
                0x0000000008002ca4                HAL_UART_Init
 .text.UARTEx_SetNbDataToProcess
                0x0000000008002d04       0x44 ./Drivers/STM32H7xx_HAL_Driver/Src/stm32h7xx_hal_uart_ex.o
 .text.HAL_UARTEx_DisableFifoMode
                0x0000000008002d48       0x36 ./Drivers/STM32H7xx_HAL_Driver/Src/stm32h7xx_hal_uart_ex.o
                0x0000000008002d48                HAL_UARTEx_DisableFifoMode
 .text.HAL_UARTEx_SetTxFifoThreshold
                0x0000000008002d7e       0x48 ./Drivers/STM32H7xx_HAL_Driver/Src/stm32h7xx_hal_uart_ex.o
                0x0000000008002d7e                HAL_UARTEx_SetTxFifoThreshold
 .text.HAL_UARTEx_SetRxFifoThreshold
                0x0000000008002dc6       0x48 ./Drivers/STM32H7xx_HAL_Driver/Src/stm32h7xx_hal_uart_ex.o
                0x0000000008002dc6                HAL_UARTEx_SetRxFifoThreshold
 *fill*         0x0000000008002e0e        0x2 
 .text.OpenNNA_Printf
                0x0000000008002e10       0x3c ./Middlewares/OpenNNA2.0/core/opennna_core.o
                0x0000000008002e10                OpenNNA_Printf
 .text.OpenNNA_Malloc
                0x0000000008002e4c       0x10 ./Middlewares/OpenNNA2.0/core/opennna_core.o
                0x0000000008002e4c                OpenNNA_Malloc
 .text.OpenNNA_CreateNetwork
                0x0000000008002e5c       0x38 ./Middlewares/OpenNNA2.0/core/opennna_core.o
                0x0000000008002e5c                OpenNNA_CreateNetwork
 .text.OpenNNA_Add_Layer
                0x0000000008002e94       0xa4 ./Middlewares/OpenNNA2.0/core/opennna_core.o
                0x0000000008002e94                OpenNNA_Add_Layer
 .text.OpenNNA_Init
                0x0000000008002f38       0x54 ./Middlewares/OpenNNA2.0/core/opennna_core.o
                0x0000000008002f38                OpenNNA_Init
 .text.OpenNNA_Print_Network
                0x0000000008002f8c      0x158 ./Middlewares/OpenNNA2.0/core/opennna_core.o
                0x0000000008002f8c                OpenNNA_Print_Network
 .text.OpenNNA_Predict
                0x00000000080030e4       0xac ./Middlewares/OpenNNA2.0/core/opennna_core.o
                0x00000000080030e4                OpenNNA_Predict
 .text.OpenNNA_Free_FmapHeap
                0x0000000008003190       0x28 ./Middlewares/OpenNNA2.0/core/opennna_core.o
                0x0000000008003190                OpenNNA_Free_FmapHeap
 .text.OpenNNA_Free_Network
                0x00000000080031b8       0x50 ./Middlewares/OpenNNA2.0/core/opennna_core.o
                0x00000000080031b8                OpenNNA_Free_Network
 .text.OpenNNA_Demo_Example
                0x0000000008003208      0x354 ./Middlewares/OpenNNA2.0/model/opennna_demo_example.o
                0x0000000008003208                OpenNNA_Demo_Example
 .text.OpenNNA_Operator_AvgPool
                0x000000000800355c      0x114 ./Middlewares/OpenNNA2.0/operator/opennna_operator_avgpool.o
                0x000000000800355c                OpenNNA_Operator_AvgPool
 .text.OpenNNA_Operator_Conv2d
                0x0000000008003670      0x172 ./Middlewares/OpenNNA2.0/operator/opennna_operator_conv2d.o
                0x0000000008003670                OpenNNA_Operator_Conv2d
 .text.OpenNNA_Operator_Dense
                0x00000000080037e2       0x64 ./Middlewares/OpenNNA2.0/operator/opennna_operator_dense.o
                0x00000000080037e2                OpenNNA_Operator_Dense
 .text.OpenNNA_Operator_DWConv2d
                0x0000000008003846      0x16e ./Middlewares/OpenNNA2.0/operator/opennna_operator_dwconv2d.o
                0x0000000008003846                OpenNNA_Operator_DWConv2d
 .text.OpenNNA_Operator_Example
                0x00000000080039b4       0xa6 ./Middlewares/OpenNNA2.0/operator/opennna_operator_example.o
                0x00000000080039b4                OpenNNA_Operator_Example
 *fill*         0x0000000008003a5a        0x6 
 .text.OpenNNA_Operator_LeakyReLU
                0x0000000008003a60       0x78 ./Middlewares/OpenNNA2.0/operator/opennna_operator_leakyrelu.o
                0x0000000008003a60                OpenNNA_Operator_LeakyReLU
 .text.OpenNNA_Operator_MaxPool
                0x0000000008003ad8      0x108 ./Middlewares/OpenNNA2.0/operator/opennna_operator_maxpool.o
                0x0000000008003ad8                OpenNNA_Operator_MaxPool
 .text.OpenNNA_Operator_Padding
                0x0000000008003be0       0xe8 ./Middlewares/OpenNNA2.0/operator/opennna_operator_padding.o
                0x0000000008003be0                OpenNNA_Operator_Padding
 .text.OpenNNA_Operator_ReLU
                0x0000000008003cc8       0x68 ./Middlewares/OpenNNA2.0/operator/opennna_operator_relu.o
                0x0000000008003cc8                OpenNNA_Operator_ReLU
 .text.OpenNNA_Operator_ReLU6
                0x0000000008003d30       0x6c ./Middlewares/OpenNNA2.0/operator/opennna_operator_relu6.o
                0x0000000008003d30                OpenNNA_Operator_ReLU6
 .text.OpenNNA_Operator_Softmax
                0x0000000008003d9c       0xe4 ./Middlewares/OpenNNA2.0/operator/opennna_operator_softmax.o
                0x0000000008003d9c                OpenNNA_Operator_Softmax
 .text.OpenNNA_Operator_tanh
                0x0000000008003e80       0xd0 ./Middlewares/OpenNNA2.0/operator/opennna_operator_tanh.o
                0x0000000008003e80                OpenNNA_Operator_tanh
 .text.osKernelInitialize
                0x0000000008003f50       0x24 ./Middlewares/Third_Party/FreeRTOS/Source/CMSIS_RTOS_V2/cmsis_os2.o
                0x0000000008003f50                osKernelInitialize
 .text.osKernelStart
                0x0000000008003f74       0x34 ./Middlewares/Third_Party/FreeRTOS/Source/CMSIS_RTOS_V2/cmsis_os2.o
                0x0000000008003f74                osKernelStart
 .text.osThreadNew
                0x0000000008003fa8       0x92 ./Middlewares/Third_Party/FreeRTOS/Source/CMSIS_RTOS_V2/cmsis_os2.o
                0x0000000008003fa8                osThreadNew
 *fill*         0x000000000800403a        0x2 
 .text.vApplicationGetIdleTaskMemory
                0x000000000800403c       0x18 ./Middlewares/Third_Party/FreeRTOS/Source/CMSIS_RTOS_V2/cmsis_os2.o
                0x000000000800403c                vApplicationGetIdleTaskMemory
 .text.vApplicationGetTimerTaskMemory
                0x0000000008004054       0x18 ./Middlewares/Third_Party/FreeRTOS/Source/CMSIS_RTOS_V2/cmsis_os2.o
                0x0000000008004054                vApplicationGetTimerTaskMemory
 .text.vListInitialise
                0x000000000800406c       0x16 ./Middlewares/Third_Party/FreeRTOS/Source/list.o
                0x000000000800406c                vListInitialise
 .text.vListInitialiseItem
                0x0000000008004082        0x6 ./Middlewares/Third_Party/FreeRTOS/Source/list.o
                0x0000000008004082                vListInitialiseItem
 .text.vListInsertEnd
                0x0000000008004088       0x18 ./Middlewares/Third_Party/FreeRTOS/Source/list.o
                0x0000000008004088                vListInsertEnd
 .text.vListInsert
                0x00000000080040a0       0x2e ./Middlewares/Third_Party/FreeRTOS/Source/list.o
                0x00000000080040a0                vListInsert
 .text.uxListRemove
                0x00000000080040ce       0x20 ./Middlewares/Third_Party/FreeRTOS/Source/list.o
                0x00000000080040ce                uxListRemove
 .text.prvIsQueueEmpty
                0x00000000080040ee       0x16 ./Middlewares/Third_Party/FreeRTOS/Source/queue.o
 .text.prvCopyDataToQueue
                0x0000000008004104       0x6a ./Middlewares/Third_Party/FreeRTOS/Source/queue.o
 .text.prvCopyDataFromQueue
                0x000000000800416e       0x2a ./Middlewares/Third_Party/FreeRTOS/Source/queue.o
 .text.prvUnlockQueue
                0x0000000008004198       0x70 ./Middlewares/Third_Party/FreeRTOS/Source/queue.o
 .text.xQueueGenericReset
                0x0000000008004208       0x7e ./Middlewares/Third_Party/FreeRTOS/Source/queue.o
                0x0000000008004208                xQueueGenericReset
 .text.xQueueGenericCreateStatic
                0x0000000008004286       0x9c ./Middlewares/Third_Party/FreeRTOS/Source/queue.o
                0x0000000008004286                xQueueGenericCreateStatic
 .text.xQueueGenericSend
                0x0000000008004322      0x166 ./Middlewares/Third_Party/FreeRTOS/Source/queue.o
                0x0000000008004322                xQueueGenericSend
 .text.xQueueGenericSendFromISR
                0x0000000008004488       0xc4 ./Middlewares/Third_Party/FreeRTOS/Source/queue.o
                0x0000000008004488                xQueueGenericSendFromISR
 .text.xQueueReceive
                0x000000000800454c      0x13e ./Middlewares/Third_Party/FreeRTOS/Source/queue.o
                0x000000000800454c                xQueueReceive
 *fill*         0x000000000800468a        0x2 
 .text.vQueueAddToRegistry
                0x000000000800468c       0x24 ./Middlewares/Third_Party/FreeRTOS/Source/queue.o
                0x000000000800468c                vQueueAddToRegistry
 .text.vQueueWaitForMessageRestricted
                0x00000000080046b0       0x46 ./Middlewares/Third_Party/FreeRTOS/Source/queue.o
                0x00000000080046b0                vQueueWaitForMessageRestricted
 *fill*         0x00000000080046f6        0x2 
 .text.prvAddNewTaskToReadyList
                0x00000000080046f8       0xfc ./Middlewares/Third_Party/FreeRTOS/Source/tasks.o
 .text.prvAddCurrentTaskToDelayedList
                0x00000000080047f4       0x70 ./Middlewares/Third_Party/FreeRTOS/Source/tasks.o
 .text.prvResetNextTaskUnblockTime
                0x0000000008004864       0x24 ./Middlewares/Third_Party/FreeRTOS/Source/tasks.o
 .text.prvDeleteTCB
                0x0000000008004888       0x36 ./Middlewares/Third_Party/FreeRTOS/Source/tasks.o
 *fill*         0x00000000080048be        0x2 
 .text.prvIdleTask
                0x00000000080048c0       0x60 ./Middlewares/Third_Party/FreeRTOS/Source/tasks.o
 .text.prvInitialiseNewTask.constprop.0
                0x0000000008004920       0x9a ./Middlewares/Third_Party/FreeRTOS/Source/tasks.o
 .text.xTaskCreateStatic
                0x00000000080049ba       0x70 ./Middlewares/Third_Party/FreeRTOS/Source/tasks.o
                0x00000000080049ba                xTaskCreateStatic
 .text.xTaskCreate
                0x0000000008004a2a       0x5a ./Middlewares/Third_Party/FreeRTOS/Source/tasks.o
                0x0000000008004a2a                xTaskCreate
 .text.vTaskStartScheduler
                0x0000000008004a84       0x8c ./Middlewares/Third_Party/FreeRTOS/Source/tasks.o
                0x0000000008004a84                vTaskStartScheduler
 .text.vTaskSuspendAll
                0x0000000008004b10       0x10 ./Middlewares/Third_Party/FreeRTOS/Source/tasks.o
                0x0000000008004b10                vTaskSuspendAll
 .text.xTaskGetTickCount
                0x0000000008004b20        0xc ./Middlewares/Third_Party/FreeRTOS/Source/tasks.o
                0x0000000008004b20                xTaskGetTickCount
 .text.xTaskIncrementTick
                0x0000000008004b2c      0x12c ./Middlewares/Third_Party/FreeRTOS/Source/tasks.o
                0x0000000008004b2c                xTaskIncrementTick
 .text.xTaskResumeAll
                0x0000000008004c58       0xe8 ./Middlewares/Third_Party/FreeRTOS/Source/tasks.o
                0x0000000008004c58                xTaskResumeAll
 .text.vTaskSwitchContext
                0x0000000008004d40       0x74 ./Middlewares/Third_Party/FreeRTOS/Source/tasks.o
                0x0000000008004d40                vTaskSwitchContext
 .text.vTaskPlaceOnEventList
                0x0000000008004db4       0x34 ./Middlewares/Third_Party/FreeRTOS/Source/tasks.o
                0x0000000008004db4                vTaskPlaceOnEventList
 .text.vTaskPlaceOnEventListRestricted
                0x0000000008004de8       0x3c ./Middlewares/Third_Party/FreeRTOS/Source/tasks.o
                0x0000000008004de8                vTaskPlaceOnEventListRestricted
 .text.xTaskRemoveFromEventList
                0x0000000008004e24       0x88 ./Middlewares/Third_Party/FreeRTOS/Source/tasks.o
                0x0000000008004e24                xTaskRemoveFromEventList
 .text.vTaskInternalSetTimeOutState
                0x0000000008004eac       0x18 ./Middlewares/Third_Party/FreeRTOS/Source/tasks.o
                0x0000000008004eac                vTaskInternalSetTimeOutState
 .text.xTaskCheckForTimeOut
                0x0000000008004ec4       0x78 ./Middlewares/Third_Party/FreeRTOS/Source/tasks.o
                0x0000000008004ec4                xTaskCheckForTimeOut
 .text.vTaskMissedYield
                0x0000000008004f3c        0xc ./Middlewares/Third_Party/FreeRTOS/Source/tasks.o
                0x0000000008004f3c                vTaskMissedYield
 .text.xTaskGetSchedulerState
                0x0000000008004f48       0x20 ./Middlewares/Third_Party/FreeRTOS/Source/tasks.o
                0x0000000008004f48                xTaskGetSchedulerState
 .text.xTaskPriorityDisinherit
                0x0000000008004f68       0x88 ./Middlewares/Third_Party/FreeRTOS/Source/tasks.o
                0x0000000008004f68                xTaskPriorityDisinherit
 .text.prvCheckForValidListAndQueue
                0x0000000008004ff0       0x68 ./Middlewares/Third_Party/FreeRTOS/Source/timers.o
 .text.prvInsertTimerInActiveList
                0x0000000008005058       0x3c ./Middlewares/Third_Party/FreeRTOS/Source/timers.o
 .text.xTimerCreateTimerTask
                0x0000000008005094       0x64 ./Middlewares/Third_Party/FreeRTOS/Source/timers.o
                0x0000000008005094                xTimerCreateTimerTask
 .text.xTimerGenericCommand
                0x00000000080050f8       0x54 ./Middlewares/Third_Party/FreeRTOS/Source/timers.o
                0x00000000080050f8                xTimerGenericCommand
 .text.prvSampleTimeNow
                0x000000000800514c       0xac ./Middlewares/Third_Party/FreeRTOS/Source/timers.o
 .text.prvTimerTask
                0x00000000080051f8      0x1cc ./Middlewares/Third_Party/FreeRTOS/Source/timers.o
 .text.prvPortStartFirstTask
                0x00000000080053c4       0x28 ./Middlewares/Third_Party/FreeRTOS/Source/portable/GCC/ARM_CM4F/port.o
 .text.vPortEnableVFP
                0x00000000080053ec       0x14 ./Middlewares/Third_Party/FreeRTOS/Source/portable/GCC/ARM_CM4F/port.o
 .text.prvTaskExitError
                0x0000000008005400       0x40 ./Middlewares/Third_Party/FreeRTOS/Source/portable/GCC/ARM_CM4F/port.o
 .text.pxPortInitialiseStack
                0x0000000008005440       0x24 ./Middlewares/Third_Party/FreeRTOS/Source/portable/GCC/ARM_CM4F/port.o
                0x0000000008005440                pxPortInitialiseStack
 *fill*         0x0000000008005464        0xc 
 .text.SVC_Handler
                0x0000000008005470       0x24 ./Middlewares/Third_Party/FreeRTOS/Source/portable/GCC/ARM_CM4F/port.o
                0x0000000008005470                SVC_Handler
 .text.vPortEnterCritical
                0x0000000008005494       0x40 ./Middlewares/Third_Party/FreeRTOS/Source/portable/GCC/ARM_CM4F/port.o
                0x0000000008005494                vPortEnterCritical
 .text.vPortExitCritical
                0x00000000080054d4       0x28 ./Middlewares/Third_Party/FreeRTOS/Source/portable/GCC/ARM_CM4F/port.o
                0x00000000080054d4                vPortExitCritical
 *fill*         0x00000000080054fc        0x4 
 .text.PendSV_Handler
                0x0000000008005500       0x64 ./Middlewares/Third_Party/FreeRTOS/Source/portable/GCC/ARM_CM4F/port.o
                0x0000000008005500                PendSV_Handler
 .text.xPortSysTickHandler
                0x0000000008005564       0x2c ./Middlewares/Third_Party/FreeRTOS/Source/portable/GCC/ARM_CM4F/port.o
                0x0000000008005564                xPortSysTickHandler
 .text.vPortSetupTimerInterrupt
                0x0000000008005590       0x24 ./Middlewares/Third_Party/FreeRTOS/Source/portable/GCC/ARM_CM4F/port.o
                0x0000000008005590                vPortSetupTimerInterrupt
 .text.xPortStartScheduler
                0x00000000080055b4      0x10c ./Middlewares/Third_Party/FreeRTOS/Source/portable/GCC/ARM_CM4F/port.o
                0x00000000080055b4                xPortStartScheduler
 .text.vPortValidateInterruptPriority
                0x00000000080056c0       0x5c ./Middlewares/Third_Party/FreeRTOS/Source/portable/GCC/ARM_CM4F/port.o
                0x00000000080056c0                vPortValidateInterruptPriority
 .text.prvInsertBlockIntoFreeList
                0x000000000800571c       0x48 ./Middlewares/Third_Party/FreeRTOS/Source/portable/MemMang/heap_4.o
 .text.pvPortMalloc
                0x0000000008005764      0x130 ./Middlewares/Third_Party/FreeRTOS/Source/portable/MemMang/heap_4.o
                0x0000000008005764                pvPortMalloc
 .text.vPortFree
                0x0000000008005894       0x7c ./Middlewares/Third_Party/FreeRTOS/Source/portable/MemMang/heap_4.o
                0x0000000008005894                vPortFree
 .text.__errno  0x0000000008005910        0xc d:/stm32cubeide/stm32cubeide_1.10.0/stm32cubeide/plugins/com.st.stm32cube.ide.mcu.externaltools.gnu-tools-for-stm32.10.3-2021.10.win32_1.0.0.202111181127/tools/bin/../lib/gcc/arm-none-eabi/10.3.1/../../../../arm-none-eabi/lib/thumb/v7e-m+dp/hard\libc_nano.a(lib_a-errno.o)
                0x0000000008005910                __errno
 .text.__libc_init_array
                0x000000000800591c       0x48 d:/stm32cubeide/stm32cubeide_1.10.0/stm32cubeide/plugins/com.st.stm32cube.ide.mcu.externaltools.gnu-tools-for-stm32.10.3-2021.10.win32_1.0.0.202111181127/tools/bin/../lib/gcc/arm-none-eabi/10.3.1/../../../../arm-none-eabi/lib/thumb/v7e-m+dp/hard\libc_nano.a(lib_a-init.o)
                0x000000000800591c                __libc_init_array
 .text.malloc   0x0000000008005964       0x10 d:/stm32cubeide/stm32cubeide_1.10.0/stm32cubeide/plugins/com.st.stm32cube.ide.mcu.externaltools.gnu-tools-for-stm32.10.3-2021.10.win32_1.0.0.202111181127/tools/bin/../lib/gcc/arm-none-eabi/10.3.1/../../../../arm-none-eabi/lib/thumb/v7e-m+dp/hard\libc_nano.a(lib_a-malloc.o)
                0x0000000008005964                malloc
 .text.free     0x0000000008005974       0x10 d:/stm32cubeide/stm32cubeide_1.10.0/stm32cubeide/plugins/com.st.stm32cube.ide.mcu.externaltools.gnu-tools-for-stm32.10.3-2021.10.win32_1.0.0.202111181127/tools/bin/../lib/gcc/arm-none-eabi/10.3.1/../../../../arm-none-eabi/lib/thumb/v7e-m+dp/hard\libc_nano.a(lib_a-malloc.o)
                0x0000000008005974                free
 .text.memcpy   0x0000000008005984       0x1c d:/stm32cubeide/stm32cubeide_1.10.0/stm32cubeide/plugins/com.st.stm32cube.ide.mcu.externaltools.gnu-tools-for-stm32.10.3-2021.10.win32_1.0.0.202111181127/tools/bin/../lib/gcc/arm-none-eabi/10.3.1/../../../../arm-none-eabi/lib/thumb/v7e-m+dp/hard\libc_nano.a(lib_a-memcpy-stub.o)
                0x0000000008005984                memcpy
 .text.memset   0x00000000080059a0       0x10 d:/stm32cubeide/stm32cubeide_1.10.0/stm32cubeide/plugins/com.st.stm32cube.ide.mcu.externaltools.gnu-tools-for-stm32.10.3-2021.10.win32_1.0.0.202111181127/tools/bin/../lib/gcc/arm-none-eabi/10.3.1/../../../../arm-none-eabi/lib/thumb/v7e-m+dp/hard\libc_nano.a(lib_a-memset.o)
                0x00000000080059a0                memset
 .text._free_r  0x00000000080059b0       0x98 d:/stm32cubeide/stm32cubeide_1.10.0/stm32cubeide/plugins/com.st.stm32cube.ide.mcu.externaltools.gnu-tools-for-stm32.10.3-2021.10.win32_1.0.0.202111181127/tools/bin/../lib/gcc/arm-none-eabi/10.3.1/../../../../arm-none-eabi/lib/thumb/v7e-m+dp/hard\libc_nano.a(lib_a-nano-freer.o)
                0x00000000080059b0                _free_r
 .text.sbrk_aligned
                0x0000000008005a48       0x40 d:/stm32cubeide/stm32cubeide_1.10.0/stm32cubeide/plugins/com.st.stm32cube.ide.mcu.externaltools.gnu-tools-for-stm32.10.3-2021.10.win32_1.0.0.202111181127/tools/bin/../lib/gcc/arm-none-eabi/10.3.1/../../../../arm-none-eabi/lib/thumb/v7e-m+dp/hard\libc_nano.a(lib_a-nano-mallocr.o)
 .text._malloc_r
                0x0000000008005a88       0xe8 d:/stm32cubeide/stm32cubeide_1.10.0/stm32cubeide/plugins/com.st.stm32cube.ide.mcu.externaltools.gnu-tools-for-stm32.10.3-2021.10.win32_1.0.0.202111181127/tools/bin/../lib/gcc/arm-none-eabi/10.3.1/../../../../arm-none-eabi/lib/thumb/v7e-m+dp/hard\libc_nano.a(lib_a-nano-mallocr.o)
                0x0000000008005a88                _malloc_r
 .text.__cvt    0x0000000008005b70       0xa4 d:/stm32cubeide/stm32cubeide_1.10.0/stm32cubeide/plugins/com.st.stm32cube.ide.mcu.externaltools.gnu-tools-for-stm32.10.3-2021.10.win32_1.0.0.202111181127/tools/bin/../lib/gcc/arm-none-eabi/10.3.1/../../../../arm-none-eabi/lib/thumb/v7e-m+dp/hard\libc_nano.a(lib_a-nano-vfprintf_float.o)
                0x0000000008005b70                __cvt
 .text.__exponent
                0x0000000008005c14       0x7c d:/stm32cubeide/stm32cubeide_1.10.0/stm32cubeide/plugins/com.st.stm32cube.ide.mcu.externaltools.gnu-tools-for-stm32.10.3-2021.10.win32_1.0.0.202111181127/tools/bin/../lib/gcc/arm-none-eabi/10.3.1/../../../../arm-none-eabi/lib/thumb/v7e-m+dp/hard\libc_nano.a(lib_a-nano-vfprintf_float.o)
                0x0000000008005c14                __exponent
 .text._printf_float
                0x0000000008005c90      0x43c d:/stm32cubeide/stm32cubeide_1.10.0/stm32cubeide/plugins/com.st.stm32cube.ide.mcu.externaltools.gnu-tools-for-stm32.10.3-2021.10.win32_1.0.0.202111181127/tools/bin/../lib/gcc/arm-none-eabi/10.3.1/../../../../arm-none-eabi/lib/thumb/v7e-m+dp/hard\libc_nano.a(lib_a-nano-vfprintf_float.o)
                0x0000000008005c90                _printf_float
 .text._printf_common
                0x00000000080060cc       0xda d:/stm32cubeide/stm32cubeide_1.10.0/stm32cubeide/plugins/com.st.stm32cube.ide.mcu.externaltools.gnu-tools-for-stm32.10.3-2021.10.win32_1.0.0.202111181127/tools/bin/../lib/gcc/arm-none-eabi/10.3.1/../../../../arm-none-eabi/lib/thumb/v7e-m+dp/hard\libc_nano.a(lib_a-nano-vfprintf_i.o)
                0x00000000080060cc                _printf_common
 *fill*         0x00000000080061a6        0x2 
 .text._printf_i
                0x00000000080061a8      0x24c d:/stm32cubeide/stm32cubeide_1.10.0/stm32cubeide/plugins/com.st.stm32cube.ide.mcu.externaltools.gnu-tools-for-stm32.10.3-2021.10.win32_1.0.0.202111181127/tools/bin/../lib/gcc/arm-none-eabi/10.3.1/../../../../arm-none-eabi/lib/thumb/v7e-m+dp/hard\libc_nano.a(lib_a-nano-vfprintf_i.o)
                0x00000000080061a8                _printf_i
 .text.printf   0x00000000080063f4       0x30 d:/stm32cubeide/stm32cubeide_1.10.0/stm32cubeide/plugins/com.st.stm32cube.ide.mcu.externaltools.gnu-tools-for-stm32.10.3-2021.10.win32_1.0.0.202111181127/tools/bin/../lib/gcc/arm-none-eabi/10.3.1/../../../../arm-none-eabi/lib/thumb/v7e-m+dp/hard\libc_nano.a(lib_a-printf.o)
                0x00000000080063f4                iprintf
                0x00000000080063f4                printf
 .text._puts_r  0x0000000008006424       0xdc d:/stm32cubeide/stm32cubeide_1.10.0/stm32cubeide/plugins/com.st.stm32cube.ide.mcu.externaltools.gnu-tools-for-stm32.10.3-2021.10.win32_1.0.0.202111181127/tools/bin/../lib/gcc/arm-none-eabi/10.3.1/../../../../arm-none-eabi/lib/thumb/v7e-m+dp/hard\libc_nano.a(lib_a-puts.o)
                0x0000000008006424                _puts_r
 .text.puts     0x0000000008006500       0x10 d:/stm32cubeide/stm32cubeide_1.10.0/stm32cubeide/plugins/com.st.stm32cube.ide.mcu.externaltools.gnu-tools-for-stm32.10.3-2021.10.win32_1.0.0.202111181127/tools/bin/../lib/gcc/arm-none-eabi/10.3.1/../../../../arm-none-eabi/lib/thumb/v7e-m+dp/hard\libc_nano.a(lib_a-puts.o)
                0x0000000008006500                puts
 .text._sbrk_r  0x0000000008006510       0x20 d:/stm32cubeide/stm32cubeide_1.10.0/stm32cubeide/plugins/com.st.stm32cube.ide.mcu.externaltools.gnu-tools-for-stm32.10.3-2021.10.win32_1.0.0.202111181127/tools/bin/../lib/gcc/arm-none-eabi/10.3.1/../../../../arm-none-eabi/lib/thumb/v7e-m+dp/hard\libc_nano.a(lib_a-sbrkr.o)
                0x0000000008006510                _sbrk_r
 .text.sprintf  0x0000000008006530       0x40 d:/stm32cubeide/stm32cubeide_1.10.0/stm32cubeide/plugins/com.st.stm32cube.ide.mcu.externaltools.gnu-tools-for-stm32.10.3-2021.10.win32_1.0.0.202111181127/tools/bin/../lib/gcc/arm-none-eabi/10.3.1/../../../../arm-none-eabi/lib/thumb/v7e-m+dp/hard\libc_nano.a(lib_a-sprintf.o)
                0x0000000008006530                siprintf
                0x0000000008006530                sprintf
 .text.strcat   0x0000000008006570       0x1e d:/stm32cubeide/stm32cubeide_1.10.0/stm32cubeide/plugins/com.st.stm32cube.ide.mcu.externaltools.gnu-tools-for-stm32.10.3-2021.10.win32_1.0.0.202111181127/tools/bin/../lib/gcc/arm-none-eabi/10.3.1/../../../../arm-none-eabi/lib/thumb/v7e-m+dp/hard\libc_nano.a(lib_a-strcat.o)
                0x0000000008006570                strcat
 *fill*         0x000000000800658e        0x2 
 .text.__swbuf_r
                0x0000000008006590       0xa4 d:/stm32cubeide/stm32cubeide_1.10.0/stm32cubeide/plugins/com.st.stm32cube.ide.mcu.externaltools.gnu-tools-for-stm32.10.3-2021.10.win32_1.0.0.202111181127/tools/bin/../lib/gcc/arm-none-eabi/10.3.1/../../../../arm-none-eabi/lib/thumb/v7e-m+dp/hard\libc_nano.a(lib_a-wbuf.o)
                0x0000000008006590                __swbuf_r
 .text.__swsetup_r
                0x0000000008006634       0xdc d:/stm32cubeide/stm32cubeide_1.10.0/stm32cubeide/plugins/com.st.stm32cube.ide.mcu.externaltools.gnu-tools-for-stm32.10.3-2021.10.win32_1.0.0.202111181127/tools/bin/../lib/gcc/arm-none-eabi/10.3.1/../../../../arm-none-eabi/lib/thumb/v7e-m+dp/hard\libc_nano.a(lib_a-wsetup.o)
                0x0000000008006634                __swsetup_r
 .text.quorem   0x0000000008006710      0x116 d:/stm32cubeide/stm32cubeide_1.10.0/stm32cubeide/plugins/com.st.stm32cube.ide.mcu.externaltools.gnu-tools-for-stm32.10.3-2021.10.win32_1.0.0.202111181127/tools/bin/../lib/gcc/arm-none-eabi/10.3.1/../../../../arm-none-eabi/lib/thumb/v7e-m+dp/hard\libc_nano.a(lib_a-dtoa.o)
 *fill*         0x0000000008006826        0x2 
 .text._dtoa_r  0x0000000008006828      0xadc d:/stm32cubeide/stm32cubeide_1.10.0/stm32cubeide/plugins/com.st.stm32cube.ide.mcu.externaltools.gnu-tools-for-stm32.10.3-2021.10.win32_1.0.0.202111181127/tools/bin/../lib/gcc/arm-none-eabi/10.3.1/../../../../arm-none-eabi/lib/thumb/v7e-m+dp/hard\libc_nano.a(lib_a-dtoa.o)
                0x0000000008006828                _dtoa_r
 .text.__sflush_r
                0x0000000008007304      0x10c d:/stm32cubeide/stm32cubeide_1.10.0/stm32cubeide/plugins/com.st.stm32cube.ide.mcu.externaltools.gnu-tools-for-stm32.10.3-2021.10.win32_1.0.0.202111181127/tools/bin/../lib/gcc/arm-none-eabi/10.3.1/../../../../arm-none-eabi/lib/thumb/v7e-m+dp/hard\libc_nano.a(lib_a-fflush.o)
                0x0000000008007304                __sflush_r
 .text._fflush_r
                0x0000000008007410       0x78 d:/stm32cubeide/stm32cubeide_1.10.0/stm32cubeide/plugins/com.st.stm32cube.ide.mcu.externaltools.gnu-tools-for-stm32.10.3-2021.10.win32_1.0.0.202111181127/tools/bin/../lib/gcc/arm-none-eabi/10.3.1/../../../../arm-none-eabi/lib/thumb/v7e-m+dp/hard\libc_nano.a(lib_a-fflush.o)
                0x0000000008007410                _fflush_r
 .text.std      0x0000000008007488       0x48 d:/stm32cubeide/stm32cubeide_1.10.0/stm32cubeide/plugins/com.st.stm32cube.ide.mcu.externaltools.gnu-tools-for-stm32.10.3-2021.10.win32_1.0.0.202111181127/tools/bin/../lib/gcc/arm-none-eabi/10.3.1/../../../../arm-none-eabi/lib/thumb/v7e-m+dp/hard\libc_nano.a(lib_a-findfp.o)
 .text._cleanup_r
                0x00000000080074d0        0xc d:/stm32cubeide/stm32cubeide_1.10.0/stm32cubeide/plugins/com.st.stm32cube.ide.mcu.externaltools.gnu-tools-for-stm32.10.3-2021.10.win32_1.0.0.202111181127/tools/bin/../lib/gcc/arm-none-eabi/10.3.1/../../../../arm-none-eabi/lib/thumb/v7e-m+dp/hard\libc_nano.a(lib_a-findfp.o)
                0x00000000080074d0                _cleanup_r
 .text.__sfmoreglue
                0x00000000080074dc       0x2c d:/stm32cubeide/stm32cubeide_1.10.0/stm32cubeide/plugins/com.st.stm32cube.ide.mcu.externaltools.gnu-tools-for-stm32.10.3-2021.10.win32_1.0.0.202111181127/tools/bin/../lib/gcc/arm-none-eabi/10.3.1/../../../../arm-none-eabi/lib/thumb/v7e-m+dp/hard\libc_nano.a(lib_a-findfp.o)
                0x00000000080074dc                __sfmoreglue
 .text.__sfp_lock_acquire
                0x0000000008007508        0xc d:/stm32cubeide/stm32cubeide_1.10.0/stm32cubeide/plugins/com.st.stm32cube.ide.mcu.externaltools.gnu-tools-for-stm32.10.3-2021.10.win32_1.0.0.202111181127/tools/bin/../lib/gcc/arm-none-eabi/10.3.1/../../../../arm-none-eabi/lib/thumb/v7e-m+dp/hard\libc_nano.a(lib_a-findfp.o)
                0x0000000008007508                __sfp_lock_acquire
 .text.__sfp_lock_release
                0x0000000008007514        0xc d:/stm32cubeide/stm32cubeide_1.10.0/stm32cubeide/plugins/com.st.stm32cube.ide.mcu.externaltools.gnu-tools-for-stm32.10.3-2021.10.win32_1.0.0.202111181127/tools/bin/../lib/gcc/arm-none-eabi/10.3.1/../../../../arm-none-eabi/lib/thumb/v7e-m+dp/hard\libc_nano.a(lib_a-findfp.o)
                0x0000000008007514                __sfp_lock_release
 .text.__sinit_lock_acquire
                0x0000000008007520        0xc d:/stm32cubeide/stm32cubeide_1.10.0/stm32cubeide/plugins/com.st.stm32cube.ide.mcu.externaltools.gnu-tools-for-stm32.10.3-2021.10.win32_1.0.0.202111181127/tools/bin/../lib/gcc/arm-none-eabi/10.3.1/../../../../arm-none-eabi/lib/thumb/v7e-m+dp/hard\libc_nano.a(lib_a-findfp.o)
                0x0000000008007520                __sinit_lock_acquire
 .text.__sinit_lock_release
                0x000000000800752c        0xc d:/stm32cubeide/stm32cubeide_1.10.0/stm32cubeide/plugins/com.st.stm32cube.ide.mcu.externaltools.gnu-tools-for-stm32.10.3-2021.10.win32_1.0.0.202111181127/tools/bin/../lib/gcc/arm-none-eabi/10.3.1/../../../../arm-none-eabi/lib/thumb/v7e-m+dp/hard\libc_nano.a(lib_a-findfp.o)
                0x000000000800752c                __sinit_lock_release
 .text.__sinit  0x0000000008007538       0x70 d:/stm32cubeide/stm32cubeide_1.10.0/stm32cubeide/plugins/com.st.stm32cube.ide.mcu.externaltools.gnu-tools-for-stm32.10.3-2021.10.win32_1.0.0.202111181127/tools/bin/../lib/gcc/arm-none-eabi/10.3.1/../../../../arm-none-eabi/lib/thumb/v7e-m+dp/hard\libc_nano.a(lib_a-findfp.o)
                0x0000000008007538                __sinit
 .text.__sfp    0x00000000080075a8       0x8c d:/stm32cubeide/stm32cubeide_1.10.0/stm32cubeide/plugins/com.st.stm32cube.ide.mcu.externaltools.gnu-tools-for-stm32.10.3-2021.10.win32_1.0.0.202111181127/tools/bin/../lib/gcc/arm-none-eabi/10.3.1/../../../../arm-none-eabi/lib/thumb/v7e-m+dp/hard\libc_nano.a(lib_a-findfp.o)
                0x00000000080075a8                __sfp
 .text._fwalk_reent
                0x0000000008007634       0x3e d:/stm32cubeide/stm32cubeide_1.10.0/stm32cubeide/plugins/com.st.stm32cube.ide.mcu.externaltools.gnu-tools-for-stm32.10.3-2021.10.win32_1.0.0.202111181127/tools/bin/../lib/gcc/arm-none-eabi/10.3.1/../../../../arm-none-eabi/lib/thumb/v7e-m+dp/hard\libc_nano.a(lib_a-fwalk.o)
                0x0000000008007634                _fwalk_reent
 *fill*         0x0000000008007672        0x2 
 .text._localeconv_r
                0x0000000008007674        0x8 d:/stm32cubeide/stm32cubeide_1.10.0/stm32cubeide/plugins/com.st.stm32cube.ide.mcu.externaltools.gnu-tools-for-stm32.10.3-2021.10.win32_1.0.0.202111181127/tools/bin/../lib/gcc/arm-none-eabi/10.3.1/../../../../arm-none-eabi/lib/thumb/v7e-m+dp/hard\libc_nano.a(lib_a-localeconv.o)
                0x0000000008007674                _localeconv_r
 .text.__retarget_lock_init_recursive
                0x000000000800767c        0x2 d:/stm32cubeide/stm32cubeide_1.10.0/stm32cubeide/plugins/com.st.stm32cube.ide.mcu.externaltools.gnu-tools-for-stm32.10.3-2021.10.win32_1.0.0.202111181127/tools/bin/../lib/gcc/arm-none-eabi/10.3.1/../../../../arm-none-eabi/lib/thumb/v7e-m+dp/hard\libc_nano.a(lib_a-lock.o)
                0x000000000800767c                __retarget_lock_init_recursive
 .text.__retarget_lock_acquire_recursive
                0x000000000800767e        0x2 d:/stm32cubeide/stm32cubeide_1.10.0/stm32cubeide/plugins/com.st.stm32cube.ide.mcu.externaltools.gnu-tools-for-stm32.10.3-2021.10.win32_1.0.0.202111181127/tools/bin/../lib/gcc/arm-none-eabi/10.3.1/../../../../arm-none-eabi/lib/thumb/v7e-m+dp/hard\libc_nano.a(lib_a-lock.o)
                0x000000000800767e                __retarget_lock_acquire_recursive
 .text.__retarget_lock_release_recursive
                0x0000000008007680        0x2 d:/stm32cubeide/stm32cubeide_1.10.0/stm32cubeide/plugins/com.st.stm32cube.ide.mcu.externaltools.gnu-tools-for-stm32.10.3-2021.10.win32_1.0.0.202111181127/tools/bin/../lib/gcc/arm-none-eabi/10.3.1/../../../../arm-none-eabi/lib/thumb/v7e-m+dp/hard\libc_nano.a(lib_a-lock.o)
                0x0000000008007680                __retarget_lock_release_recursive
 .text.__swhatbuf_r
                0x0000000008007682       0x4a d:/stm32cubeide/stm32cubeide_1.10.0/stm32cubeide/plugins/com.st.stm32cube.ide.mcu.externaltools.gnu-tools-for-stm32.10.3-2021.10.win32_1.0.0.202111181127/tools/bin/../lib/gcc/arm-none-eabi/10.3.1/../../../../arm-none-eabi/lib/thumb/v7e-m+dp/hard\libc_nano.a(lib_a-makebuf.o)
                0x0000000008007682                __swhatbuf_r
 .text.__smakebuf_r
                0x00000000080076cc       0x80 d:/stm32cubeide/stm32cubeide_1.10.0/stm32cubeide/plugins/com.st.stm32cube.ide.mcu.externaltools.gnu-tools-for-stm32.10.3-2021.10.win32_1.0.0.202111181127/tools/bin/../lib/gcc/arm-none-eabi/10.3.1/../../../../arm-none-eabi/lib/thumb/v7e-m+dp/hard\libc_nano.a(lib_a-makebuf.o)
                0x00000000080076cc                __smakebuf_r
 .text.__malloc_lock
                0x000000000800774c        0xc d:/stm32cubeide/stm32cubeide_1.10.0/stm32cubeide/plugins/com.st.stm32cube.ide.mcu.externaltools.gnu-tools-for-stm32.10.3-2021.10.win32_1.0.0.202111181127/tools/bin/../lib/gcc/arm-none-eabi/10.3.1/../../../../arm-none-eabi/lib/thumb/v7e-m+dp/hard\libc_nano.a(lib_a-mlock.o)
                0x000000000800774c                __malloc_lock
 .text.__malloc_unlock
                0x0000000008007758        0xc d:/stm32cubeide/stm32cubeide_1.10.0/stm32cubeide/plugins/com.st.stm32cube.ide.mcu.externaltools.gnu-tools-for-stm32.10.3-2021.10.win32_1.0.0.202111181127/tools/bin/../lib/gcc/arm-none-eabi/10.3.1/../../../../arm-none-eabi/lib/thumb/v7e-m+dp/hard\libc_nano.a(lib_a-mlock.o)
                0x0000000008007758                __malloc_unlock
 .text._Balloc  0x0000000008007764       0x80 d:/stm32cubeide/stm32cubeide_1.10.0/stm32cubeide/plugins/com.st.stm32cube.ide.mcu.externaltools.gnu-tools-for-stm32.10.3-2021.10.win32_1.0.0.202111181127/tools/bin/../lib/gcc/arm-none-eabi/10.3.1/../../../../arm-none-eabi/lib/thumb/v7e-m+dp/hard\libc_nano.a(lib_a-mprec.o)
                0x0000000008007764                _Balloc
 .text._Bfree   0x00000000080077e4       0x44 d:/stm32cubeide/stm32cubeide_1.10.0/stm32cubeide/plugins/com.st.stm32cube.ide.mcu.externaltools.gnu-tools-for-stm32.10.3-2021.10.win32_1.0.0.202111181127/tools/bin/../lib/gcc/arm-none-eabi/10.3.1/../../../../arm-none-eabi/lib/thumb/v7e-m+dp/hard\libc_nano.a(lib_a-mprec.o)
                0x00000000080077e4                _Bfree
 .text.__multadd
                0x0000000008007828       0x8c d:/stm32cubeide/stm32cubeide_1.10.0/stm32cubeide/plugins/com.st.stm32cube.ide.mcu.externaltools.gnu-tools-for-stm32.10.3-2021.10.win32_1.0.0.202111181127/tools/bin/../lib/gcc/arm-none-eabi/10.3.1/../../../../arm-none-eabi/lib/thumb/v7e-m+dp/hard\libc_nano.a(lib_a-mprec.o)
                0x0000000008007828                __multadd
 .text.__hi0bits
                0x00000000080078b4       0x40 d:/stm32cubeide/stm32cubeide_1.10.0/stm32cubeide/plugins/com.st.stm32cube.ide.mcu.externaltools.gnu-tools-for-stm32.10.3-2021.10.win32_1.0.0.202111181127/tools/bin/../lib/gcc/arm-none-eabi/10.3.1/../../../../arm-none-eabi/lib/thumb/v7e-m+dp/hard\libc_nano.a(lib_a-mprec.o)
                0x00000000080078b4                __hi0bits
 .text.__lo0bits
                0x00000000080078f4       0x5e d:/stm32cubeide/stm32cubeide_1.10.0/stm32cubeide/plugins/com.st.stm32cube.ide.mcu.externaltools.gnu-tools-for-stm32.10.3-2021.10.win32_1.0.0.202111181127/tools/bin/../lib/gcc/arm-none-eabi/10.3.1/../../../../arm-none-eabi/lib/thumb/v7e-m+dp/hard\libc_nano.a(lib_a-mprec.o)
                0x00000000080078f4                __lo0bits
 *fill*         0x0000000008007952        0x2 
 .text.__i2b    0x0000000008007954       0x2c d:/stm32cubeide/stm32cubeide_1.10.0/stm32cubeide/plugins/com.st.stm32cube.ide.mcu.externaltools.gnu-tools-for-stm32.10.3-2021.10.win32_1.0.0.202111181127/tools/bin/../lib/gcc/arm-none-eabi/10.3.1/../../../../arm-none-eabi/lib/thumb/v7e-m+dp/hard\libc_nano.a(lib_a-mprec.o)
                0x0000000008007954                __i2b
 .text.__multiply
                0x0000000008007980      0x154 d:/stm32cubeide/stm32cubeide_1.10.0/stm32cubeide/plugins/com.st.stm32cube.ide.mcu.externaltools.gnu-tools-for-stm32.10.3-2021.10.win32_1.0.0.202111181127/tools/bin/../lib/gcc/arm-none-eabi/10.3.1/../../../../arm-none-eabi/lib/thumb/v7e-m+dp/hard\libc_nano.a(lib_a-mprec.o)
                0x0000000008007980                __multiply
 .text.__pow5mult
                0x0000000008007ad4       0xb4 d:/stm32cubeide/stm32cubeide_1.10.0/stm32cubeide/plugins/com.st.stm32cube.ide.mcu.externaltools.gnu-tools-for-stm32.10.3-2021.10.win32_1.0.0.202111181127/tools/bin/../lib/gcc/arm-none-eabi/10.3.1/../../../../arm-none-eabi/lib/thumb/v7e-m+dp/hard\libc_nano.a(lib_a-mprec.o)
                0x0000000008007ad4                __pow5mult
 .text.__lshift
                0x0000000008007b88       0xe0 d:/stm32cubeide/stm32cubeide_1.10.0/stm32cubeide/plugins/com.st.stm32cube.ide.mcu.externaltools.gnu-tools-for-stm32.10.3-2021.10.win32_1.0.0.202111181127/tools/bin/../lib/gcc/arm-none-eabi/10.3.1/../../../../arm-none-eabi/lib/thumb/v7e-m+dp/hard\libc_nano.a(lib_a-mprec.o)
                0x0000000008007b88                __lshift
 .text.__mcmp   0x0000000008007c68       0x38 d:/stm32cubeide/stm32cubeide_1.10.0/stm32cubeide/plugins/com.st.stm32cube.ide.mcu.externaltools.gnu-tools-for-stm32.10.3-2021.10.win32_1.0.0.202111181127/tools/bin/../lib/gcc/arm-none-eabi/10.3.1/../../../../arm-none-eabi/lib/thumb/v7e-m+dp/hard\libc_nano.a(lib_a-mprec.o)
                0x0000000008007c68                __mcmp
 .text.__mdiff  0x0000000008007ca0      0x114 d:/stm32cubeide/stm32cubeide_1.10.0/stm32cubeide/plugins/com.st.stm32cube.ide.mcu.externaltools.gnu-tools-for-stm32.10.3-2021.10.win32_1.0.0.202111181127/tools/bin/../lib/gcc/arm-none-eabi/10.3.1/../../../../arm-none-eabi/lib/thumb/v7e-m+dp/hard\libc_nano.a(lib_a-mprec.o)
                0x0000000008007ca0                __mdiff
 .text.__d2b    0x0000000008007db4       0xb8 d:/stm32cubeide/stm32cubeide_1.10.0/stm32cubeide/plugins/com.st.stm32cube.ide.mcu.externaltools.gnu-tools-for-stm32.10.3-2021.10.win32_1.0.0.202111181127/tools/bin/../lib/gcc/arm-none-eabi/10.3.1/../../../../arm-none-eabi/lib/thumb/v7e-m+dp/hard\libc_nano.a(lib_a-mprec.o)
                0x0000000008007db4                __d2b
 .text._calloc_r
                0x0000000008007e6c       0x2c d:/stm32cubeide/stm32cubeide_1.10.0/stm32cubeide/plugins/com.st.stm32cube.ide.mcu.externaltools.gnu-tools-for-stm32.10.3-2021.10.win32_1.0.0.202111181127/tools/bin/../lib/gcc/arm-none-eabi/10.3.1/../../../../arm-none-eabi/lib/thumb/v7e-m+dp/hard\libc_nano.a(lib_a-nano-callocr.o)
                0x0000000008007e6c                _calloc_r
 .text.__ssputs_r
                0x0000000008007e98       0xb6 d:/stm32cubeide/stm32cubeide_1.10.0/stm32cubeide/plugins/com.st.stm32cube.ide.mcu.externaltools.gnu-tools-for-stm32.10.3-2021.10.win32_1.0.0.202111181127/tools/bin/../lib/gcc/arm-none-eabi/10.3.1/../../../../arm-none-eabi/lib/thumb/v7e-m+dp/hard\libc_nano.a(lib_a-nano-svfprintf.o)
                0x0000000008007e98                __ssputs_r
 *fill*         0x0000000008007f4e        0x2 
 .text._svfprintf_r
                0x0000000008007f50      0x200 d:/stm32cubeide/stm32cubeide_1.10.0/stm32cubeide/plugins/com.st.stm32cube.ide.mcu.externaltools.gnu-tools-for-stm32.10.3-2021.10.win32_1.0.0.202111181127/tools/bin/../lib/gcc/arm-none-eabi/10.3.1/../../../../arm-none-eabi/lib/thumb/v7e-m+dp/hard\libc_nano.a(lib_a-nano-svfprintf.o)
                0x0000000008007f50                _svfiprintf_r
                0x0000000008007f50                _svfprintf_r
 .text.__sfputc_r
                0x0000000008008150       0x2e d:/stm32cubeide/stm32cubeide_1.10.0/stm32cubeide/plugins/com.st.stm32cube.ide.mcu.externaltools.gnu-tools-for-stm32.10.3-2021.10.win32_1.0.0.202111181127/tools/bin/../lib/gcc/arm-none-eabi/10.3.1/../../../../arm-none-eabi/lib/thumb/v7e-m+dp/hard\libc_nano.a(lib_a-nano-vfprintf.o)
 .text.__sfputs_r
                0x000000000800817e       0x24 d:/stm32cubeide/stm32cubeide_1.10.0/stm32cubeide/plugins/com.st.stm32cube.ide.mcu.externaltools.gnu-tools-for-stm32.10.3-2021.10.win32_1.0.0.202111181127/tools/bin/../lib/gcc/arm-none-eabi/10.3.1/../../../../arm-none-eabi/lib/thumb/v7e-m+dp/hard\libc_nano.a(lib_a-nano-vfprintf.o)
                0x000000000800817e                __sfputs_r
 *fill*         0x00000000080081a2        0x2 
 .text._vfprintf_r
                0x00000000080081a4      0x260 d:/stm32cubeide/stm32cubeide_1.10.0/stm32cubeide/plugins/com.st.stm32cube.ide.mcu.externaltools.gnu-tools-for-stm32.10.3-2021.10.win32_1.0.0.202111181127/tools/bin/../lib/gcc/arm-none-eabi/10.3.1/../../../../arm-none-eabi/lib/thumb/v7e-m+dp/hard\libc_nano.a(lib_a-nano-vfprintf.o)
                0x00000000080081a4                _vfprintf_r
                0x00000000080081a4                _vfiprintf_r
 .text.__sread  0x0000000008008404       0x22 d:/stm32cubeide/stm32cubeide_1.10.0/stm32cubeide/plugins/com.st.stm32cube.ide.mcu.externaltools.gnu-tools-for-stm32.10.3-2021.10.win32_1.0.0.202111181127/tools/bin/../lib/gcc/arm-none-eabi/10.3.1/../../../../arm-none-eabi/lib/thumb/v7e-m+dp/hard\libc_nano.a(lib_a-stdio.o)
                0x0000000008008404                __sread
 .text.__swrite
                0x0000000008008426       0x38 d:/stm32cubeide/stm32cubeide_1.10.0/stm32cubeide/plugins/com.st.stm32cube.ide.mcu.externaltools.gnu-tools-for-stm32.10.3-2021.10.win32_1.0.0.202111181127/tools/bin/../lib/gcc/arm-none-eabi/10.3.1/../../../../arm-none-eabi/lib/thumb/v7e-m+dp/hard\libc_nano.a(lib_a-stdio.o)
                0x0000000008008426                __swrite
 .text.__sseek  0x000000000800845e       0x24 d:/stm32cubeide/stm32cubeide_1.10.0/stm32cubeide/plugins/com.st.stm32cube.ide.mcu.externaltools.gnu-tools-for-stm32.10.3-2021.10.win32_1.0.0.202111181127/tools/bin/../lib/gcc/arm-none-eabi/10.3.1/../../../../arm-none-eabi/lib/thumb/v7e-m+dp/hard\libc_nano.a(lib_a-stdio.o)
                0x000000000800845e                __sseek
 .text.__sclose
                0x0000000008008482        0x8 d:/stm32cubeide/stm32cubeide_1.10.0/stm32cubeide/plugins/com.st.stm32cube.ide.mcu.externaltools.gnu-tools-for-stm32.10.3-2021.10.win32_1.0.0.202111181127/tools/bin/../lib/gcc/arm-none-eabi/10.3.1/../../../../arm-none-eabi/lib/thumb/v7e-m+dp/hard\libc_nano.a(lib_a-stdio.o)
                0x0000000008008482                __sclose
 *fill*         0x000000000800848a        0x2 
 .text._write_r
                0x000000000800848c       0x24 d:/stm32cubeide/stm32cubeide_1.10.0/stm32cubeide/plugins/com.st.stm32cube.ide.mcu.externaltools.gnu-tools-for-stm32.10.3-2021.10.win32_1.0.0.202111181127/tools/bin/../lib/gcc/arm-none-eabi/10.3.1/../../../../arm-none-eabi/lib/thumb/v7e-m+dp/hard\libc_nano.a(lib_a-writer.o)
                0x000000000800848c                _write_r
 .text.__assert_func
                0x00000000080084b0       0x3c d:/stm32cubeide/stm32cubeide_1.10.0/stm32cubeide/plugins/com.st.stm32cube.ide.mcu.externaltools.gnu-tools-for-stm32.10.3-2021.10.win32_1.0.0.202111181127/tools/bin/../lib/gcc/arm-none-eabi/10.3.1/../../../../arm-none-eabi/lib/thumb/v7e-m+dp/hard\libc_nano.a(lib_a-assert.o)
                0x00000000080084b0                __assert_func
 .text._close_r
                0x00000000080084ec       0x20 d:/stm32cubeide/stm32cubeide_1.10.0/stm32cubeide/plugins/com.st.stm32cube.ide.mcu.externaltools.gnu-tools-for-stm32.10.3-2021.10.win32_1.0.0.202111181127/tools/bin/../lib/gcc/arm-none-eabi/10.3.1/../../../../arm-none-eabi/lib/thumb/v7e-m+dp/hard\libc_nano.a(lib_a-closer.o)
                0x00000000080084ec                _close_r
 .text.fprintf  0x000000000800850c       0x24 d:/stm32cubeide/stm32cubeide_1.10.0/stm32cubeide/plugins/com.st.stm32cube.ide.mcu.externaltools.gnu-tools-for-stm32.10.3-2021.10.win32_1.0.0.202111181127/tools/bin/../lib/gcc/arm-none-eabi/10.3.1/../../../../arm-none-eabi/lib/thumb/v7e-m+dp/hard\libc_nano.a(lib_a-fprintf.o)
                0x000000000800850c                fiprintf
                0x000000000800850c                fprintf
 .text._fstat_r
                0x0000000008008530       0x24 d:/stm32cubeide/stm32cubeide_1.10.0/stm32cubeide/plugins/com.st.stm32cube.ide.mcu.externaltools.gnu-tools-for-stm32.10.3-2021.10.win32_1.0.0.202111181127/tools/bin/../lib/gcc/arm-none-eabi/10.3.1/../../../../arm-none-eabi/lib/thumb/v7e-m+dp/hard\libc_nano.a(lib_a-fstatr.o)
                0x0000000008008530                _fstat_r
 .text._isatty_r
                0x0000000008008554       0x20 d:/stm32cubeide/stm32cubeide_1.10.0/stm32cubeide/plugins/com.st.stm32cube.ide.mcu.externaltools.gnu-tools-for-stm32.10.3-2021.10.win32_1.0.0.202111181127/tools/bin/../lib/gcc/arm-none-eabi/10.3.1/../../../../arm-none-eabi/lib/thumb/v7e-m+dp/hard\libc_nano.a(lib_a-isattyr.o)
                0x0000000008008554                _isatty_r
 .text._lseek_r
                0x0000000008008574       0x24 d:/stm32cubeide/stm32cubeide_1.10.0/stm32cubeide/plugins/com.st.stm32cube.ide.mcu.externaltools.gnu-tools-for-stm32.10.3-2021.10.win32_1.0.0.202111181127/tools/bin/../lib/gcc/arm-none-eabi/10.3.1/../../../../arm-none-eabi/lib/thumb/v7e-m+dp/hard\libc_nano.a(lib_a-lseekr.o)
                0x0000000008008574                _lseek_r
 .text.__ascii_mbtowc
                0x0000000008008598       0x24 d:/stm32cubeide/stm32cubeide_1.10.0/stm32cubeide/plugins/com.st.stm32cube.ide.mcu.externaltools.gnu-tools-for-stm32.10.3-2021.10.win32_1.0.0.202111181127/tools/bin/../lib/gcc/arm-none-eabi/10.3.1/../../../../arm-none-eabi/lib/thumb/v7e-m+dp/hard\libc_nano.a(lib_a-mbtowc_r.o)
                0x0000000008008598                __ascii_mbtowc
 .text.memmove  0x00000000080085bc       0x34 d:/stm32cubeide/stm32cubeide_1.10.0/stm32cubeide/plugins/com.st.stm32cube.ide.mcu.externaltools.gnu-tools-for-stm32.10.3-2021.10.win32_1.0.0.202111181127/tools/bin/../lib/gcc/arm-none-eabi/10.3.1/../../../../arm-none-eabi/lib/thumb/v7e-m+dp/hard\libc_nano.a(lib_a-memmove.o)
                0x00000000080085bc                memmove
 .text._realloc_r
                0x00000000080085f0       0x5e d:/stm32cubeide/stm32cubeide_1.10.0/stm32cubeide/plugins/com.st.stm32cube.ide.mcu.externaltools.gnu-tools-for-stm32.10.3-2021.10.win32_1.0.0.202111181127/tools/bin/../lib/gcc/arm-none-eabi/10.3.1/../../../../arm-none-eabi/lib/thumb/v7e-m+dp/hard\libc_nano.a(lib_a-nano-reallocr.o)
                0x00000000080085f0                _realloc_r
 *fill*         0x000000000800864e        0x2 
 .text._read_r  0x0000000008008650       0x24 d:/stm32cubeide/stm32cubeide_1.10.0/stm32cubeide/plugins/com.st.stm32cube.ide.mcu.externaltools.gnu-tools-for-stm32.10.3-2021.10.win32_1.0.0.202111181127/tools/bin/../lib/gcc/arm-none-eabi/10.3.1/../../../../arm-none-eabi/lib/thumb/v7e-m+dp/hard\libc_nano.a(lib_a-readr.o)
                0x0000000008008650                _read_r
 .text.__ascii_wctomb
                0x0000000008008674       0x1a d:/stm32cubeide/stm32cubeide_1.10.0/stm32cubeide/plugins/com.st.stm32cube.ide.mcu.externaltools.gnu-tools-for-stm32.10.3-2021.10.win32_1.0.0.202111181127/tools/bin/../lib/gcc/arm-none-eabi/10.3.1/../../../../arm-none-eabi/lib/thumb/v7e-m+dp/hard\libc_nano.a(lib_a-wctomb_r.o)
                0x0000000008008674                __ascii_wctomb
 .text.abort    0x000000000800868e        0xe d:/stm32cubeide/stm32cubeide_1.10.0/stm32cubeide/plugins/com.st.stm32cube.ide.mcu.externaltools.gnu-tools-for-stm32.10.3-2021.10.win32_1.0.0.202111181127/tools/bin/../lib/gcc/arm-none-eabi/10.3.1/../../../../arm-none-eabi/lib/thumb/v7e-m+dp/hard\libc_nano.a(lib_a-abort.o)
                0x000000000800868e                abort
 .text._malloc_usable_size_r
                0x000000000800869c       0x10 d:/stm32cubeide/stm32cubeide_1.10.0/stm32cubeide/plugins/com.st.stm32cube.ide.mcu.externaltools.gnu-tools-for-stm32.10.3-2021.10.win32_1.0.0.202111181127/tools/bin/../lib/gcc/arm-none-eabi/10.3.1/../../../../arm-none-eabi/lib/thumb/v7e-m+dp/hard\libc_nano.a(lib_a-nano-msizer.o)
                0x000000000800869c                _malloc_usable_size_r
 .text._raise_r
                0x00000000080086ac       0x50 d:/stm32cubeide/stm32cubeide_1.10.0/stm32cubeide/plugins/com.st.stm32cube.ide.mcu.externaltools.gnu-tools-for-stm32.10.3-2021.10.win32_1.0.0.202111181127/tools/bin/../lib/gcc/arm-none-eabi/10.3.1/../../../../arm-none-eabi/lib/thumb/v7e-m+dp/hard\libc_nano.a(lib_a-signal.o)
                0x00000000080086ac                _raise_r
 .text.raise    0x00000000080086fc       0x10 d:/stm32cubeide/stm32cubeide_1.10.0/stm32cubeide/plugins/com.st.stm32cube.ide.mcu.externaltools.gnu-tools-for-stm32.10.3-2021.10.win32_1.0.0.202111181127/tools/bin/../lib/gcc/arm-none-eabi/10.3.1/../../../../arm-none-eabi/lib/thumb/v7e-m+dp/hard\libc_nano.a(lib_a-signal.o)
                0x00000000080086fc                raise
 .text._kill_r  0x000000000800870c       0x24 d:/stm32cubeide/stm32cubeide_1.10.0/stm32cubeide/plugins/com.st.stm32cube.ide.mcu.externaltools.gnu-tools-for-stm32.10.3-2021.10.win32_1.0.0.202111181127/tools/bin/../lib/gcc/arm-none-eabi/10.3.1/../../../../arm-none-eabi/lib/thumb/v7e-m+dp/hard\libc_nano.a(lib_a-signalr.o)
                0x000000000800870c                _kill_r
 .text._getpid_r
                0x0000000008008730        0x4 d:/stm32cubeide/stm32cubeide_1.10.0/stm32cubeide/plugins/com.st.stm32cube.ide.mcu.externaltools.gnu-tools-for-stm32.10.3-2021.10.win32_1.0.0.202111181127/tools/bin/../lib/gcc/arm-none-eabi/10.3.1/../../../../arm-none-eabi/lib/thumb/v7e-m+dp/hard\libc_nano.a(lib_a-signalr.o)
                0x0000000008008730                _getpid_r
 *fill*         0x0000000008008734        0x4 
 .text.exp      0x0000000008008738      0x1a4 d:/stm32cubeide/stm32cubeide_1.10.0/stm32cubeide/plugins/com.st.stm32cube.ide.mcu.externaltools.gnu-tools-for-stm32.10.3-2021.10.win32_1.0.0.202111181127/tools/bin/../lib/gcc/arm-none-eabi/10.3.1/../../../../arm-none-eabi/lib/thumb/v7e-m+dp/hard\libm.a(lib_a-exp.o)
                0x0000000008008738                exp
 .text.with_errno
                0x00000000080088dc       0x16 d:/stm32cubeide/stm32cubeide_1.10.0/stm32cubeide/plugins/com.st.stm32cube.ide.mcu.externaltools.gnu-tools-for-stm32.10.3-2021.10.win32_1.0.0.202111181127/tools/bin/../lib/gcc/arm-none-eabi/10.3.1/../../../../arm-none-eabi/lib/thumb/v7e-m+dp/hard\libm.a(lib_a-math_err.o)
 .text.xflow    0x00000000080088f2       0x22 d:/stm32cubeide/stm32cubeide_1.10.0/stm32cubeide/plugins/com.st.stm32cube.ide.mcu.externaltools.gnu-tools-for-stm32.10.3-2021.10.win32_1.0.0.202111181127/tools/bin/../lib/gcc/arm-none-eabi/10.3.1/../../../../arm-none-eabi/lib/thumb/v7e-m+dp/hard\libm.a(lib_a-math_err.o)
 *fill*         0x0000000008008914        0x4 
 .text.__math_uflow
                0x0000000008008918       0x10 d:/stm32cubeide/stm32cubeide_1.10.0/stm32cubeide/plugins/com.st.stm32cube.ide.mcu.externaltools.gnu-tools-for-stm32.10.3-2021.10.win32_1.0.0.202111181127/tools/bin/../lib/gcc/arm-none-eabi/10.3.1/../../../../arm-none-eabi/lib/thumb/v7e-m+dp/hard\libm.a(lib_a-math_err.o)
                0x0000000008008918                __math_uflow
 .text.__math_oflow
                0x0000000008008928       0x10 d:/stm32cubeide/stm32cubeide_1.10.0/stm32cubeide/plugins/com.st.stm32cube.ide.mcu.externaltools.gnu-tools-for-stm32.10.3-2021.10.win32_1.0.0.202111181127/tools/bin/../lib/gcc/arm-none-eabi/10.3.1/../../../../arm-none-eabi/lib/thumb/v7e-m+dp/hard\libm.a(lib_a-math_err.o)
                0x0000000008008928                __math_oflow
 .text.__math_check_uflow
                0x0000000008008938       0x12 d:/stm32cubeide/stm32cubeide_1.10.0/stm32cubeide/plugins/com.st.stm32cube.ide.mcu.externaltools.gnu-tools-for-stm32.10.3-2021.10.win32_1.0.0.202111181127/tools/bin/../lib/gcc/arm-none-eabi/10.3.1/../../../../arm-none-eabi/lib/thumb/v7e-m+dp/hard\libm.a(lib_a-math_err.o)
                0x0000000008008938                __math_check_uflow
 *fill*         0x000000000800894a        0x6 
 .text.__math_check_oflow
                0x0000000008008950       0x28 d:/stm32cubeide/stm32cubeide_1.10.0/stm32cubeide/plugins/com.st.stm32cube.ide.mcu.externaltools.gnu-tools-for-stm32.10.3-2021.10.win32_1.0.0.202111181127/tools/bin/../lib/gcc/arm-none-eabi/10.3.1/../../../../arm-none-eabi/lib/thumb/v7e-m+dp/hard\libm.a(lib_a-math_err.o)
                0x0000000008008950                __math_check_oflow
 *(.glue_7)
 .glue_7        0x0000000008008978        0x0 linker stubs
 *(.glue_7t)
 .glue_7t       0x0000000008008978        0x0 linker stubs
 *(.eh_frame)
 .eh_frame      0x0000000008008978        0x0 d:/stm32cubeide/stm32cubeide_1.10.0/stm32cubeide/plugins/com.st.stm32cube.ide.mcu.externaltools.gnu-tools-for-stm32.10.3-2021.10.win32_1.0.0.202111181127/tools/bin/../lib/gcc/arm-none-eabi/10.3.1/thumb/v7e-m+dp/hard/crtbegin.o
 *(.init)
 .init          0x0000000008008978        0x4 d:/stm32cubeide/stm32cubeide_1.10.0/stm32cubeide/plugins/com.st.stm32cube.ide.mcu.externaltools.gnu-tools-for-stm32.10.3-2021.10.win32_1.0.0.202111181127/tools/bin/../lib/gcc/arm-none-eabi/10.3.1/thumb/v7e-m+dp/hard/crti.o
                0x0000000008008978                _init
 .init          0x000000000800897c        0x8 d:/stm32cubeide/stm32cubeide_1.10.0/stm32cubeide/plugins/com.st.stm32cube.ide.mcu.externaltools.gnu-tools-for-stm32.10.3-2021.10.win32_1.0.0.202111181127/tools/bin/../lib/gcc/arm-none-eabi/10.3.1/thumb/v7e-m+dp/hard/crtn.o
 *(.fini)
 .fini          0x0000000008008984        0x4 d:/stm32cubeide/stm32cubeide_1.10.0/stm32cubeide/plugins/com.st.stm32cube.ide.mcu.externaltools.gnu-tools-for-stm32.10.3-2021.10.win32_1.0.0.202111181127/tools/bin/../lib/gcc/arm-none-eabi/10.3.1/thumb/v7e-m+dp/hard/crti.o
                0x0000000008008984                _fini
 .fini          0x0000000008008988        0x8 d:/stm32cubeide/stm32cubeide_1.10.0/stm32cubeide/plugins/com.st.stm32cube.ide.mcu.externaltools.gnu-tools-for-stm32.10.3-2021.10.win32_1.0.0.202111181127/tools/bin/../lib/gcc/arm-none-eabi/10.3.1/thumb/v7e-m+dp/hard/crtn.o
                0x0000000008008990                . = ALIGN (0x4)
                0x0000000008008990                _etext = .

.vfp11_veneer   0x0000000008008990        0x0
 .vfp11_veneer  0x0000000008008990        0x0 linker stubs

.v4_bx          0x0000000008008990        0x0
 .v4_bx         0x0000000008008990        0x0 linker stubs

.iplt           0x0000000008008990        0x0
 .iplt          0x0000000008008990        0x0 d:/stm32cubeide/stm32cubeide_1.10.0/stm32cubeide/plugins/com.st.stm32cube.ide.mcu.externaltools.gnu-tools-for-stm32.10.3-2021.10.win32_1.0.0.202111181127/tools/bin/../lib/gcc/arm-none-eabi/10.3.1/thumb/v7e-m+dp/hard/crtbegin.o

.rodata         0x0000000008008990     0x17a8
                0x0000000008008990                . = ALIGN (0x4)
 *(.rodata)
 .rodata        0x0000000008008990       0xfa ./Middlewares/OpenNNA2.0/core/opennna_core.o
 *fill*         0x0000000008008a8a        0x2 
 .rodata        0x0000000008008a8c       0xf0 ./Middlewares/OpenNNA2.0/model/opennna_demo_example.o
 *(.rodata*)
 .rodata.str1.1
                0x0000000008008b7c        0xc ./Core/Src/main.o
 .rodata.defaultTask_attributes
                0x0000000008008b88       0x24 ./Core/Src/main.o
                0x0000000008008b88                defaultTask_attributes
 .rodata.D1CorePrescTable
                0x0000000008008bac       0x10 ./Core/Src/system_stm32h7xx.o
                0x0000000008008bac                D1CorePrescTable
 .rodata.CSWTCH.61
                0x0000000008008bbc       0x29 ./Drivers/STM32H7xx_HAL_Driver/Src/stm32h7xx_hal_uart.o
 .rodata.CSWTCH.62
                0x0000000008008be5        0x6 ./Drivers/STM32H7xx_HAL_Driver/Src/stm32h7xx_hal_uart.o
 .rodata.CSWTCH.71
                0x0000000008008beb        0x6 ./Drivers/STM32H7xx_HAL_Driver/Src/stm32h7xx_hal_uart.o
 *fill*         0x0000000008008bf1        0x1 
 .rodata.UARTPrescTable
                0x0000000008008bf2       0x18 ./Drivers/STM32H7xx_HAL_Driver/Src/stm32h7xx_hal_uart.o
                0x0000000008008bf2                UARTPrescTable
 .rodata.denominator.0
                0x0000000008008c0a        0x8 ./Drivers/STM32H7xx_HAL_Driver/Src/stm32h7xx_hal_uart_ex.o
 .rodata.numerator.1
                0x0000000008008c12        0x8 ./Drivers/STM32H7xx_HAL_Driver/Src/stm32h7xx_hal_uart_ex.o
 .rodata.OpenNNA_Printf.str1.1
                0x0000000008008c1a        0x3 ./Middlewares/OpenNNA2.0/core/opennna_core.o
 .rodata.OpenNNA_CreateNetwork.str1.1
                0x0000000008008c1d      0x20b ./Middlewares/OpenNNA2.0/core/opennna_core.o
 .rodata.OpenNNA_Add_Layer.str1.1
                0x0000000008008e28       0x2a ./Middlewares/OpenNNA2.0/core/opennna_core.o
 .rodata.OpenNNA_Init.str1.1
                0x0000000008008e52       0x25 ./Middlewares/OpenNNA2.0/core/opennna_core.o
 .rodata.OpenNNA_Print_Network.str1.1
                0x0000000008008e77      0x285 ./Middlewares/OpenNNA2.0/core/opennna_core.o
                                        0x28c (size before relaxing)
 .rodata.OpenNNA_Free_FmapHeap.str1.1
                0x00000000080090fc       0x19 ./Middlewares/OpenNNA2.0/core/opennna_core.o
 .rodata.OpenNNA_Free_Network.str1.1
                0x0000000008009115       0x17 ./Middlewares/OpenNNA2.0/core/opennna_core.o
 .rodata.str1.1
                0x000000000800912c       0x43 ./Middlewares/OpenNNA2.0/core/opennna_core.o
 .rodata.OpenNNA_Demo_Example.str1.1
                0x000000000800916f      0x36b ./Middlewares/OpenNNA2.0/model/opennna_demo_example.o
                                        0x375 (size before relaxing)
 .rodata.vTaskStartScheduler.str1.1
                0x00000000080094da        0x5 ./Middlewares/Third_Party/FreeRTOS/Source/tasks.o
 .rodata.prvCheckForValidListAndQueue.str1.1
                0x00000000080094df        0x5 ./Middlewares/Third_Party/FreeRTOS/Source/timers.o
 .rodata.xTimerCreateTimerTask.str1.1
                0x00000000080094e4        0x8 ./Middlewares/Third_Party/FreeRTOS/Source/timers.o
 .rodata._global_impure_ptr
                0x00000000080094ec        0x4 d:/stm32cubeide/stm32cubeide_1.10.0/stm32cubeide/plugins/com.st.stm32cube.ide.mcu.externaltools.gnu-tools-for-stm32.10.3-2021.10.win32_1.0.0.202111181127/tools/bin/../lib/gcc/arm-none-eabi/10.3.1/../../../../arm-none-eabi/lib/thumb/v7e-m+dp/hard\libc_nano.a(lib_a-impure.o)
                0x00000000080094ec                _global_impure_ptr
 .rodata._printf_float.str1.1
                0x00000000080094f0       0x12 d:/stm32cubeide/stm32cubeide_1.10.0/stm32cubeide/plugins/com.st.stm32cube.ide.mcu.externaltools.gnu-tools-for-stm32.10.3-2021.10.win32_1.0.0.202111181127/tools/bin/../lib/gcc/arm-none-eabi/10.3.1/../../../../arm-none-eabi/lib/thumb/v7e-m+dp/hard\libc_nano.a(lib_a-nano-vfprintf_float.o)
 .rodata._printf_i.str1.1
                0x0000000008009502       0x22 d:/stm32cubeide/stm32cubeide_1.10.0/stm32cubeide/plugins/com.st.stm32cube.ide.mcu.externaltools.gnu-tools-for-stm32.10.3-2021.10.win32_1.0.0.202111181127/tools/bin/../lib/gcc/arm-none-eabi/10.3.1/../../../../arm-none-eabi/lib/thumb/v7e-m+dp/hard\libc_nano.a(lib_a-nano-vfprintf_i.o)
 .rodata._dtoa_r.str1.1
                0x0000000008009524       0x90 d:/stm32cubeide/stm32cubeide_1.10.0/stm32cubeide/plugins/com.st.stm32cube.ide.mcu.externaltools.gnu-tools-for-stm32.10.3-2021.10.win32_1.0.0.202111181127/tools/bin/../lib/gcc/arm-none-eabi/10.3.1/../../../../arm-none-eabi/lib/thumb/v7e-m+dp/hard\libc_nano.a(lib_a-dtoa.o)
                                         0x92 (size before relaxing)
 .rodata.__sf_fake_stderr
                0x00000000080095b4       0x20 d:/stm32cubeide/stm32cubeide_1.10.0/stm32cubeide/plugins/com.st.stm32cube.ide.mcu.externaltools.gnu-tools-for-stm32.10.3-2021.10.win32_1.0.0.202111181127/tools/bin/../lib/gcc/arm-none-eabi/10.3.1/../../../../arm-none-eabi/lib/thumb/v7e-m+dp/hard\libc_nano.a(lib_a-findfp.o)
                0x00000000080095b4                __sf_fake_stderr
 .rodata.__sf_fake_stdin
                0x00000000080095d4       0x20 d:/stm32cubeide/stm32cubeide_1.10.0/stm32cubeide/plugins/com.st.stm32cube.ide.mcu.externaltools.gnu-tools-for-stm32.10.3-2021.10.win32_1.0.0.202111181127/tools/bin/../lib/gcc/arm-none-eabi/10.3.1/../../../../arm-none-eabi/lib/thumb/v7e-m+dp/hard\libc_nano.a(lib_a-findfp.o)
                0x00000000080095d4                __sf_fake_stdin
 .rodata.__sf_fake_stdout
                0x00000000080095f4       0x20 d:/stm32cubeide/stm32cubeide_1.10.0/stm32cubeide/plugins/com.st.stm32cube.ide.mcu.externaltools.gnu-tools-for-stm32.10.3-2021.10.win32_1.0.0.202111181127/tools/bin/../lib/gcc/arm-none-eabi/10.3.1/../../../../arm-none-eabi/lib/thumb/v7e-m+dp/hard\libc_nano.a(lib_a-findfp.o)
                0x00000000080095f4                __sf_fake_stdout
 .rodata._Balloc.str1.1
                0x0000000008009614       0x5c d:/stm32cubeide/stm32cubeide_1.10.0/stm32cubeide/plugins/com.st.stm32cube.ide.mcu.externaltools.gnu-tools-for-stm32.10.3-2021.10.win32_1.0.0.202111181127/tools/bin/../lib/gcc/arm-none-eabi/10.3.1/../../../../arm-none-eabi/lib/thumb/v7e-m+dp/hard\libc_nano.a(lib_a-mprec.o)
                                         0x73 (size before relaxing)
 .rodata.__multadd.str1.1
                0x0000000008009670       0x11 d:/stm32cubeide/stm32cubeide_1.10.0/stm32cubeide/plugins/com.st.stm32cube.ide.mcu.externaltools.gnu-tools-for-stm32.10.3-2021.10.win32_1.0.0.202111181127/tools/bin/../lib/gcc/arm-none-eabi/10.3.1/../../../../arm-none-eabi/lib/thumb/v7e-m+dp/hard\libc_nano.a(lib_a-mprec.o)
 .rodata.__mprec_bigtens
                0x0000000008009670       0x28 d:/stm32cubeide/stm32cubeide_1.10.0/stm32cubeide/plugins/com.st.stm32cube.ide.mcu.externaltools.gnu-tools-for-stm32.10.3-2021.10.win32_1.0.0.202111181127/tools/bin/../lib/gcc/arm-none-eabi/10.3.1/../../../../arm-none-eabi/lib/thumb/v7e-m+dp/hard\libc_nano.a(lib_a-mprec.o)
                0x0000000008009670                __mprec_bigtens
 .rodata.__mprec_tens
                0x0000000008009698       0xc8 d:/stm32cubeide/stm32cubeide_1.10.0/stm32cubeide/plugins/com.st.stm32cube.ide.mcu.externaltools.gnu-tools-for-stm32.10.3-2021.10.win32_1.0.0.202111181127/tools/bin/../lib/gcc/arm-none-eabi/10.3.1/../../../../arm-none-eabi/lib/thumb/v7e-m+dp/hard\libc_nano.a(lib_a-mprec.o)
                0x0000000008009698                __mprec_tens
 .rodata.p05.0  0x0000000008009760        0xc d:/stm32cubeide/stm32cubeide_1.10.0/stm32cubeide/plugins/com.st.stm32cube.ide.mcu.externaltools.gnu-tools-for-stm32.10.3-2021.10.win32_1.0.0.202111181127/tools/bin/../lib/gcc/arm-none-eabi/10.3.1/../../../../arm-none-eabi/lib/thumb/v7e-m+dp/hard\libc_nano.a(lib_a-mprec.o)
 .rodata._svfprintf_r.str1.1
                0x000000000800976c       0x11 d:/stm32cubeide/stm32cubeide_1.10.0/stm32cubeide/plugins/com.st.stm32cube.ide.mcu.externaltools.gnu-tools-for-stm32.10.3-2021.10.win32_1.0.0.202111181127/tools/bin/../lib/gcc/arm-none-eabi/10.3.1/../../../../arm-none-eabi/lib/thumb/v7e-m+dp/hard\libc_nano.a(lib_a-nano-svfprintf.o)
 .rodata._vfprintf_r.str1.1
                0x000000000800977d       0x11 d:/stm32cubeide/stm32cubeide_1.10.0/stm32cubeide/plugins/com.st.stm32cube.ide.mcu.externaltools.gnu-tools-for-stm32.10.3-2021.10.win32_1.0.0.202111181127/tools/bin/../lib/gcc/arm-none-eabi/10.3.1/../../../../arm-none-eabi/lib/thumb/v7e-m+dp/hard\libc_nano.a(lib_a-nano-vfprintf.o)
 .rodata.__assert_func.str1.1
                0x000000000800977d       0x3c d:/stm32cubeide/stm32cubeide_1.10.0/stm32cubeide/plugins/com.st.stm32cube.ide.mcu.externaltools.gnu-tools-for-stm32.10.3-2021.10.win32_1.0.0.202111181127/tools/bin/../lib/gcc/arm-none-eabi/10.3.1/../../../../arm-none-eabi/lib/thumb/v7e-m+dp/hard\libc_nano.a(lib_a-assert.o)
                                         0x3d (size before relaxing)
 .rodata._setlocale_r.str1.1
                0x00000000080097b9        0x8 d:/stm32cubeide/stm32cubeide_1.10.0/stm32cubeide/plugins/com.st.stm32cube.ide.mcu.externaltools.gnu-tools-for-stm32.10.3-2021.10.win32_1.0.0.202111181127/tools/bin/../lib/gcc/arm-none-eabi/10.3.1/../../../../arm-none-eabi/lib/thumb/v7e-m+dp/hard\libc_nano.a(lib_a-locale.o)
                                          0x9 (size before relaxing)
 .rodata.str1.1
                0x00000000080097c1        0x2 d:/stm32cubeide/stm32cubeide_1.10.0/stm32cubeide/plugins/com.st.stm32cube.ide.mcu.externaltools.gnu-tools-for-stm32.10.3-2021.10.win32_1.0.0.202111181127/tools/bin/../lib/gcc/arm-none-eabi/10.3.1/../../../../arm-none-eabi/lib/thumb/v7e-m+dp/hard\libc_nano.a(lib_a-locale.o)
 .rodata._ctype_