../Middlewares/Third_Party/FreeRTOS/Source/stream_buffer.c:1189:15:prvBytesInBuffer	0	static
../Middlewares/Third_Party/FreeRTOS/Source/stream_buffer.c:1134:15:prvReadBytesFromBuffer	32	static,ignoring_inline_asm
../Middlewares/Third_Party/FreeRTOS/Source/stream_buffer.c:1209:13:prvInitialiseNewStreamBuffer	24	static,ignoring_inline_asm
../Middlewares/Third_Party/FreeRTOS/Source/stream_buffer.c:1088:15:prvWriteBytesToBuffer.part.0	24	static,ignoring_inline_asm
../Middlewares/Third_Party/FreeRTOS/Source/stream_buffer.c:661:15:prvWriteMessageToBuffer	24	static,ignoring_inline_asm
../Middlewares/Third_Party/FreeRTOS/Source/stream_buffer.c:219:23:xStreamBufferGenericCreate	32	static,ignoring_inline_asm
../Middlewares/Third_Party/FreeRTOS/Source/stream_buffer.c:283:23:xStreamBufferGenericCreateStatic	32	static,ignoring_inline_asm
../Middlewares/Third_Party/FreeRTOS/Source/stream_buffer.c:359:6:vStreamBufferDelete	0	static,ignoring_inline_asm
../Middlewares/Third_Party/FreeRTOS/Source/stream_buffer.c:392:12:xStreamBufferReset	24	static,ignoring_inline_asm
../Middlewares/Third_Party/FreeRTOS/Source/stream_buffer.c:441:12:xStreamBufferSetTriggerLevel	0	static,ignoring_inline_asm
../Middlewares/Third_Party/FreeRTOS/Source/stream_buffer.c:470:8:xStreamBufferSpacesAvailable	0	static,ignoring_inline_asm
../Middlewares/Third_Party/FreeRTOS/Source/stream_buffer.c:494:8:xStreamBufferBytesAvailable	0	static,ignoring_inline_asm
../Middlewares/Third_Party/FreeRTOS/Source/stream_buffer.c:506:8:xStreamBufferSend	56	static,ignoring_inline_asm
../Middlewares/Third_Party/FreeRTOS/Source/stream_buffer.c:610:8:xStreamBufferSendFromISR	32	static,ignoring_inline_asm
../Middlewares/Third_Party/FreeRTOS/Source/stream_buffer.c:713:8:xStreamBufferReceive	40	static,ignoring_inline_asm
../Middlewares/Third_Party/FreeRTOS/Source/stream_buffer.c:817:8:xStreamBufferNextMessageLengthBytes	24	static,ignoring_inline_asm
../Middlewares/Third_Party/FreeRTOS/Source/stream_buffer.c:861:8:xStreamBufferReceiveFromISR	48	static,ignoring_inline_asm
../Middlewares/Third_Party/FreeRTOS/Source/stream_buffer.c:970:12:xStreamBufferIsEmpty	0	static,ignoring_inline_asm
../Middlewares/Third_Party/FreeRTOS/Source/stream_buffer.c:993:12:xStreamBufferIsFull	8	static,ignoring_inline_asm
../Middlewares/Third_Party/FreeRTOS/Source/stream_buffer.c:1028:12:xStreamBufferSendCompletedFromISR	24	static,ignoring_inline_asm
../Middlewares/Third_Party/FreeRTOS/Source/stream_buffer.c:1058:12:xStreamBufferReceiveCompletedFromISR	24	static,ignoring_inline_asm
../Middlewares/Third_Party/FreeRTOS/Source/stream_buffer.c:1237:14:uxStreamBufferGetStreamBufferNumber	0	static
../Middlewares/Third_Party/FreeRTOS/Source/stream_buffer.c:1247:7:vStreamBufferSetStreamBufferNumber	0	static
../Middlewares/Third_Party/FreeRTOS/Source/stream_buffer.c:1257:10:ucStreamBufferGetStreamBufferType	0	static
