../Drivers/STM32H7xx_HAL_Driver/Src/stm32h7xx_hal_dma.c:1767:13:DMA_SetConfig	20	static
../Drivers/STM32H7xx_HAL_Driver/Src/stm32h7xx_hal_dma.c:1854:17:DMA_CalcBaseAndBitshift	8	static
../Drivers/STM32H7xx_HAL_Driver/Src/stm32h7xx_hal_dma.c:1984:13:DMA_CalcDMAMUXChannelBaseAndMask	0	static
../Drivers/STM32H7xx_HAL_Driver/Src/stm32h7xx_hal_dma.c:2019:13:DMA_CalcDMAMUXRequestGenBaseAndMask	8	static
../Drivers/STM32H7xx_HAL_Driver/Src/stm32h7xx_hal_dma.c:210:19:HAL_DMA_Init	24	static
../Drivers/STM32H7xx_HAL_Driver/Src/stm32h7xx_hal_dma.c:462:19:HAL_DMA_DeInit	16	static
../Drivers/STM32H7xx_HAL_Driver/Src/stm32h7xx_hal_dma.c:619:19:HAL_DMA_Start	16	static
../Drivers/STM32H7xx_HAL_Driver/Src/stm32h7xx_hal_dma.c:675:19:HAL_DMA_Start_IT	16	static
../Drivers/STM32H7xx_HAL_Driver/Src/stm32h7xx_hal_dma.c:775:19:HAL_DMA_Abort	24	static
../Drivers/STM32H7xx_HAL_Driver/Src/stm32h7xx_hal_dma.c:891:19:HAL_DMA_Abort_IT	8	static
../Drivers/STM32H7xx_HAL_Driver/Src/stm32h7xx_hal_dma.c:975:19:HAL_DMA_PollForTransfer	40	static
../Drivers/STM32H7xx_HAL_Driver/Src/stm32h7xx_hal_dma.c:1202:6:HAL_DMA_IRQHandler	32	static
../Drivers/STM32H7xx_HAL_Driver/Src/stm32h7xx_hal_dma.c:1572:19:HAL_DMA_RegisterCallback	8	static
../Drivers/STM32H7xx_HAL_Driver/Src/stm32h7xx_hal_dma.c:1639:19:HAL_DMA_UnRegisterCallback	8	static
../Drivers/STM32H7xx_HAL_Driver/Src/stm32h7xx_hal_dma.c:1730:22:HAL_DMA_GetState	0	static
../Drivers/STM32H7xx_HAL_Driver/Src/stm32h7xx_hal_dma.c:1741:10:HAL_DMA_GetError	0	static
