Archive member included to satisfy reference by file (symbol)

/Applications/STM32CubeIDE.app/Contents/Eclipse/plugins/com.st.stm32cube.ide.mcu.externaltools.gnu-tools-for-stm32.10.3-2021.10.macos64_1.0.0.202111181127/tools/bin/../lib/gcc/arm-none-eabi/10.3.1/../../../../arm-none-eabi/lib/thumb/v7e-m+dp/hard/libc_nano.a(lib_a-errno.o)
                              ./Core/Src/syscalls.o (__errno)
/Applications/STM32CubeIDE.app/Contents/Eclipse/plugins/com.st.stm32cube.ide.mcu.externaltools.gnu-tools-for-stm32.10.3-2021.10.macos64_1.0.0.202111181127/tools/bin/../lib/gcc/arm-none-eabi/10.3.1/../../../../arm-none-eabi/lib/thumb/v7e-m+dp/hard/libc_nano.a(lib_a-exit.o)
                              /Applications/STM32CubeIDE.app/Contents/Eclipse/plugins/com.st.stm32cube.ide.mcu.externaltools.gnu-tools-for-stm32.10.3-2021.10.macos64_1.0.0.202111181127/tools/bin/../lib/gcc/arm-none-eabi/10.3.1/../../../../arm-none-eabi/lib/thumb/v7e-m+dp/hard/crt0.o (exit)
/Applications/STM32CubeIDE.app/Contents/Eclipse/plugins/com.st.stm32cube.ide.mcu.externaltools.gnu-tools-for-stm32.10.3-2021.10.macos64_1.0.0.202111181127/tools/bin/../lib/gcc/arm-none-eabi/10.3.1/../../../../arm-none-eabi/lib/thumb/v7e-m+dp/hard/libc_nano.a(lib_a-impure.o)
                              /Applications/STM32CubeIDE.app/Contents/Eclipse/plugins/com.st.stm32cube.ide.mcu.externaltools.gnu-tools-for-stm32.10.3-2021.10.macos64_1.0.0.202111181127/tools/bin/../lib/gcc/arm-none-eabi/10.3.1/../../../../arm-none-eabi/lib/thumb/v7e-m+dp/hard/libc_nano.a(lib_a-exit.o) (_global_impure_ptr)
/Applications/STM32CubeIDE.app/Contents/Eclipse/plugins/com.st.stm32cube.ide.mcu.externaltools.gnu-tools-for-stm32.10.3-2021.10.macos64_1.0.0.202111181127/tools/bin/../lib/gcc/arm-none-eabi/10.3.1/../../../../arm-none-eabi/lib/thumb/v7e-m+dp/hard/libc_nano.a(lib_a-init.o)
                              /Applications/STM32CubeIDE.app/Contents/Eclipse/plugins/com.st.stm32cube.ide.mcu.externaltools.gnu-tools-for-stm32.10.3-2021.10.macos64_1.0.0.202111181127/tools/bin/../lib/gcc/arm-none-eabi/10.3.1/../../../../arm-none-eabi/lib/thumb/v7e-m+dp/hard/crt0.o (__libc_init_array)
/Applications/STM32CubeIDE.app/Contents/Eclipse/plugins/com.st.stm32cube.ide.mcu.externaltools.gnu-tools-for-stm32.10.3-2021.10.macos64_1.0.0.202111181127/tools/bin/../lib/gcc/arm-none-eabi/10.3.1/../../../../arm-none-eabi/lib/thumb/v7e-m+dp/hard/libc_nano.a(lib_a-memcpy-stub.o)
                              ./Middlewares/OpenNNA2.0/core/opennna_core.o (memcpy)
/Applications/STM32CubeIDE.app/Contents/Eclipse/plugins/com.st.stm32cube.ide.mcu.externaltools.gnu-tools-for-stm32.10.3-2021.10.macos64_1.0.0.202111181127/tools/bin/../lib/gcc/arm-none-eabi/10.3.1/../../../../arm-none-eabi/lib/thumb/v7e-m+dp/hard/libc_nano.a(lib_a-memset.o)
                              /Applications/STM32CubeIDE.app/Contents/Eclipse/plugins/com.st.stm32cube.ide.mcu.externaltools.gnu-tools-for-stm32.10.3-2021.10.macos64_1.0.0.202111181127/tools/bin/../lib/gcc/arm-none-eabi/10.3.1/../../../../arm-none-eabi/lib/thumb/v7e-m+dp/hard/crt0.o (memset)
/Applications/STM32CubeIDE.app/Contents/Eclipse/plugins/com.st.stm32cube.ide.mcu.externaltools.gnu-tools-for-stm32.10.3-2021.10.macos64_1.0.0.202111181127/tools/bin/../lib/gcc/arm-none-eabi/10.3.1/../../../../arm-none-eabi/lib/thumb/v7e-m+dp/hard/libc_nano.a(lib_a-nano-vfprintf_float.o)
                              (_printf_float)
/Applications/STM32CubeIDE.app/Contents/Eclipse/plugins/com.st.stm32cube.ide.mcu.externaltools.gnu-tools-for-stm32.10.3-2021.10.macos64_1.0.0.202111181127/tools/bin/../lib/gcc/arm-none-eabi/10.3.1/../../../../arm-none-eabi/lib/thumb/v7e-m+dp/hard/libc_nano.a(lib_a-nano-vfprintf_i.o)
                              /Applications/STM32CubeIDE.app/Contents/Eclipse/plugins/com.st.stm32cube.ide.mcu.externaltools.gnu-tools-for-stm32.10.3-2021.10.macos64_1.0.0.202111181127/tools/bin/../lib/gcc/arm-none-eabi/10.3.1/../../../../arm-none-eabi/lib/thumb/v7e-m+dp/hard/libc_nano.a(lib_a-nano-vfprintf_float.o) (_printf_common)
/Applications/STM32CubeIDE.app/Contents/Eclipse/plugins/com.st.stm32cube.ide.mcu.externaltools.gnu-tools-for-stm32.10.3-2021.10.macos64_1.0.0.202111181127/tools/bin/../lib/gcc/arm-none-eabi/10.3.1/../../../../arm-none-eabi/lib/thumb/v7e-m+dp/hard/libc_nano.a(lib_a-printf.o)
                              ./Core/Src/main.o (printf)
/Applications/STM32CubeIDE.app/Contents/Eclipse/plugins/com.st.stm32cube.ide.mcu.externaltools.gnu-tools-for-stm32.10.3-2021.10.macos64_1.0.0.202111181127/tools/bin/../lib/gcc/arm-none-eabi/10.3.1/../../../../arm-none-eabi/lib/thumb/v7e-m+dp/hard/libc_nano.a(lib_a-puts.o)
                              ./Core/Src/main.o (puts)
/Applications/STM32CubeIDE.app/Contents/Eclipse/plugins/com.st.stm32cube.ide.mcu.externaltools.gnu-tools-for-stm32.10.3-2021.10.macos64_1.0.0.202111181127/tools/bin/../lib/gcc/arm-none-eabi/10.3.1/../../../../arm-none-eabi/lib/thumb/v7e-m+dp/hard/libc_nano.a(lib_a-sprintf.o)
[...]
Memory Configuration

Name             Origin             Length             Attributes
ITCMRAM          0x0000000000000000 0x0000000000010000 xrw
FLASH            0x0000000008000000 0x0000000000200000 xr
DTCMRAM1         0x0000000020000000 0x0000000000010000 xrw
DTCMRAM2         0x0000000020010000 0x0000000000010000 xrw
RAM              0x0000000024000000 0x0000000000100000 xrw
RAM_CD           0x0000000030000000 0x0000000000020000 xrw
RAM_SRD          0x0000000038000000 0x0000000000008000 xrw
*default*        0x0000000000000000 0xffffffffffffffff

Linker script and memory map

LOAD /Applications/STM32CubeIDE.app/Contents/Eclipse/plugins/com.st.stm32cube.ide.mcu.externaltools.gnu-tools-for-stm32.10.3-2021.10.macos64_1.0.0.202111181127/tools/bin/../lib/gcc/arm-none-eabi/10.3.1/thumb/v7e-m+dp/hard/crti.o
LOAD /Applications/STM32CubeIDE.app/Contents/Eclipse/plugins/com.st.stm32cube.ide.mcu.externaltools.gnu-tools-for-stm32.10.3-2021.10.macos64_1.0.0.202111181127/tools/bin/../lib/gcc/arm-none-eabi/10.3.1/thumb/v7e-m+dp/hard/crtbegin.o
LOAD /Applications/STM32CubeIDE.app/Contents/Eclipse/plugins/com.st.stm32cube.ide.mcu.externaltools.gnu-tools-for-stm32.10.3-2021.10.macos64_1.0.0.202111181127/tools/bin/../lib/gcc/arm-none-eabi/10.3.1/../../../../arm-none-eabi/lib/thumb/v7e-m+dp/hard/crt0.o
LOAD ./Core/Src/freertos.o
LOAD ./Core/Src/main.o
LOAD ./Core/Src/stm32h7xx_hal_msp.o
LOAD ./Core/Src/stm32h7xx_it.o
LOAD ./Core/Src/syscalls.o
LOAD ./Core/Src/sysmem.o
LOAD ./Core/Src/system_stm32h7xx.o
LOAD ./Core/Startup/startup_stm32h7a3zitxq.o
LOAD ./Drivers/STM32H7xx_HAL_Driver/Src/stm32h7xx_hal.o
LOAD ./Drivers/STM32H7xx_HAL_Driver/Src/stm32h7xx_hal_cortex.o
LOAD ./Drivers/STM32H7xx_HAL_Driver/Src/stm32h7xx_hal_dma.o
LOAD ./Drivers/STM32H7xx_HAL_Driver/Src/stm32h7xx_hal_dma_ex.o
LOAD ./Drivers/STM32H7xx_HAL_Driver/Src/stm32h7xx_hal_exti.o
LOAD ./Drivers/STM32H7xx_HAL_Driver/Src/stm32h7xx_hal_flash.o
LOAD ./Drivers/STM32H7xx_HAL_Driver/Src/stm32h7xx_hal_flash_ex.o
LOAD ./Drivers/STM32H7xx_HAL_Driver/Src/stm32h7xx_hal_gpio.o
LOAD ./Drivers/STM32H7xx_HAL_Driver/Src/stm32h7xx_hal_hsem.o
LOAD ./Drivers/STM32H7xx_HAL_Driver/Src/stm32h7xx_hal_i2c.o
LOAD ./Drivers/STM32H7xx_HAL_Driver/Src/stm32h7xx_hal_i2c_ex.o
LOAD ./Drivers/STM32H7xx_HAL_Driver/Src/stm32h7xx_hal_mdma.o
LOAD ./Drivers/STM32H7xx_HAL_Driver/Src/stm32h7xx_hal_pwr.o
LOAD ./Drivers/STM32H7xx_HAL_Driver/Src/stm32h7xx_hal_pwr_ex.o
LOAD ./Drivers/STM32H7xx_HAL_Driver/Src/stm32h7xx_hal_rcc.o
LOAD ./Drivers/STM32H7xx_HAL_Driver/Src/stm32h7xx_hal_rcc_ex.o
LOAD ./Drivers/STM32H7xx_HAL_Driver/Src/stm32h7xx_hal_tim.o
LOAD ./Drivers/STM32H7xx_HAL_Driver/Src/stm32h7xx_hal_tim_ex.o
LOAD ./Drivers/STM32H7xx_HAL_Driver/Src/stm32h7xx_hal_uart.o
LOAD ./Drivers/STM32H7xx_HAL_Driver/Src/stm32h7xx_hal_uart_ex.o
LOAD ./Middlewares/OpenNNA2.0/core/opennna_core.o
LOAD ./Middlewares/OpenNNA2.0/model/opennna_demo_conv(OpenNNA-Paper)-mnist.o
LOAD ./Middlewares/OpenNNA2.0/model/opennna_demo_example.o
LOAD ./Middlewares/OpenNNA2.0/operator/opennna_operator_avgpool.o
LOAD ./Middlewares/OpenNNA2.0/operator/opennna_operator_conv2d.o
LOAD ./Middlewares/OpenNNA2.0/operator/opennna_operator_dense.o
LOAD ./Middlewares/OpenNNA2.0/operator/opennna_operator_dwconv2d.o
LOAD ./Middlewares/OpenNNA2.0/operator/opennna_operator_example.o
LOAD ./Middlewares/OpenNNA2.0/operator/opennna_operator_leakyrelu.o
LOAD ./Middlewares/OpenNNA2.0/operator/opennna_operator_maxpool.o
LOAD ./Middlewares/OpenNNA2.0/operator/opennna_operator_padding.o
LOAD ./Middlewares/OpenNNA2.0/operator/opennna_operator_relu.o
LOAD ./Middlewares/OpenNNA2.0/operator/opennna_operator_relu6.o
LOAD ./Middlewares/OpenNNA2.0/operator/opennna_operator_softmax.o
LOAD ./Middlewares/OpenNNA2.0/operator/opennna_operator_tanh.o
LOAD ./Middlewares/Third_Party/FreeRTOS/Source/CMSIS_RTOS_V2/cmsis_os2.o
LOAD ./Middlewares/Third_Party/FreeRTOS/Source/croutine.o
LOAD ./Middlewares/Third_Party/FreeRTOS/Source/event_groups.o
LOAD ./Middlewares/Third_Party/FreeRTOS/Source/list.o
LOAD ./Middlewares/Third_Party/FreeRTOS/Source/queue.o
LOAD ./Middlewares/Third_Party/FreeRTOS/Source/stream_buffer.o
LOAD ./Middlewares/Third_Party/FreeRTOS/Source/tasks.o
LOAD ./Middlewares/Third_Party/FreeRTOS/Source/timers.o
LOAD ./Middlewares/Third_Party/FreeRTOS/Source/portable/GCC/ARM_CM4F/port.o
LOAD ./Middlewares/Third_Party/FreeRTOS/Source/portable/MemMang/heap_4.o
LOAD /Users/xdd/STM32CubeIDE/workspace_1.10.1/OpenNNA_STM32H7A3_Demo_Example/Middlewares/ST/ARM/DSP/Lib/GCC/libarm_cortexM7lfdp_math.a
START GROUP
LOAD /Applications/STM32CubeIDE.app/Contents/Eclipse/plugins/com.st.stm32cube.ide.mcu.externaltools.gnu-tools-for-stm32.10.3-2021.10.macos64_1.0.0.202111181127/tools/bin/../lib/gcc/arm-none-eabi/10.3.1/../../../../arm-none-eabi/lib/thumb/v7e-m+dp/hard/libc_nano.a
LOAD /Applications/STM32CubeIDE.app/Contents/Eclipse/plugins/com.st.stm32cube.ide.mcu.externaltools.gnu-tools-for-stm32.10.3-2021.10.macos64_1.0.0.202111181127/tools/bin/../lib/gcc/arm-none-eabi/10.3.1/../../../../arm-none-eabi/lib/thumb/v7e-m+dp/hard/libm.a
END GROUP
START GROUP
LOAD /Applications/STM32CubeIDE.app/Contents/Eclipse/plugins/com.st.stm32cube.ide.mcu.externaltools.gnu-tools-for-stm32.10.3-2021.10.macos64_1.0.0.202111181127/tools/bin/../lib/gcc/arm-none-eabi/10.3.1/thumb/v7e-m+dp/hard/libgcc.a
LOAD /Applications/STM32CubeIDE.app/Contents/Eclipse/plugins/com.st.stm32cube.ide.mcu.externaltools.gnu-tools-for-stm32.10.3-2021.10.macos64_1.0.0.202111181127/tools/bin/../lib/gcc/arm-none-eabi/10.3.1/../../../../arm-none-eabi/lib/thumb/v7e-m+dp/hard/libc_nano.a
END GROUP
START GROUP
LOAD /Applications/STM32CubeIDE.app/Contents/Eclipse/plugins/com.st.stm32cube.ide.mcu.externaltools.gnu-tools-for-stm32.10.3-2021.10.macos64_1.0.0.202111181127/tools/bin/../lib/gcc/arm-none-eabi/10.3.1/thumb/v7e-m+dp/hard/libgcc.a
LOAD /Applications/STM32CubeIDE.app/Contents/Eclipse/plugins/com.st.stm32cube.ide.mcu.externaltools.gnu-tools-for-stm32.10.3-2021.10.macos64_1.0.0.202111181127/tools/bin/../lib/gcc/arm-none-eabi/10.3.1/../../../../arm-none-eabi/lib/thumb/v7e-m+dp/hard/libc_nano.a
LOAD /Applications/STM32CubeIDE.app/Contents/Eclipse/plugins/com.st.stm32cube.ide.mcu.externaltools.gnu-tools-for-stm32.10.3-2021.10.macos64_1.0.0.202111181127/tools/bin/../lib/gcc/arm-none-eabi/10.3.1/../../../../arm-none-eabi/lib/thumb/v7e-m+dp/hard/libnosys.a
END GROUP
START GROUP
LOAD /Applications/STM32CubeIDE.app/Contents/Eclipse/plugins/com.st.stm32cube.ide.mcu.externaltools.gnu-tools-for-stm32.10.3-2021.10.macos64_1.0.0.202111181127/tools/bin/../lib/gcc/arm-none-eabi/10.3.1/thumb/v7e-m+dp/hard/libgcc.a
LOAD /Applications/STM32CubeIDE.app/Contents/Eclipse/plugins/com.st.stm32cube.ide.mcu.externaltools.gnu-tools-for-stm32.10.3-2021.10.macos64_1.0.0.202111181127/tools/bin/../lib/gcc/arm-none-eabi/10.3.1/../../../../arm-none-eabi/lib/thumb/v7e-m+dp/hard/libc_nano.a
LOAD /Applications/STM32CubeIDE.app/Contents/Eclipse/plugins/com.st.stm32cube.ide.mcu.externaltools.gnu-tools-for-stm32.10.3-2021.10.macos64_1.0.0.202111181127/tools/bin/../lib/gcc/arm-none-eabi/10.3.1/../../../../arm-none-eabi/lib/thumb/v7e-m+dp/hard/libnosys.a
END GROUP
LOAD /Applications/STM32CubeIDE.app/Contents/Eclipse/plugins/com.st.stm32cube.ide.mcu.externaltools.gnu-tools-for-stm32.10.3-2021.10.macos64_1.0.0.202111181127/tools/bin/../lib/gcc/arm-none-eabi/10.3.1/thumb/v7e-m+dp/hard/crtend.o
LOAD /Applications/STM32CubeIDE.app/Contents/Eclipse/plugins/com.st.stm32cube.ide.mcu.externaltools.gnu-tools-for-stm32.10.3-2021.10.macos64_1.0.0.202111181127/tools/bin/../lib/gcc/arm-none-eabi/10.3.1/thumb/v7e-m+dp/hard/crtn.o
                0x0000000024100000                _estack = (ORIGIN (RAM) + LENGTH (RAM))
                0x0000000000000200                _Min_Heap_Size = 0x200
                0x0000000000000400                _Min_Stack_Size = 0x400

.isr_vector     0x0000000008000000      0x2ac
                0x0000000008000000                . = ALIGN (0x4)
 *(.isr_vector)
 .isr_vector    0x0000000008000000      0x2ac ./Core/Startup/startup_stm32h7a3zitxq.o
                0x0000000008000000                g_pfnVectors
                0x00000000080002ac                . = ALIGN (0x4)

.text           0x00000000080002b0     0xa020
                0x00000000080002b0                . = ALIGN (0x4)
 *(.text)
 .text          0x00000000080002b0       0x40 /Applications/STM32CubeIDE.app/Contents/Eclipse/plugins/com.st.stm32cube.ide.mcu.externaltools.gnu-tools-for-stm32.10.3-2021.10.macos64_1.0.0.202111181127/tools/bin/../lib/gcc/arm-none-eabi/10.3.1/thumb/v7e-m+dp/hard/crtbegin.o
 .text          0x00000000080002f0       0x14 /Applications/STM32CubeIDE.app/Contents/Eclipse/plugins/com.st.stm32cube.ide.mcu.externaltools.gnu-tools-for-stm32.10.3-2021.10.macos64_1.0.0.202111181127/tools/bin/../lib/gcc/arm-none-eabi/10.3.1/../../../../arm-none-eabi/lib/thumb/v7e-m+dp/hard/libc_nano.a(lib_a-strcmp.o)
                0x00000000080002f0                strcmp
 .text          0x0000000008000304       0x10 /Applications/STM32CubeIDE.app/Contents/Eclipse/plugins/com.st.stm32cube.ide.mcu.externaltools.gnu-tools-for-stm32.10.3-2021.10.macos64_1.0.0.202111181127/tools/bin/../lib/gcc/arm-none-eabi/10.3.1/../../../../arm-none-eabi/lib/thumb/v7e-m+dp/hard/libc_nano.a(lib_a-strlen.o)
                0x0000000008000304                strlen
 *fill*         0x0000000008000314        0xc 
 .text          0x0000000008000320       0xa0 /Applications/STM32CubeIDE.app/Contents/Eclipse/plugins/com.st.stm32cube.ide.mcu.externaltools.gnu-tools-for-stm32.10.3-2021.10.macos64_1.0.0.202111181127/tools/bin/../lib/gcc/arm-none-eabi/10.3.1/../../../../arm-none-eabi/lib/thumb/v7e-m+dp/hard/libc_nano.a(lib_a-memchr.o)
                0x0000000008000320                memchr
 .text          0x00000000080003c0       0x30 /Applications/STM32CubeIDE.app/Contents/Eclipse/plugins/com.st.stm32cube.ide.mcu.externaltools.gnu-tools-for-stm32.10.3-2021.10.macos64_1.0.0.202111181127/tools/bin/../lib/gcc/arm-none-eabi/10.3.1/thumb/v7e-m+dp/hard/libgcc.a(_aeabi_uldivmod.o)
                0x00000000080003c0                __aeabi_uldivmod
 .text          0x00000000080003f0      0x2d0 /Applications/STM32CubeIDE.app/Contents/Eclipse/plugins/com.st.stm32cube.ide.mcu.externaltools.gnu-tools-for-stm32.10.3-2021.10.macos64_1.0.0.202111181127/tools/bin/../lib/gcc/arm-none-eabi/10.3.1/thumb/v7e-m+dp/hard/libgcc.a(_udivmoddi4.o)
                0x00000000080003f0                __udivmoddi4
 .text          0x00000000080006c0        0x4 /Applications/STM32CubeIDE.app/Contents/Eclipse/plugins/com.st.stm32cube.ide.mcu.externaltools.gnu-tools-for-stm32.10.3-2021.10.macos64_1.0.0.202111181127/tools/bin/../lib/gcc/arm-none-eabi/10.3.1/thumb/v7e-m+dp/hard/libgcc.a(_dvmd_tls.o)
                0x00000000080006c0                __aeabi_ldiv0
                0x00000000080006c0                __aeabi_idiv0
 *(.text*)
 .text.StartDefaultTask
                0x00000000080006c4       0x50 ./Core/Src/main.o
                0x00000000080006c4                StartDefaultTask
 .text._write   0x0000000008000714       0x1c ./Core/Src/main.o
                0x0000000008000714                _write
 .text.SystemClock_Config
                0x0000000008000730       0xd0 ./Core/Src/main.o
                0x0000000008000730                SystemClock_Config
 .text.startup.main
                0x0000000008000800      0x2b0 ./Core/Src/main.o
                0x0000000008000800                main
 .text.configureTimerForRunTimeStats
                0x0000000008000ab0       0x1c ./Core/Src/main.o
                0x0000000008000ab0                configureTimerForRunTimeStats
 .text.getRunTimeCounterValue
                0x0000000008000acc        0xc ./Core/Src/main.o
                0x0000000008000acc                getRunTimeCounterValue
 .text.HAL_TIM_PeriodElapsedCallback
                0x0000000008000ad8       0x28 ./Core/Src/main.o
                0x0000000008000ad8                HAL_TIM_PeriodElapsedCallback
 .text.Error_Handler
                0x0000000008000b00        0x4 ./Core/Src/main.o
                0x0000000008000b00                Error_Handler
 .text.HAL_MspInit
                0x0000000008000b04       0x34 ./Core/Src/stm32h7xx_hal_msp.o
                0x0000000008000b04                HAL_MspInit
 .text.HAL_TIM_Base_MspInit
                0x0000000008000b38       0x48 ./Core/Src/stm32h7xx_hal_msp.o
                0x0000000008000b38                HAL_TIM_Base_MspInit
 .text.HAL_UART_MspInit
                0x0000000008000b80       0xac ./Core/Src/stm32h7xx_hal_msp.o
                0x0000000008000b80                HAL_UART_MspInit
 .text.NMI_Handler
                0x0000000008000c2c        0x4 ./Core/Src/stm32h7xx_it.o
                0x0000000008000c2c                NMI_Handler
 .text.HardFault_Handler
                0x0000000008000c30        0x4 ./Core/Src/stm32h7xx_it.o
                0x0000000008000c30                HardFault_Handler
 .text.MemManage_Handler
                0x0000000008000c34        0x4 ./Core/Src/stm32h7xx_it.o
                0x0000000008000c34                MemManage_Handler
 .text.BusFault_Handler
                0x0000000008000c38        0x4 ./Core/Src/stm32h7xx_it.o
                0x0000000008000c38                BusFault_Handler
 .text.UsageFault_Handler
                0x0000000008000c3c        0x4 ./Core/Src/stm32h7xx_it.o
                0x0000000008000c3c                UsageFault_Handler
 .text.DebugMon_Handler
                0x0000000008000c40        0x4 ./Core/Src/stm32h7xx_it.o
                0x0000000008000c40                DebugMon_Handler
 .text.SysTick_Handler
                0x0000000008000c44       0x18 ./Core/Src/stm32h7xx_it.o
                0x0000000008000c44                SysTick_Handler
 .text.TIM3_IRQHandler
                0x0000000008000c5c        0xc ./Core/Src/stm32h7xx_it.o
                0x0000000008000c5c                TIM3_IRQHandler
 .text._getpid  0x0000000008000c68        0x4 ./Core/Src/syscalls.o
                0x0000000008000c68                _getpid
 .text._kill    0x0000000008000c6c       0x14 ./Core/Src/syscalls.o
                0x0000000008000c6c                _kill
 .text._exit    0x0000000008000c80        0xc ./Core/Src/syscalls.o
                0x0000000008000c80                _exit
 .text._read    0x0000000008000c8c       0x1c ./Core/Src/syscalls.o
                0x0000000008000c8c                _read
 .text._close   0x0000000008000ca8        0x8 ./Core/Src/syscalls.o
                0x0000000008000ca8                _close
 .text._fstat   0x0000000008000cb0        0xc ./Core/Src/syscalls.o
                0x0000000008000cb0                _fstat
 .text._isatty  0x0000000008000cbc        0x4 ./Core/Src/syscalls.o
                0x0000000008000cbc                _isatty
 .text._lseek   0x0000000008000cc0        0x4 ./Core/Src/syscalls.o
                0x0000000008000cc0                _lseek
 .text._sbrk    0x0000000008000cc4       0x48 ./Core/Src/sysmem.o
                0x0000000008000cc4                _sbrk
 .text.SystemInit
                0x0000000008000d0c       0xac ./Core/Src/system_stm32h7xx.o
                0x0000000008000d0c                SystemInit
 .text.Reset_Handler
                0x0000000008000db8       0x50 ./Core/Startup/startup_stm32h7a3zitxq.o
                0x0000000008000db8                Reset_Handler
 .text.Default_Handler
                0x0000000008000e08        0x2 ./Core/Startup/startup_stm32h7a3zitxq.o
                0x0000000008000e08                BDMA2_Channel4_IRQHandler
                0x0000000008000e08                EXTI2_IRQHandler
                0x0000000008000e08                TIM8_CC_IRQHandler
                0x0000000008000e08                UART8_IRQHandler
                0x0000000008000e08                BDMA2_Channel1_IRQHandler
                0x0000000008000e08                SPI4_IRQHandler
                0x0000000008000e08                BDMA2_Channel0_IRQHandler
                0x0000000008000e08                TIM1_CC_IRQHandler
                0x0000000008000e08                DMA2_Stream5_IRQHandler
                0x0000000008000e08                JPEG_IRQHandler
                0x0000000008000e08                DMA1_Stream5_IRQHandler
                0x0000000008000e08                EXTI3_IRQHandler
                0x0000000008000e08                LPTIM4_IRQHandler
                0x0000000008000e08                TIM8_TRG_COM_TIM14_IRQHandler
                0x0000000008000e08                LPTIM2_IRQHandler
                0x0000000008000e08                DFSDM1_FLT1_IRQHandler
                0x0000000008000e08                DMAMUX2_OVR_IRQHandler
                0x0000000008000e08                GFXMMU_IRQHandler
                0x0000000008000e08                TIM8_UP_TIM13_IRQHandler
                0x0000000008000e08                I2C3_ER_IRQHandler
                0x0000000008000e08                DFSDM1_FLT2_IRQHandler
                0x0000000008000e08                USART10_IRQHandler
                0x0000000008000e08                MDMA_IRQHandler
                0x0000000008000e08                LPTIM3_IRQHandler
                0x0000000008000e08                BDMA2_Channel3_IRQHandler
                0x0000000008000e08                HSEM1_IRQHandler
                0x0000000008000e08                EXTI0_IRQHandler
                0x0000000008000e08                I2C2_EV_IRQHandler
                0x0000000008000e08                DAC2_IRQHandler
                0x0000000008000e08                DMA1_Stream2_IRQHandler
                0x0000000008000e08                FPU_IRQHandler
                0x0000000008000e08                OTG_HS_WKUP_IRQHandler
                0x0000000008000e08                FDCAN1_IT1_IRQHandler
                0x0000000008000e08                LTDC_ER_IRQHandler
                0x0000000008000e08                DMA2_Stream2_IRQHandler
                0x0000000008000e08                SPI1_IRQHandler
                0x0000000008000e08                OCTOSPI1_IRQHandler
                0x0000000008000e08                TIM6_DAC_IRQHandler
                0x0000000008000e08                BDMA2_Channel6_IRQHandler
                0x0000000008000e08                DMA2_Stream3_IRQHandler
                0x0000000008000e08                OCTOSPI2_IRQHandler
                0x0000000008000e08                SAI2_IRQHandler
                0x0000000008000e08                BDMA1_IRQHandler
                0x0000000008000e08                DFSDM1_FLT3_IRQHandler
                0x0000000008000e08                USART6_IRQHandler
                0x0000000008000e08                TIM17_IRQHandler
                0x0000000008000e08                USART3_IRQHandler
                0x0000000008000e08                LPTIM5_IRQHandler
                0x0000000008000e08                UART5_IRQHandler
                0x0000000008000e08                DMA2_Stream0_IRQHandler
                0x0000000008000e08                TIM4_IRQHandler
                0x0000000008000e08                I2C1_EV_IRQHandler
                0x0000000008000e08                DMA1_Stream6_IRQHandler
                0x0000000008000e08                DMAMUX1_OVR_IRQHandler
                0x0000000008000e08                DMA1_Stream1_IRQHandler
                0x0000000008000e08                TIM16_IRQHandler
                0x0000000008000e08                UART4_IRQHandler
                0x0000000008000e08                RCC_IRQHandler
                0x0000000008000e08                UART9_IRQHandler
                0x0000000008000e08                TIM8_BRK_TIM12_IRQHandler
                0x0000000008000e08                TIM1_TRG_COM_IRQHandler
                0x0000000008000e08                Default_Handler
                0x0000000008000e08                ECC_IRQHandler
                0x0000000008000e08                BDMA2_Channel2_IRQHandler
                0x0000000008000e08                CEC_IRQHandler
                0x0000000008000e08                EXTI15_10_IRQHandler
                0x0000000008000e08                DFSDM1_FLT4_IRQHandler
                0x0000000008000e08                ADC_IRQHandler
                0x0000000008000e08                DMA1_Stream7_IRQHandler
                0x0000000008000e08                SPI5_IRQHandler
                0x0000000008000e08                TIM7_IRQHandler
                0x0000000008000e08                SDMMC1_IRQHandler
                0x0000000008000e08                TIM5_IRQHandler
                0x0000000008000e08                DMA2_Stream7_IRQHandler
                0x0000000008000e08                TIM15_IRQHandler
                0x0000000008000e08                I2C3_EV_IRQHandler
                0x0000000008000e08                DFSDM2_IRQHandler
                0x0000000008000e08                EXTI9_5_IRQHandler
                0x0000000008000e08                RTC_WKUP_IRQHandler
                0x0000000008000e08                LTDC_IRQHandler
                0x0000000008000e08                SPDIF_RX_IRQHandler
                0x0000000008000e08                PVD_PVM_IRQHandler
                0x0000000008000e08                SPI2_IRQHandler
                0x0000000008000e08                OTG_HS_EP1_IN_IRQHandler
                0x0000000008000e08                DFSDM1_FLT5_IRQHandler
                0x0000000008000e08                DMA1_Stream0_IRQHandler
                0x0000000008000e08                CRS_IRQHandler
                0x0000000008000e08                EXTI4_IRQHandler
                0x0000000008000e08                DFSDM1_FLT6_IRQHandler
                0x0000000008000e08                RNG_IRQHandler
                0x0000000008000e08                FDCAN2_IT1_IRQHandler
                0x0000000008000e08                COMP_IRQHandler
                0x0000000008000e08                TIM1_UP_IRQHandler
                0x0000000008000e08                OTG_HS_EP1_OUT_IRQHandler
                0x0000000008000e08                WWDG_IRQHandler
                0x0000000008000e08                SPI6_IRQHandler
                0x0000000008000e08                MDIOS_IRQHandler
                0x0000000008000e08                I2C4_EV_IRQHandler
                0x0000000008000e08                FDCAN2_IT0_IRQHandler
                0x0000000008000e08                LPUART1_IRQHandler
                0x0000000008000e08                FDCAN1_IT0_IRQHandler
                0x0000000008000e08                TIM2_IRQHandler
                0x0000000008000e08                BDMA2_Channel5_IRQHandler
                0x0000000008000e08                OTG_HS_IRQHandler
                0x0000000008000e08                DMA2D_IRQHandler
                0x0000000008000e08                TIM1_BRK_IRQHandler
                0x0000000008000e08                EXTI1_IRQHandler
                0x0000000008000e08                SDMMC2_IRQHandler
                0x0000000008000e08                DTS_IRQHandler
                0x0000000008000e08                UART7_IRQHandler
                0x0000000008000e08                MDIOS_WKUP_IRQHandler
                0x0000000008000e08                USART2_IRQHandler
                0x0000000008000e08                DFSDM1_FLT0_IRQHandler
                0x0000000008000e08                I2C2_ER_IRQHandler
                0x0000000008000e08                DMA2_Stream1_IRQHandler
                0x0000000008000e08                DFSDM1_FLT7_IRQHandler
                0x0000000008000e08                FLASH_IRQHandler
                0x0000000008000e08                DMA2_Stream4_IRQHandler
                0x0000000008000e08                USART1_IRQHandler
                0x0000000008000e08                SPI3_IRQHandler
                0x0000000008000e08                WAKEUP_PIN_IRQHandler
                0x0000000008000e08                DMA1_Stream4_IRQHandler
                0x0000000008000e08                I2C1_ER_IRQHandler
                0x0000000008000e08                FMC_IRQHandler
                0x0000000008000e08                BDMA2_Channel7_IRQHandler
                0x0000000008000e08                FDCAN_CAL_IRQHandler
                0x0000000008000e08                SWPMI1_IRQHandler
                0x0000000008000e08                LPTIM1_IRQHandler
                0x0000000008000e08                DCMI_PSSI_IRQHandler
                0x0000000008000e08                I2C4_ER_IRQHandler
                0x0000000008000e08                DMA2_Stream6_IRQHandler
                0x0000000008000e08                SAI1_IRQHandler
                0x0000000008000e08                DMA1_Stream3_IRQHandler
                0x0000000008000e08                RTC_TAMP_STAMP_CSS_LSE_IRQHandler
                0x0000000008000e08                RTC_Alarm_IRQHandler
 *fill*         0x0000000008000e0a        0x2 
 .text.HAL_InitTick
                0x0000000008000e0c       0x4c ./Drivers/STM32H7xx_HAL_Driver/Src/stm32h7xx_hal.o
                0x0000000008000e0c                HAL_InitTick
 .text.HAL_Init
                0x0000000008000e58       0x60 ./Drivers/STM32H7xx_HAL_Driver/Src/stm32h7xx_hal.o
                0x0000000008000e58                HAL_Init
 .text.HAL_IncTick
                0x0000000008000eb8       0x18 ./Drivers/STM32H7xx_HAL_Driver/Src/stm32h7xx_hal.o
                0x0000000008000eb8                HAL_IncTick
 .text.HAL_GetTick
                0x0000000008000ed0        0xc ./Drivers/STM32H7xx_HAL_Driver/Src/stm32h7xx_hal.o
                0x0000000008000ed0                HAL_GetTick
 .text.HAL_NVIC_SetPriorityGrouping
                0x0000000008000edc       0x24 ./Drivers/STM32H7xx_HAL_Driver/Src/stm32h7xx_hal_cortex.o
                0x0000000008000edc                HAL_NVIC_SetPriorityGrouping
 .text.HAL_NVIC_SetPriority
                0x0000000008000f00       0x7c ./Drivers/STM32H7xx_HAL_Driver/Src/stm32h7xx_hal_cortex.o
                0x0000000008000f00                HAL_NVIC_SetPriority
 .text.HAL_NVIC_EnableIRQ
                0x0000000008000f7c       0x1c ./Drivers/STM32H7xx_HAL_Driver/Src/stm32h7xx_hal_cortex.o
                0x0000000008000f7c                HAL_NVIC_EnableIRQ
 .text.HAL_SYSTICK_Config
                0x0000000008000f98       0x2c ./Drivers/STM32H7xx_HAL_Driver/Src/stm32h7xx_hal_cortex.o
                0x0000000008000f98                HAL_SYSTICK_Config
 .text.HAL_GPIO_Init
                0x0000000008000fc4      0x274 ./Drivers/STM32H7xx_HAL_Driver/Src/stm32h7xx_hal_gpio.o
                0x0000000008000fc4                HAL_GPIO_Init
 .text.HAL_GPIO_WritePin
                0x0000000008001238        0x8 ./Drivers/STM32H7xx_HAL_Driver/Src/stm32h7xx_hal_gpio.o
                0x0000000008001238                HAL_GPIO_WritePin
 .text.HAL_PWREx_ConfigSupply
                0x0000000008001240       0x7c ./Drivers/STM32H7xx_HAL_Driver/Src/stm32h7xx_hal_pwr_ex.o
                0x0000000008001240                HAL_PWREx_ConfigSupply
 .text.HAL_RCC_GetSysClockFreq.part.0
                0x00000000080012bc      0x108 ./Drivers/STM32H7xx_HAL_Driver/Src/stm32h7xx_hal_rcc.o
 .text.HAL_RCC_OscConfig
                0x00000000080013c4      0x58c ./Drivers/STM32H7xx_HAL_Driver/Src/stm32h7xx_hal_rcc.o
                0x00000000080013c4                HAL_RCC_OscConfig
 .text.HAL_RCC_GetSysClockFreq
                0x0000000008001950      0x140 ./Drivers/STM32H7xx_HAL_Driver/Src/stm32h7xx_hal_rcc.o
                0x0000000008001950                HAL_RCC_GetSysClockFreq
 .text.HAL_RCC_ClockConfig
                0x0000000008001a90      0x250 ./Drivers/STM32H7xx_HAL_Driver/Src/stm32h7xx_hal_rcc.o
                0x0000000008001a90                HAL_RCC_ClockConfig
 .text.HAL_RCC_GetHCLKFreq
                0x0000000008001ce0       0x80 ./Drivers/STM32H7xx_HAL_Driver/Src/stm32h7xx_hal_rcc.o
                0x0000000008001ce0                HAL_RCC_GetHCLKFreq
 .text.HAL_RCC_GetPCLK1Freq
                0x0000000008001d60       0x90 ./Drivers/STM32H7xx_HAL_Driver/Src/stm32h7xx_hal_rcc.o
                0x0000000008001d60                HAL_RCC_GetPCLK1Freq
 .text.HAL_RCC_GetPCLK2Freq
                0x0000000008001df0       0x90 ./Drivers/STM32H7xx_HAL_Driver/Src/stm32h7xx_hal_rcc.o
                0x0000000008001df0                HAL_RCC_GetPCLK2Freq
 .text.RCCEx_PLL2_Config
                0x0000000008001e80       0xf4 ./Drivers/STM32H7xx_HAL_Driver/Src/stm32h7xx_hal_rcc_ex.o
 .text.RCCEx_PLL3_Config
                0x0000000008001f74       0xf4 ./Drivers/STM32H7xx_HAL_Driver/Src/stm32h7xx_hal_rcc_ex.o
 .text.HAL_RCCEx_PeriphCLKConfig
                0x0000000008002068      0xa2c ./Drivers/STM32H7xx_HAL_Driver/Src/stm32h7xx_hal_rcc_ex.o
                0x0000000008002068                HAL_RCCEx_PeriphCLKConfig
 .text.HAL_RCCEx_GetD3PCLK1Freq
                0x0000000008002a94       0x24 ./Drivers/STM32H7xx_HAL_Driver/Src/stm32h7xx_hal_rcc_ex.o
                0x0000000008002a94                HAL_RCCEx_GetD3PCLK1Freq
 .text.HAL_RCCEx_GetPLL2ClockFreq
                0x0000000008002ab8      0x158 ./Drivers/STM32H7xx_HAL_Driver/Src/stm32h7xx_hal_rcc_ex.o
                0x0000000008002ab8                HAL_RCCEx_GetPLL2ClockFreq
 .text.HAL_RCCEx_GetPLL3ClockFreq
                0x0000000008002c10      0x158 ./Drivers/STM32H7xx_HAL_Driver/Src/stm32h7xx_hal_rcc_ex.o
                0x0000000008002c10                HAL_RCCEx_GetPLL3ClockFreq
 .text.HAL_TIM_Base_Init
                0x0000000008002d68      0x16c ./Drivers/STM32H7xx_HAL_Driver/Src/stm32h7xx_hal_tim.o
                0x0000000008002d68                HAL_TIM_Base_Init
 .text.HAL_TIM_Base_Start_IT
                0x0000000008002ed4       0xb8 ./Drivers/STM32H7xx_HAL_Driver/Src/stm32h7xx_hal_tim.o
                0x0000000008002ed4                HAL_TIM_Base_Start_IT
 .text.HAL_TIM_ConfigClockSource
                0x0000000008002f8c      0x198 ./Drivers/STM32H7xx_HAL_Driver/Src/stm32h7xx_hal_tim.o
                0x0000000008002f8c                HAL_TIM_ConfigClockSource
 .text.HAL_TIM_OC_DelayElapsedCallback
                0x0000000008003124        0x4 ./Drivers/STM32H7xx_HAL_Driver/Src/stm32h7xx_hal_tim.o
                0x0000000008003124                HAL_TIM_OC_DelayElapsedCallback
 .text.HAL_TIM_IC_CaptureCallback
                0x0000000008003128        0x4 ./Drivers/STM32H7xx_HAL_Driver/Src/stm32h7xx_hal_tim.o
                0x0000000008003128                HAL_TIM_IC_CaptureCallback
 .text.HAL_TIM_PWM_PulseFinishedCallback
                0x000000000800312c        0x4 ./Drivers/STM32H7xx_HAL_Driver/Src/stm32h7xx_hal_tim.o
                0x000000000800312c                HAL_TIM_PWM_PulseFinishedCallback
 .text.HAL_TIM_TriggerCallback
                0x0000000008003130        0x4 ./Drivers/STM32H7xx_HAL_Driver/Src/stm32h7xx_hal_tim.o
                0x0000000008003130                HAL_TIM_TriggerCallback
 .text.HAL_TIM_IRQHandler
                0x0000000008003134      0x170 ./Drivers/STM32H7xx_HAL_Driver/Src/stm32h7xx_hal_tim.o
                0x0000000008003134                HAL_TIM_IRQHandler
 .text.HAL_TIMEx_MasterConfigSynchronization
                0x00000000080032a4       0xb4 ./Drivers/STM32H7xx_HAL_Driver/Src/stm32h7xx_hal_tim_ex.o
                0x00000000080032a4                HAL_TIMEx_MasterConfigSynchronization
 .text.HAL_TIMEx_CommutCallback
                0x0000000008003358        0x4 ./Drivers/STM32H7xx_HAL_Driver/Src/stm32h7xx_hal_tim_ex.o
                0x0000000008003358                HAL_TIMEx_CommutCallback
 .text.HAL_TIMEx_BreakCallback
                0x000000000800335c        0x4 ./Drivers/STM32H7xx_HAL_Driver/Src/stm32h7xx_hal_tim_ex.o
                0x000000000800335c                HAL_TIMEx_BreakCallback
 .text.HAL_TIMEx_Break2Callback
                0x0000000008003360        0x4 ./Drivers/STM32H7xx_HAL_Driver/Src/stm32h7xx_hal_tim_ex.o
                0x0000000008003360                HAL_TIMEx_Break2Callback
 .text.UART_SetConfig
                0x0000000008003364      0x52c ./Drivers/STM32H7xx_HAL_Driver/Src/stm32h7xx_hal_uart.o
                0x0000000008003364                UART_SetConfig
 .text.UART_AdvFeatureConfig
                0x0000000008003890       0xb0 ./Drivers/STM32H7xx_HAL_Driver/Src/stm32h7xx_hal_uart.o
                0x0000000008003890                UART_AdvFeatureConfig
 .text.UART_WaitOnFlagUntilTimeout
                0x0000000008003940       0xf0 ./Drivers/STM32H7xx_HAL_Driver/Src/stm32h7xx_hal_uart.o
                0x0000000008003940                UART_WaitOnFlagUntilTimeout
 .text.HAL_UART_Transmit
                0x0000000008003a30      0x198 ./Drivers/STM32H7xx_HAL_Driver/Src/stm32h7xx_hal_uart.o
                0x0000000008003a30                HAL_UART_Transmit
 .text.HAL_UART_Init
                0x0000000008003bc8       0xd8 ./Drivers/STM32H7xx_HAL_Driver/Src/stm32h7xx_hal_uart.o
                0x0000000008003bc8                HAL_UART_Init
 .text.HAL_UARTEx_DisableFifoMode
                0x0000000008003ca0       0x3c ./Drivers/STM32H7xx_HAL_Driver/Src/stm32h7xx_hal_uart_ex.o
                0x0000000008003ca0                HAL_UARTEx_DisableFifoMode
 .text.HAL_UARTEx_SetTxFifoThreshold
                0x0000000008003cdc       0x84 ./Drivers/STM32H7xx_HAL_Driver/Src/stm32h7xx_hal_uart_ex.o
                0x0000000008003cdc                HAL_UARTEx_SetTxFifoThreshold
 .text.HAL_UARTEx_SetRxFifoThreshold
                0x0000000008003d60       0x84 ./Drivers/STM32H7xx_HAL_Driver/Src/stm32h7xx_hal_uart_ex.o
                0x0000000008003d60                HAL_UARTEx_SetRxFifoThreshold
 .text.OpenNNA_Malloc
                0x0000000008003de4       0x10 ./Middlewares/OpenNNA2.0/core/opennna_core.o
                0x0000000008003de4                OpenNNA_Malloc
 .text.OpenNNA_CreateNetwork
                0x0000000008003df4       0x38 ./Middlewares/OpenNNA2.0/core/opennna_core.o
                0x0000000008003df4                OpenNNA_CreateNetwork
 .text.OpenNNA_Add_Layer
                0x0000000008003e2c       0x9c ./Middlewares/OpenNNA2.0/core/opennna_core.o
                0x0000000008003e2c                OpenNNA_Add_Layer
 .text.OpenNNA_Init
                0x0000000008003ec8       0x5c ./Middlewares/OpenNNA2.0/core/opennna_core.o
                0x0000000008003ec8                OpenNNA_Init
 .text.OpenNNA_Predict
                0x0000000008003f24       0xe0 ./Middlewares/OpenNNA2.0/core/opennna_core.o
                0x0000000008003f24                OpenNNA_Predict
 .text.OpenNNA_Demo_Conv_OpenNNAPaper
                0x0000000008004004      0x328 ./Middlewares/OpenNNA2.0/model/opennna_demo_conv(OpenNNA-Paper)-mnist.o
                0x0000000008004004                OpenNNA_Demo_Conv_OpenNNAPaper
 .text.OpenNNA_Demo_Conv_OpenNNAPaper_Predict
                0x000000000800432c       0x44 ./Middlewares/OpenNNA2.0/model/opennna_demo_conv(OpenNNA-Paper)-mnist.o
                0x000000000800432c                OpenNNA_Demo_Conv_OpenNNAPaper_Predict
 .text.OpenNNA_Operator_AvgPool
                0x0000000008004370      0x14c ./Middlewares/OpenNNA2.0/operator/opennna_operator_avgpool.o
                0x0000000008004370                OpenNNA_Operator_AvgPool
 .text.OpenNNA_Operator_Conv2d
                0x00000000080044bc      0x1bc ./Middlewares/OpenNNA2.0/operator/opennna_operator_conv2d.o
                0x00000000080044bc                OpenNNA_Operator_Conv2d
 .text.OpenNNA_Operator_Dense
                0x0000000008004678       0x5c ./Middlewares/OpenNNA2.0/operator/opennna_operator_dense.o
                0x0000000008004678                OpenNNA_Operator_Dense
 .text.OpenNNA_Operator_DWConv2d
                0x00000000080046d4      0x1b4 ./Middlewares/OpenNNA2.0/operator/opennna_operator_dwconv2d.o
                0x00000000080046d4                OpenNNA_Operator_DWConv2d
 .text.OpenNNA_Operator_Example
                0x0000000008004888       0xc4 ./Middlewares/OpenNNA2.0/operator/opennna_operator_example.o
                0x0000000008004888                OpenNNA_Operator_Example
 *fill*         0x000000000800494c        0x4 
 .text.OpenNNA_Operator_LeakyReLU
                0x0000000008004950       0x98 ./Middlewares/OpenNNA2.0/operator/opennna_operator_leakyrelu.o
                0x0000000008004950                OpenNNA_Operator_LeakyReLU
 .text.OpenNNA_Operator_MaxPool
                0x00000000080049e8      0x114 ./Middlewares/OpenNNA2.0/operator/opennna_operator_maxpool.o
                0x00000000080049e8                OpenNNA_Operator_MaxPool
 .text.OpenNNA_Operator_Padding
                0x0000000008004afc      0x14c ./Middlewares/OpenNNA2.0/operator/opennna_operator_padding.o
                0x0000000008004afc                OpenNNA_Operator_Padding
 .text.OpenNNA_Operator_ReLU
                0x0000000008004c48       0x6c ./Middlewares/OpenNNA2.0/operator/opennna_operator_relu.o
                0x0000000008004c48                OpenNNA_Operator_ReLU
 .text.OpenNNA_Operator_ReLU6
                0x0000000008004cb4       0x88 ./Middlewares/OpenNNA2.0/operator/opennna_operator_relu6.o
                0x0000000008004cb4                OpenNNA_Operator_ReLU6
 .text.OpenNNA_Operator_Softmax
                0x0000000008004d3c      0x108 ./Middlewares/OpenNNA2.0/operator/opennna_operator_softmax.o
                0x0000000008004d3c                OpenNNA_Operator_Softmax
 .text.OpenNNA_Operator_tanh
                0x0000000008004e44       0xa8 ./Middlewares/OpenNNA2.0/operator/opennna_operator_tanh.o
                0x0000000008004e44                OpenNNA_Operator_tanh
 .text.osKernelInitialize
                0x0000000008004eec       0x24 ./Middlewares/Third_Party/FreeRTOS/Source/CMSIS_RTOS_V2/cmsis_os2.o
                0x0000000008004eec                osKernelInitialize
 .text.osKernelStart
                0x0000000008004f10       0x34 ./Middlewares/Third_Party/FreeRTOS/Source/CMSIS_RTOS_V2/cmsis_os2.o
                0x0000000008004f10                osKernelStart
 .text.osThreadNew
                0x0000000008004f44       0x94 ./Middlewares/Third_Party/FreeRTOS/Source/CMSIS_RTOS_V2/cmsis_os2.o
                0x0000000008004f44                osThreadNew
 .text.osDelay  0x0000000008004fd8       0x1c ./Middlewares/Third_Party/FreeRTOS/Source/CMSIS_RTOS_V2/cmsis_os2.o
                0x0000000008004fd8                osDelay
 .text.vApplicationGetIdleTaskMemory
                0x0000000008004ff4       0x1c ./Middlewares/Third_Party/FreeRTOS/Source/CMSIS_RTOS_V2/cmsis_os2.o
                0x0000000008004ff4                vApplicationGetIdleTaskMemory
 .text.vApplicationGetTimerTaskMemory
                0x0000000008005010       0x20 ./Middlewares/Third_Party/FreeRTOS/Source/CMSIS_RTOS_V2/cmsis_os2.o
                0x0000000008005010                vApplicationGetTimerTaskMemory
 .text.vListInitialise
                0x0000000008005030       0x18 ./Middlewares/Third_Party/FreeRTOS/Source/list.o
                0x0000000008005030                vListInitialise
 .text.vListInitialiseItem
                0x0000000008005048        0x8 ./Middlewares/Third_Party/FreeRTOS/Source/list.o
                0x0000000008005048                vListInitialiseItem
 .text.vListInsertEnd
                0x0000000008005050       0x20 ./Middlewares/Third_Party/FreeRTOS/Source/list.o
                0x0000000008005050                vListInsertEnd
 .text.vListInsert
                0x0000000008005070       0x30 ./Middlewares/Third_Party/FreeRTOS/Source/list.o
                0x0000000008005070                vListInsert
 .text.uxListRemove
                0x00000000080050a0       0x28 ./Middlewares/Third_Party/FreeRTOS/Source/list.o
                0x00000000080050a0                uxListRemove
 .text.prvCopyDataToQueue
                0x00000000080050c8       0x84 ./Middlewares/Third_Party/FreeRTOS/Source/queue.o
 .text.xQueueGenericCreateStatic
                0x000000000800514c       0xd8 ./Middlewares/Third_Party/FreeRTOS/Source/queue.o
                0x000000000800514c                xQueueGenericCreateStatic
 .text.xQueueGenericSend
                0x0000000008005224      0x304 ./Middlewares/Third_Party/FreeRTOS/Source/queue.o
                0x0000000008005224                xQueueGenericSend
 .text.xQueueReceive
                0x0000000008005528      0x304 ./Middlewares/Third_Party/FreeRTOS/Source/queue.o
                0x0000000008005528                xQueueReceive
 .text.vQueueAddToRegistry
                0x000000000800582c       0x50 ./Middlewares/Third_Party/FreeRTOS/Source/queue.o
                0x000000000800582c                vQueueAddToRegistry
 .text.vQueueWaitForMessageRestricted
                0x000000000800587c       0xc8 ./Middlewares/Third_Party/FreeRTOS/Source/queue.o
                0x000000000800587c                vQueueWaitForMessageRestricted
 .text.prvAddNewTaskToReadyList
                0x0000000008005944      0x110 ./Middlewares/Third_Party/FreeRTOS/Source/tasks.o
 .text.prvInitialiseNewTask.constprop.0
                0x0000000008005a54      0x134 ./Middlewares/Third_Party/FreeRTOS/Source/tasks.o
 .text.prvIdleTask
                0x0000000008005b88       0x98 ./Middlewares/Third_Party/FreeRTOS/Source/tasks.o
 .text.xTaskIncrementTick.part.0
                0x0000000008005c20      0x150 ./Middlewares/Third_Party/FreeRTOS/Source/tasks.o
 .text.xTaskResumeAll.part.0
                0x0000000008005d70      0x134 ./Middlewares/Third_Party/FreeRTOS/Source/tasks.o
 .text.prvListTasksWithinSingleList.part.0
                0x0000000008005ea4      0x124 ./Middlewares/Third_Party/FreeRTOS/Source/tasks.o
 .text.xTaskCreateStatic
                0x0000000008005fc8       0x74 ./Middlewares/Third_Party/FreeRTOS/Source/tasks.o
                0x0000000008005fc8                xTaskCreateStatic
 .text.xTaskCreate
                0x000000000800603c       0x64 ./Middlewares/Third_Party/FreeRTOS/Source/tasks.o
                0x000000000800603c                xTaskCreate
 .text.vTaskDelay
                0x00000000080060a0       0xac ./Middlewares/Third_Party/FreeRTOS/Source/tasks.o
                0x00000000080060a0                vTaskDelay
 .text.vTaskStartScheduler
                0x000000000800614c      0x124 ./Middlewares/Third_Party/FreeRTOS/Source/tasks.o
                0x000000000800614c                vTaskStartScheduler
 .text.vTaskSuspendAll
                0x0000000008006270       0x10 ./Middlewares/Third_Party/FreeRTOS/Source/tasks.o
                0x0000000008006270                vTaskSuspendAll
 .text.xTaskResumeAll
                0x0000000008006280       0x20 ./Middlewares/Third_Party/FreeRTOS/Source/tasks.o
                0x0000000008006280                xTaskResumeAll
 .text.xTaskGetTickCount
                0x00000000080062a0        0xc ./Middlewares/Third_Party/FreeRTOS/Source/tasks.o
                0x00000000080062a0                xTaskGetTickCount
 .text.uxTaskGetSystemState
                0x00000000080062ac      0x1b0 ./Middlewares/Third_Party/FreeRTOS/Source/tasks.o
                0x00000000080062ac                uxTaskGetSystemState
 .text.xTaskIncrementTick
                0x000000000800645c       0x20 ./Middlewares/Third_Party/FreeRTOS/Source/tasks.o
                0x000000000800645c                xTaskIncrementTick
 .text.vTaskSwitchContext
                0x000000000800647c       0xa0 ./Middlewares/Third_Party/FreeRTOS/Source/tasks.o
                0x000000000800647c                vTaskSwitchContext
 .text.vTaskPlaceOnEventList
                0x000000000800651c       0x88 ./Middlewares/Third_Party/FreeRTOS/Source/tasks.o
                0x000000000800651c                vTaskPlaceOnEventList
 .text.vTaskPlaceOnEventListRestricted
                0x00000000080065a4       0x94 ./Middlewares/Third_Party/FreeRTOS/Source/tasks.o
                0x00000000080065a4                vTaskPlaceOnEventListRestricted
 .text.xTaskRemoveFromEventList
                0x0000000008006638       0x94 ./Middlewares/Third_Party/FreeRTOS/Source/tasks.o
                0x0000000008006638                xTaskRemoveFromEventList
 .text.vTaskInternalSetTimeOutState
                0x00000000080066cc       0x18 ./Middlewares/Third_Party/FreeRTOS/Source/tasks.o
                0x00000000080066cc                vTaskInternalSetTimeOutState
 .text.xTaskCheckForTimeOut
                0x00000000080066e4       0x90 ./Middlewares/Third_Party/FreeRTOS/Source/tasks.o
                0x00000000080066e4                xTaskCheckForTimeOut
 .text.vTaskMissedYield
                0x0000000008006774        0xc ./Middlewares/Third_Party/FreeRTOS/Source/tasks.o
                0x0000000008006774                vTaskMissedYield
 .text.xTaskGetSchedulerState
                0x0000000008006780       0x20 ./Middlewares/Third_Party/FreeRTOS/Source/tasks.o
                0x0000000008006780                xTaskGetSchedulerState
 .text.xTaskPriorityDisinherit
                0x00000000080067a0       0x8c ./Middlewares/Third_Party/FreeRTOS/Source/tasks.o
                0x00000000080067a0                xTaskPriorityDisinherit
 .text.vTaskGetRunTimeStats
                0x000000000800682c       0xd8 ./Middlewares/Third_Party/FreeRTOS/Source/tasks.o
                0x000000000800682c                vTaskGetRunTimeStats
 .text.prvSwitchTimerLists
                0x0000000008006904       0x9c ./Middlewares/Third_Party/FreeRTOS/Source/timers.o
 .text.prvTimerTask
                0x00000000080069a0      0x294 ./Middlewares/Third_Party/FreeRTOS/Source/timers.o
 .text.xTimerCreateTimerTask
                0x0000000008006c34       0xbc ./Middlewares/Third_Party/FreeRTOS/Source/timers.o
                0x0000000008006c34                xTimerCreateTimerTask
 .text.prvPortStartFirstTask
                0x0000000008006cf0       0x28 ./Middlewares/Third_Party/FreeRTOS/Source/portable/GCC/ARM_CM4F/port.o
 .text.vPortEnableVFP
                0x0000000008006d18       0x14 ./Middlewares/Third_Party/FreeRTOS/Source/portable/GCC/ARM_CM4F/port.o
 .text.prvTaskExitError
                0x0000000008006d2c       0x40 ./Middlewares/Third_Party/FreeRTOS/Source/portable/GCC/ARM_CM4F/port.o
 .text.pxPortInitialiseStack
                0x0000000008006d6c       0x30 ./Middlewares/Third_Party/FreeRTOS/Source/portable/GCC/ARM_CM4F/port.o
                0x0000000008006d6c                pxPortInitialiseStack
 *fill*         0x0000000008006d9c        0x4 
 .text.SVC_Handler
                0x0000000008006da0       0x24 ./Middlewares/Third_Party/FreeRTOS/Source/portable/GCC/ARM_CM4F/port.o
                0x0000000008006da0                SVC_Handler
 .text.vPortEnterCritical
                0x0000000008006dc4       0x44 ./Middlewares/Third_Party/FreeRTOS/Source/portable/GCC/ARM_CM4F/port.o
                0x0000000008006dc4                vPortEnterCritical
 .text.vPortExitCritical
                0x0000000008006e08       0x28 ./Middlewares/Third_Party/FreeRTOS/Source/portable/GCC/ARM_CM4F/port.o
                0x0000000008006e08                vPortExitCritical
 .text.PendSV_Handler
                0x0000000008006e30       0x64 ./Middlewares/Third_Party/FreeRTOS/Source/portable/GCC/ARM_CM4F/port.o
                0x0000000008006e30                PendSV_Handler
 .text.xPortSysTickHandler
                0x0000000008006e94       0x2c ./Middlewares/Third_Party/FreeRTOS/Source/portable/GCC/ARM_CM4F/port.o
                0x0000000008006e94                xPortSysTickHandler
 .text.vPortSetupTimerInterrupt
                0x0000000008006ec0       0x28 ./Middlewares/Third_Party/FreeRTOS/Source/portable/GCC/ARM_CM4F/port.o
                0x0000000008006ec0                vPortSetupTimerInterrupt
 .text.xPortStartScheduler
                0x0000000008006ee8      0x140 ./Middlewares/Third_Party/FreeRTOS/Source/portable/GCC/ARM_CM4F/port.o
                0x0000000008006ee8                xPortStartScheduler
 .text.pvPortMalloc
                0x0000000008007028      0x178 ./Middlewares/Third_Party/FreeRTOS/Source/portable/MemMang/heap_4.o
                0x0000000008007028                pvPortMalloc
 .text.vPortFree
                0x00000000080071a0       0xc4 ./Middlewares/Third_Party/FreeRTOS/Source/portable/MemMang/heap_4.o
                0x00000000080071a0                vPortFree
 .text.__errno  0x0000000008007264        0xc /Applications/STM32CubeIDE.app/Contents/Eclipse/plugins/com.st.stm32cube.ide.mcu.externaltools.gnu-tools-for-stm32.10.3-2021.10.macos64_1.0.0.202111181127/tools/bin/../lib/gcc/arm-none-eabi/10.3.1/../../../../arm-none-eabi/lib/thumb/v7e-m+dp/hard/libc_nano.a(lib_a-errno.o)
                0x0000000008007264                __errno
 .text.__libc_init_array
                0x0000000008007270       0x48 /Applications/STM32CubeIDE.app/Contents/Eclipse/plugins/com.st.stm32cube.ide.mcu.externaltools.gnu-tools-for-stm32.10.3-2021.10.macos64_1.0.0.202111181127/tools/bin/../lib/gcc/arm-none-eabi/10.3.1/../../../../arm-none-eabi/lib/thumb/v7e-m+dp/hard/libc_nano.a(lib_a-init.o)
                0x0000000008007270                __libc_init_array
 .text.memcpy   0x00000000080072b8       0x1c /Applications/STM32CubeIDE.app/Contents/Eclipse/plugins/com.st.stm32cube.ide.mcu.externaltools.gnu-tools-for-stm32.10.3-2021.10.macos64_1.0.0.202111181127/tools/bin/../lib/gcc/arm-none-eabi/10.3.1/../../../../arm-none-eabi/lib/thumb/v7e-m+dp/hard/libc_nano.a(lib_a-memcpy-stub.o)
                0x00000000080072b8                memcpy
 .text.memset   0x00000000080072d4       0x10 /Applications/STM32CubeIDE.app/Contents/Eclipse/plugins/com.st.stm32cube.ide.mcu.externaltools.gnu-tools-for-stm32.10.3-2021.10.macos64_1.0.0.202111181127/tools/bin/../lib/gcc/arm-none-eabi/10.3.1/../../../../arm-none-eabi/lib/thumb/v7e-m+dp/hard/libc_nano.a(lib_a-memset.o)
                0x00000000080072d4                memset
 .text.__cvt    0x00000000080072e4       0xa4 /Applications/STM32CubeIDE.app/Contents/Eclipse/plugins/com.st.stm32cube.ide.mcu.externaltools.gnu-tools-for-stm32.10.3-2021.10.macos64_1.0.0.202111181127/tools/bin/../lib/gcc/arm-none-eabi/10.3.1/../../../../arm-none-eabi/lib/thumb/v7e-m+dp/hard/libc_nano.a(lib_a-nano-vfprintf_float.o)
                0x00000000080072e4                __cvt
 .text.__exponent
                0x0000000008007388       0x7c /Applications/STM32CubeIDE.app/Contents/Eclipse/plugins/com.st.stm32cube.ide.mcu.externaltools.gnu-tools-for-stm32.10.3-2021.10.macos64_1.0.0.202111181127/tools/bin/../lib/gcc/arm-none-eabi/10.3.1/../../../../arm-none-eabi/lib/thumb/v7e-m+dp/hard/libc_nano.a(lib_a-nano-vfprintf_float.o)
                0x0000000008007388                __exponent
 *fill*         0x0000000008007404        0x4 
 .text._printf_float
                0x0000000008007408      0x43c /Applications/STM32CubeIDE.app/Contents/Eclipse/plugins/com.st.stm32cube.ide.mcu.externaltools.gnu-tools-for-stm32.10.3-2021.10.macos64_1.0.0.202111181127/tools/bin/../lib/gcc/arm-none-eabi/10.3.1/../../../../arm-none-eabi/lib/thumb/v7e-m+dp/hard/libc_nano.a(lib_a-nano-vfprintf_float.o)
                0x0000000008007408                _printf_float
 .text._printf_common
                0x0000000008007844       0xda /Applications/STM32CubeIDE.app/Contents/Eclipse/plugins/com.st.stm32cube.ide.mcu.externaltools.gnu-tools-for-stm32.10.3-2021.10.macos64_1.0.0.202111181127/tools/bin/../lib/gcc/arm-none-eabi/10.3.1/../../../../arm-none-eabi/lib/thumb/v7e-m+dp/hard/libc_nano.a(lib_a-nano-vfprintf_i.o)
                0x0000000008007844                _printf_common
 *fill*         0x000000000800791e        0x2 
 .text._printf_i
                0x0000000008007920      0x24c /Applications/STM32CubeIDE.app/Contents/Eclipse/plugins/com.st.stm32cube.ide.mcu.externaltools.gnu-tools-for-stm32.10.3-2021.10.macos64_1.0.0.202111181127/tools/bin/../lib/gcc/arm-none-eabi/10.3.1/../../../../arm-none-eabi/lib/thumb/v7e-m+dp/hard/libc_nano.a(lib_a-nano-vfprintf_i.o)
                0x0000000008007920                _printf_i
 .text.printf   0x0000000008007b6c       0x30 /Applications/STM32CubeIDE.app/Contents/Eclipse/plugins/com.st.stm32cube.ide.mcu.externaltools.gnu-tools-for-stm32.10.3-2021.10.macos64_1.0.0.202111181127/tools/bin/../lib/gcc/arm-none-eabi/10.3.1/../../../../arm-none-eabi/lib/thumb/v7e-m+dp/hard/libc_nano.a(lib_a-printf.o)
                0x0000000008007b6c                printf
                0x0000000008007b6c                iprintf
 .text._puts_r  0x0000000008007b9c       0xdc /Applications/STM32CubeIDE.app/Contents/Eclipse/plugins/com.st.stm32cube.ide.mcu.externaltools.gnu-tools-for-stm32.10.3-2021.10.macos64_1.0.0.202111181127/tools/bin/../lib/gcc/arm-none-eabi/10.3.1/../../../../arm-none-eabi/lib/thumb/v7e-m+dp/hard/libc_nano.a(lib_a-puts.o)
                0x0000000008007b9c                _puts_r
 .text.puts     0x0000000008007c78       0x10 /Applications/STM32CubeIDE.app/Contents/Eclipse/plugins/com.st.stm32cube.ide.mcu.externaltools.gnu-tools-for-stm32.10.3-2021.10.macos64_1.0.0.202111181127/tools/bin/../lib/gcc/arm-none-eabi/10.3.1/../../../../arm-none-eabi/lib/thumb/v7e-m+dp/hard/libc_nano.a(lib_a-puts.o)
                0x0000000008007c78                puts
 .text.sprintf  0x0000000008007c88       0x40 /Applications/STM32CubeIDE.app/Contents/Eclipse/plugins/com.st.stm32cube.ide.mcu.externaltools.gnu-tools-for-stm32.10.3-2021.10.macos64_1.0.0.202111181127/tools/bin/../lib/gcc/arm-none-eabi/10.3.1/../../../../arm-none-eabi/lib/thumb/v7e-m+dp/hard/libc_nano.a(lib_a-sprintf.o)
                0x0000000008007c88                sprintf
                0x0000000008007c88                siprintf
 .text.stpcpy   0x0000000008007cc8       0x12 /Applications/STM32CubeIDE.app/Contents/Eclipse/plugins/com.st.stm32cube.ide.mcu.externaltools.gnu-tools-for-stm32.10.3-2021.10.macos64_1.0.0.202111181127/tools/bin/../lib/gcc/arm-none-eabi/10.3.1/../../../../arm-none-eabi/lib/thumb/v7e-m+dp/hard/libc_nano.a(lib_a-stpcpy.o)
                0x0000000008007cc8                stpcpy
 *fill*         0x0000000008007cda        0x2 
 .text.__swbuf_r
                0x0000000008007cdc       0xa4 /Applications/STM32CubeIDE.app/Contents/Eclipse/plugins/com.st.stm32cube.ide.mcu.externaltools.gnu-tools-for-stm32.10.3-2021.10.macos64_1.0.0.202111181127/tools/bin/../lib/gcc/arm-none-eabi/10.3.1/../../../../arm-none-eabi/lib/thumb/v7e-m+dp/hard/libc_nano.a(lib_a-wbuf.o)
                0x0000000008007cdc                __swbuf_r
 .text.__swsetup_r
                0x0000000008007d80       0xdc /Applications/STM32CubeIDE.app/Contents/Eclipse/plugins/com.st.stm32cube.ide.mcu.externaltools.gnu-tools-for-stm32.10.3-2021.10.macos64_1.0.0.202111181127/tools/bin/../lib/gcc/arm-none-eabi/10.3.1/../../../../arm-none-eabi/lib/thumb/v7e-m+dp/hard/libc_nano.a(lib_a-wsetup.o)
                0x0000000008007d80                __swsetup_r
 .text.quorem   0x0000000008007e5c      0x116 /Applications/STM32CubeIDE.app/Contents/Eclipse/plugins/com.st.stm32cube.ide.mcu.externaltools.gnu-tools-for-stm32.10.3-2021.10.macos64_1.0.0.202111181127/tools/bin/../lib/gcc/arm-none-eabi/10.3.1/../../../../arm-none-eabi/lib/thumb/v7e-m+dp/hard/libc_nano.a(lib_a-dtoa.o)
 *fill*         0x0000000008007f72        0x6 
 .text._dtoa_r  0x0000000008007f78      0xadc /Applications/STM32CubeIDE.app/Contents/Eclipse/plugins/com.st.stm32cube.ide.mcu.externaltools.gnu-tools-for-stm32.10.3-2021.10.macos64_1.0.0.202111181127/tools/bin/../lib/gcc/arm-none-eabi/10.3.1/../../../../arm-none-eabi/lib/thumb/v7e-m+dp/hard/libc_nano.a(lib_a-dtoa.o)
                0x0000000008007f78                _dtoa_r
 .text.__sflush_r
                0x0000000008008a54      0x10c /Applications/STM32CubeIDE.app/Contents/Eclipse/plugins/com.st.stm32cube.ide.mcu.externaltools.gnu-tools-for-stm32.10.3-2021.10.macos64_1.0.0.202111181127/tools/bin/../lib/gcc/arm-none-eabi/10.3.1/../../../../arm-none-eabi/lib/thumb/v7e-m+dp/hard/libc_nano.a(lib_a-fflush.o)
                0x0000000008008a54                __sflush_r
 .text._fflush_r
                0x0000000008008b60       0x78 /Applications/STM32CubeIDE.app/Contents/Eclipse/plugins/com.st.stm32cube.ide.mcu.externaltools.gnu-tools-for-stm32.10.3-2021.10.macos64_1.0.0.202111181127/tools/bin/../lib/gcc/arm-none-eabi/10.3.1/../../../../arm-none-eabi/lib/thumb/v7e-m+dp/hard/libc_nano.a(lib_a-fflush.o)
                0x0000000008008b60                _fflush_r
 .text.std      0x0000000008008bd8       0x48 /Applications/STM32CubeIDE.app/Contents/Eclipse/plugins/com.st.stm32cube.ide.mcu.externaltools.gnu-tools-for-stm32.10.3-2021.10.macos64_1.0.0.202111181127/tools/bin/../lib/gcc/arm-none-eabi/10.3.1/../../../../arm-none-eabi/lib/thumb/v7e-m+dp/hard/libc_nano.a(lib_a-findfp.o)
 .text._cleanup_r
                0x0000000008008c20        0xc /Applications/STM32CubeIDE.app/Contents/Eclipse/plugins/com.st.stm32cube.ide.mcu.externaltools.gnu-tools-for-stm32.10.3-2021.10.macos64_1.0.0.202111181127/tools/bin/../lib/gcc/arm-none-eabi/10.3.1/../../../../arm-none-eabi/lib/thumb/v7e-m+dp/hard/libc_nano.a(lib_a-findfp.o)
                0x0000000008008c20                _cleanup_r
 .text.__sfmoreglue
                0x0000000008008c2c       0x2c /Applications/STM32CubeIDE.app/Contents/Eclipse/plugins/com.st.stm32cube.ide.mcu.externaltools.gnu-tools-for-stm32.10.3-2021.10.macos64_1.0.0.202111181127/tools/bin/../lib/gcc/arm-none-eabi/10.3.1/../../../../arm-none-eabi/lib/thumb/v7e-m+dp/hard/libc_nano.a(lib_a-findfp.o)
                0x0000000008008c2c                __sfmoreglue
 .text.__sfp_lock_acquire
                0x0000000008008c58        0xc /Applications/STM32CubeIDE.app/Contents/Eclipse/plugins/com.st.stm32cube.ide.mcu.externaltools.gnu-tools-for-stm32.10.3-2021.10.macos64_1.0.0.202111181127/tools/bin/../lib/gcc/arm-none-eabi/10.3.1/../../../../arm-none-eabi/lib/thumb/v7e-m+dp/hard/libc_nano.a(lib_a-findfp.o)
                0x0000000008008c58                __sfp_lock_acquire
 .text.__sfp_lock_release
                0x0000000008008c64        0xc /Applications/STM32CubeIDE.app/Contents/Eclipse/plugins/com.st.stm32cube.ide.mcu.externaltools.gnu-tools-for-stm32.10.3-2021.10.macos64_1.0.0.202111181127/tools/bin/../lib/gcc/arm-none-eabi/10.3.1/../../../../arm-none-eabi/lib/thumb/v7e-m+dp/hard/libc_nano.a(lib_a-findfp.o)
                0x0000000008008c64                __sfp_lock_release
 .text.__sinit_lock_acquire
                0x0000000008008c70        0xc /Applications/STM32CubeIDE.app/Contents/Eclipse/plugins/com.st.stm32cube.ide.mcu.externaltools.gnu-tools-for-stm32.10.3-2021.10.macos64_1.0.0.202111181127/tools/bin/../lib/gcc/arm-none-eabi/10.3.1/../../../../arm-none-eabi/lib/thumb/v7e-m+dp/hard/libc_nano.a(lib_a-findfp.o)
                0x0000000008008c70                __sinit_lock_acquire
 .text.__sinit_lock_release
                0x0000000008008c7c        0xc /Applications/STM32CubeIDE.app/Contents/Eclipse/plugins/com.st.stm32cube.ide.mcu.externaltools.gnu-tools-for-stm32.10.3-2021.10.macos64_1.0.0.202111181127/tools/bin/../lib/gcc/arm-none-eabi/10.3.1/../../../../arm-none-eabi/lib/thumb/v7e-m+dp/hard/libc_nano.a(lib_a-findfp.o)
                0x0000000008008c7c                __sinit_lock_release
 .text.__sinit  0x0000000008008c88       0x70 /Applications/STM32CubeIDE.app/Contents/Eclipse/plugins/com.st.stm32cube.ide.mcu.externaltools.gnu-tools-for-stm32.10.3-2021.10.macos64_1.0.0.202111181127/tools/bin/../lib/gcc/arm-none-eabi/10.3.1/../../../../arm-none-eabi/lib/thumb/v7e-m+dp/hard/libc_nano.a(lib_a-findfp.o)
                0x0000000008008c88                __sinit
 .text.__sfp    0x0000000008008cf8       0x8c /Applications/STM32CubeIDE.app/Contents/Eclipse/plugins/com.st.stm32cube.ide.mcu.externaltools.gnu-tools-for-stm32.10.3-2021.10.macos64_1.0.0.202111181127/tools/bin/../lib/gcc/arm-none-eabi/10.3.1/../../../../arm-none-eabi/lib/thumb/v7e-m+dp/hard/libc_nano.a(lib_a-findfp.o)
                0x0000000008008cf8                __sfp
 .text._fwalk_reent
                0x0000000008008d84       0x3e /Applications/STM32CubeIDE.app/Contents/Eclipse/plugins/com.st.stm32cube.ide.mcu.externaltools.gnu-tools-for-stm32.10.3-2021.10.macos64_1.0.0.202111181127/tools/bin/../lib/gcc/arm-none-eabi/10.3.1/../../../../arm-none-eabi/lib/thumb/v7e-m+dp/hard/libc_nano.a(lib_a-fwalk.o)
                0x0000000008008d84                _fwalk_reent
 *fill*         0x0000000008008dc2        0x2 
 .text._localeconv_r
                0x0000000008008dc4        0x8 /Applications/STM32CubeIDE.app/Contents/Eclipse/plugins/com.st.stm32cube.ide.mcu.externaltools.gnu-tools-for-stm32.10.3-2021.10.macos64_1.0.0.202111181127/tools/bin/../lib/gcc/arm-none-eabi/10.3.1/../../../../arm-none-eabi/lib/thumb/v7e-m+dp/hard/libc_nano.a(lib_a-localeconv.o)
                0x0000000008008dc4                _localeconv_r
 .text.__retarget_lock_init_recursive
                0x0000000008008dcc        0x2 /Applications/STM32CubeIDE.app/Contents/Eclipse/plugins/com.st.stm32cube.ide.mcu.externaltools.gnu-tools-for-stm32.10.3-2021.10.macos64_1.0.0.202111181127/tools/bin/../lib/gcc/arm-none-eabi/10.3.1/../../../../arm-none-eabi/lib/thumb/v7e-m+dp/hard/libc_nano.a(lib_a-lock.o)
                0x0000000008008dcc                __retarget_lock_init_recursive
 .text.__retarget_lock_acquire_recursive
                0x0000000008008dce        0x2 /Applications/STM32CubeIDE.app/Contents/Eclipse/plugins/com.st.stm32cube.ide.mcu.externaltools.gnu-tools-for-stm32.10.3-2021.10.macos64_1.0.0.202111181127/tools/bin/../lib/gcc/arm-none-eabi/10.3.1/../../../../arm-none-eabi/lib/thumb/v7e-m+dp/hard/libc_nano.a(lib_a-lock.o)
                0x0000000008008dce                __retarget_lock_acquire_recursive
 .text.__retarget_lock_release_recursive
                0x0000000008008dd0        0x2 /Applications/STM32CubeIDE.app/Contents/Eclipse/plugins/com.st.stm32cube.ide.mcu.externaltools.gnu-tools-for-stm32.10.3-2021.10.macos64_1.0.0.202111181127/tools/bin/../lib/gcc/arm-none-eabi/10.3.1/../../../../arm-none-eabi/lib/thumb/v7e-m+dp/hard/libc_nano.a(lib_a-lock.o)
                0x0000000008008dd0                __retarget_lock_release_recursive
 .text.__swhatbuf_r
                0x0000000008008dd2       0x4a /Applications/STM32CubeIDE.app/Contents/Eclipse/plugins/com.st.stm32cube.ide.mcu.externaltools.gnu-tools-for-stm32.10.3-2021.10.macos64_1.0.0.202111181127/tools/bin/../lib/gcc/arm-none-eabi/10.3.1/../../../../arm-none-eabi/lib/thumb/v7e-m+dp/hard/libc_nano.a(lib_a-makebuf.o)
                0x0000000008008dd2                __swhatbuf_r
 .text.__smakebuf_r
                0x0000000008008e1c       0x80 /Applications/STM32CubeIDE.app/Contents/Eclipse/plugins/com.st.stm32cube.ide.mcu.externaltools.gnu-tools-for-stm32.10.3-2021.10.macos64_1.0.0.202111181127/tools/bin/../lib/gcc/arm-none-eabi/10.3.1/../../../../arm-none-eabi/lib/thumb/v7e-m+dp/hard/libc_nano.a(lib_a-makebuf.o)
                0x0000000008008e1c                __smakebuf_r
 .text.malloc   0x0000000008008e9c       0x10 /Applications/STM32CubeIDE.app/Contents/Eclipse/plugins/com.st.stm32cube.ide.mcu.externaltools.gnu-tools-for-stm32.10.3-2021.10.macos64_1.0.0.202111181127/tools/bin/../lib/gcc/arm-none-eabi/10.3.1/../../../../arm-none-eabi/lib/thumb/v7e-m+dp/hard/libc_nano.a(lib_a-malloc.o)
                0x0000000008008e9c                malloc
 .text._Balloc  0x0000000008008eac       0x80 /Applications/STM32CubeIDE.app/Contents/Eclipse/plugins/com.st.stm32cube.ide.mcu.externaltools.gnu-tools-for-stm32.10.3-2021.10.macos64_1.0.0.202111181127/tools/bin/../lib/gcc/arm-none-eabi/10.3.1/../../../../arm-none-eabi/lib/thumb/v7e-m+dp/hard/libc_nano.a(lib_a-mprec.o)
                0x0000000008008eac                _Balloc
 .text._Bfree   0x0000000008008f2c       0x44 /Applications/STM32CubeIDE.app/Contents/Eclipse/plugins/com.st.stm32cube.ide.mcu.externaltools.gnu-tools-for-stm32.10.3-2021.10.macos64_1.0.0.202111181127/tools/bin/../lib/gcc/arm-none-eabi/10.3.1/../../../../arm-none-eabi/lib/thumb/v7e-m+dp/hard/libc_nano.a(lib_a-mprec.o)
                0x0000000008008f2c                _Bfree
 .text.__multadd
                0x0000000008008f70       0x8c /Applications/STM32CubeIDE.app/Contents/Eclipse/plugins/com.st.stm32cube.ide.mcu.externaltools.gnu-tools-for-stm32.10.3-2021.10.macos64_1.0.0.202111181127/tools/bin/../lib/gcc/arm-none-eabi/10.3.1/../../../../arm-none-eabi/lib/thumb/v7e-m+dp/hard/libc_nano.a(lib_a-mprec.o)
                0x0000000008008f70                __multadd
 .text.__hi0bits
                0x0000000008008ffc       0x40 /Applications/STM32CubeIDE.app/Contents/Eclipse/plugins/com.st.stm32cube.ide.mcu.externaltools.gnu-tools-for-stm32.10.3-2021.10.macos64_1.0.0.202111181127/tools/bin/../lib/gcc/arm-none-eabi/10.3.1/../../../../arm-none-eabi/lib/thumb/v7e-m+dp/hard/libc_nano.a(lib_a-mprec.o)
                0x0000000008008ffc                __hi0bits
 .text.__lo0bits
                0x000000000800903c       0x5e /Applications/STM32CubeIDE.app/Contents/Eclipse/plugins/com.st.stm32cube.ide.mcu.externaltools.gnu-tools-for-stm32.10.3-2021.10.macos64_1.0.0.202111181127/tools/bin/../lib/gcc/arm-none-eabi/10.3.1/../../../../arm-none-eabi/lib/thumb/v7e-m+dp/hard/libc_nano.a(lib_a-mprec.o)
                0x000000000800903c                __lo0bits
 *fill*         0x000000000800909a        0x2 
 .text.__i2b    0x000000000800909c       0x2c /Applications/STM32CubeIDE.app/Contents/Eclipse/plugins/com.st.stm32cube.ide.mcu.externaltools.gnu-tools-for-stm32.10.3-2021.10.macos64_1.0.0.202111181127/tools/bin/../lib/gcc/arm-none-eabi/10.3.1/../../../../arm-none-eabi/lib/thumb/v7e-m+dp/hard/libc_nano.a(lib_a-mprec.o)
                0x000000000800909c                __i2b
 .text.__multiply
                0x00000000080090c8      0x154 /Applications/STM32CubeIDE.app/Contents/Eclipse/plugins/com.st.stm32cube.ide.mcu.externaltools.gnu-tools-for-stm32.10.3-2021.10.macos64_1.0.0.202111181127/tools/bin/../lib/gcc/arm-none-eabi/10.3.1/../../../../arm-none-eabi/lib/thumb/v7e-m+dp/hard/libc_nano.a(lib_a-mprec.o)
                0x00000000080090c8                __multiply
 .text.__pow5mult
                0x000000000800921c       0xb4 /Applications/STM32CubeIDE.app/Contents/Eclipse/plugins/com.st.stm32cube.ide.mcu.externaltools.gnu-tools-for-stm32.10.3-2021.10.macos64_1.0.0.202111181127/tools/bin/../lib/gcc/arm-none-eabi/10.3.1/../../../../arm-none-eabi/lib/thumb/v7e-m+dp/hard/libc_nano.a(lib_a-mprec.o)
                0x000000000800921c                __pow5mult
 .text.__lshift
                0x00000000080092d0       0xe0 /Applications/STM32CubeIDE.app/Contents/Eclipse/plugins/com.st.stm32cube.ide.mcu.externaltools.gnu-tools-for-stm32.10.3-2021.10.macos64_1.0.0.202111181127/tools/bin/../lib/gcc/arm-none-eabi/10.3.1/../../../../arm-none-eabi/lib/thumb/v7e-m+dp/hard/libc_nano.a(lib_a-mprec.o)
                0x00000000080092d0                __lshift
 .text.__mcmp   0x00000000080093b0       0x38 /Applications/STM32CubeIDE.app/Contents/Eclipse/plugins/com.st.stm32cube.ide.mcu.externaltools.gnu-tools-for-stm32.10.3-2021.10.macos64_1.0.0.202111181127/tools/bin/../lib/gcc/arm-none-eabi/10.3.1/../../../../arm-none-eabi/lib/thumb/v7e-m+dp/hard/libc_nano.a(lib_a-mprec.o)
                0x00000000080093b0                __mcmp
 .text.__mdiff  0x00000000080093e8      0x114 /Applications/STM32CubeIDE.app/Contents/Eclipse/plugins/com.st.stm32cube.ide.mcu.externaltools.gnu-tools-for-stm32.10.3-2021.10.macos64_1.0.0.202111181127/tools/bin/../lib/gcc/arm-none-eabi/10.3.1/../../../../arm-none-eabi/lib/thumb/v7e-m+dp/hard/libc_nano.a(lib_a-mprec.o)
                0x00000000080093e8                __mdiff
 .text.__d2b    0x00000000080094fc       0xb8 /Applications/STM32CubeIDE.app/Contents/Eclipse/plugins/com.st.stm32cube.ide.mcu.externaltools.gnu-tools-for-stm32.10.3-2021.10.macos64_1.0.0.202111181127/tools/bin/../lib/gcc/arm-none-eabi/10.3.1/../../../../arm-none-eabi/lib/thumb/v7e-m+dp/hard/libc_nano.a(lib_a-mprec.o)
                0x00000000080094fc                __d2b
 .text._calloc_r
                0x00000000080095b4       0x2c /Applications/STM32CubeIDE.app/Contents/Eclipse/plugins/com.st.stm32cube.ide.mcu.externaltools.gnu-tools-for-stm32.10.3-2021.10.macos64_1.0.0.202111181127/tools/bin/../lib/gcc/arm-none-eabi/10.3.1/../../../../arm-none-eabi/lib/thumb/v7e-m+dp/hard/libc_nano.a(lib_a-nano-callocr.o)
                0x00000000080095b4                _calloc_r
 .text._free_r  0x00000000080095e0       0x98 /Applications/STM32CubeIDE.app/Contents/Eclipse/plugins/com.st.stm32cube.ide.mcu.externaltools.gnu-tools-for-stm32.10.3-2021.10.macos64_1.0.0.202111181127/tools/bin/../lib/gcc/arm-none-eabi/10.3.1/../../../../arm-none-eabi/lib/thumb/v7e-m+dp/hard/libc_nano.a(lib_a-nano-freer.o)
                0x00000000080095e0                _free_r
 .text.sbrk_aligned
                0x0000000008009678       0x40 /Applications/STM32CubeIDE.app/Contents/Eclipse/plugins/com.st.stm32cube.ide.mcu.externaltools.gnu-tools-for-stm32.10.3-2021.10.macos64_1.0.0.202111181127/tools/bin/../lib/gcc/arm-none-eabi/10.3.1/../../../../arm-none-eabi/lib/thumb/v7e-m+dp/hard/libc_nano.a(lib_a-nano-mallocr.o)
 .text._malloc_r
                0x00000000080096b8       0xe8 /Applications/STM32CubeIDE.app/Contents/Eclipse/plugins/com.st.stm32cube.ide.mcu.externaltools.gnu-tools-for-stm32.10.3-2021.10.macos64_1.0.0.202111181127/tools/bin/../lib/gcc/arm-none-eabi/10.3.1/../../../../arm-none-eabi/lib/thumb/v7e-m+dp/hard/libc_nano.a(lib_a-nano-mallocr.o)
                0x00000000080096b8                _malloc_r
 .text.__ssputs_r
                0x00000000080097a0       0xb6 /Applications/STM32CubeIDE.app/Contents/Eclipse/plugins/com.st.stm32cube.ide.mcu.externaltools.gnu-tools-for-stm32.10.3-2021.10.macos64_1.0.0.202111181127/tools/bin/../lib/gcc/arm-none-eabi/10.3.1/../../../../arm-none-eabi/lib/thumb/v7e-m+dp/hard/libc_nano.a(lib_a-nano-svfprintf.o)
                0x00000000080097a0                __ssputs_r
 *fill*         0x0000000008009856        0x2 
 .text._svfprintf_r
                0x0000000008009858      0x200 /Applications/STM32CubeIDE.app/Contents/Eclipse/plugins/com.st.stm32cube.ide.mcu.externaltools.gnu-tools-for-stm32.10.3-2021.10.macos64_1.0.0.202111181127/tools/bin/../lib/gcc/arm-none-eabi/10.3.1/../../../../arm-none-eabi/lib/thumb/v7e-m+dp/hard/libc_nano.a(lib_a-nano-svfprintf.o)
                0x0000000008009858                _svfprintf_r
                0x0000000008009858                _svfiprintf_r
 .text.__sfputc_r
                0x0000000008009a58       0x2e /Applications/STM32CubeIDE.app/Contents/Eclipse/plugins/com.st.stm32cube.ide.mcu.externaltools.gnu-tools-for-stm32.10.3-2021.10.macos64_1.0.0.202111181127/tools/bin/../lib/gcc/arm-none-eabi/10.3.1/../../../../arm-none-eabi/lib/thumb/v7e-m+dp/hard/libc_nano.a(lib_a-nano-vfprintf.o)
 .text.__sfputs_r
                0x0000000008009a86       0x24 /Applications/STM32CubeIDE.app/Contents/Eclipse/plugins/com.st.stm32cube.ide.mcu.externaltools.gnu-tools-for-stm32.10.3-2021.10.macos64_1.0.0.202111181127/tools/bin/../lib/gcc/arm-none-eabi/10.3.1/../../../../arm-none-eabi/lib/thumb/v7e-m+dp/hard/libc_nano.a(lib_a-nano-vfprintf.o)
                0x0000000008009a86                __sfputs_r
 *fill*         0x0000000008009aaa        0x2 
 .text._vfprintf_r
                0x0000000008009aac      0x260 /Applications/STM32CubeIDE.app/Contents/Eclipse/plugins/com.st.stm32cube.ide.mcu.externaltools.gnu-tools-for-stm32.10.3-2021.10.macos64_1.0.0.202111181127/tools/bin/../lib/gcc/arm-none-eabi/10.3.1/../../../../arm-none-eabi/lib/thumb/v7e-m+dp/hard/libc_nano.a(lib_a-nano-vfprintf.o)
                0x0000000008009aac                _vfiprintf_r
                0x0000000008009aac                _vfprintf_r
 .text._sbrk_r  0x0000000008009d0c       0x20 /Applications/STM32CubeIDE.app/Contents/Eclipse/plugins/com.st.stm32cube.ide.mcu.externaltools.gnu-tools-for-stm32.10.3-2021.10.macos64_1.0.0.202111181127/tools/bin/../lib/gcc/arm-none-eabi/10.3.1/../../../../arm-none-eabi/lib/thumb/v7e-m+dp/hard/libc_nano.a(lib_a-sbrkr.o)
                0x0000000008009d0c                _sbrk_r
 .text.__sread  0x0000000008009d2c       0x22 /Applications/STM32CubeIDE.app/Contents/Eclipse/plugins/com.st.stm32cube.ide.mcu.externaltools.gnu-tools-for-stm32.10.3-2021.10.macos64_1.0.0.202111181127/tools/bin/../lib/gcc/arm-none-eabi/10.3.1/../../../../arm-none-eabi/lib/thumb/v7e-m+dp/hard/libc_nano.a(lib_a-stdio.o)
                0x0000000008009d2c                __sread
 .text.__swrite
                0x0000000008009d4e       0x38 /Applications/STM32CubeIDE.app/Contents/Eclipse/plugins/com.st.stm32cube.ide.mcu.externaltools.gnu-tools-for-stm32.10.3-2021.10.macos64_1.0.0.202111181127/tools/bin/../lib/gcc/arm-none-eabi/10.3.1/../../../../arm-none-eabi/lib/thumb/v7e-m+dp/hard/libc_nano.a(lib_a-stdio.o)
                0x0000000008009d4e                __swrite
 .text.__sseek  0x0000000008009d86       0x24 /Applications/STM32CubeIDE.app/Contents/Eclipse/plugins/com.st.stm32cube.ide.mcu.externaltools.gnu-tools-for-stm32.10.3-2021.10.macos64_1.0.0.202111181127/tools/bin/../lib/gcc/arm-none-eabi/10.3.1/../../../../arm-none-eabi/lib/thumb/v7e-m+dp/hard/libc_nano.a(lib_a-stdio.o)
                0x0000000008009d86                __sseek
 .text.__sclose
                0x0000000008009daa        0x8 /Applications/STM32CubeIDE.app/Contents/Eclipse/plugins/com.st.stm32cube.ide.mcu.externaltools.gnu-tools-for-stm32.10.3-2021.10.macos64_1.0.0.202111181127/tools/bin/../lib/gcc/arm-none-eabi/10.3.1/../../../../arm-none-eabi/lib/thumb/v7e-m+dp/hard/libc_nano.a(lib_a-stdio.o)
                0x0000000008009daa                __sclose
 *fill*         0x0000000008009db2        0x2 
 .text._write_r
                0x0000000008009db4       0x24 /Applications/STM32CubeIDE.app/Contents/Eclipse/plugins/com.st.stm32cube.ide.mcu.externaltools.gnu-tools-for-stm32.10.3-2021.10.macos64_1.0.0.202111181127/tools/bin/../lib/gcc/arm-none-eabi/10.3.1/../../../../arm-none-eabi/lib/thumb/v7e-m+dp/hard/libc_nano.a(lib_a-writer.o)
                0x0000000008009db4                _write_r
 .text.__assert_func
                0x0000000008009dd8       0x3c /Applications/STM32CubeIDE.app/Contents/Eclipse/plugins/com.st.stm32cube.ide.mcu.externaltools.gnu-tools-for-stm32.10.3-2021.10.macos64_1.0.0.202111181127/tools/bin/../lib/gcc/arm-none-eabi/10.3.1/../../../../arm-none-eabi/lib/thumb/v7e-m+dp/hard/libc_nano.a(lib_a-assert.o)
                0x0000000008009dd8                __assert_func
 .text._close_r
                0x0000000008009e14       0x20 /Applications/STM32CubeIDE.app/Contents/Eclipse/plugins/com.st.stm32cube.ide.mcu.externaltools.gnu-tools-for-stm32.10.3-2021.10.macos64_1.0.0.202111181127/tools/bin/../lib/gcc/arm-none-eabi/10.3.1/../../../../arm-none-eabi/lib/thumb/v7e-m+dp/hard/libc_nano.a(lib_a-closer.o)
                0x0000000008009e14                _close_r
 .text.fprintf  0x0000000008009e34       0x24 /Applications/STM32CubeIDE.app/Contents/Eclipse/plugins/com.st.stm32cube.ide.mcu.externaltools.gnu-tools-for-stm32.10.3-2021.10.macos64_1.0.0.202111181127/tools/bin/../lib/gcc/arm-none-eabi/10.3.1/../../../../arm-none-eabi/lib/thumb/v7e-m+dp/hard/libc_nano.a(lib_a-fprintf.o)
                0x0000000008009e34                fprintf
                0x0000000008009e34                fiprintf
 .text._fstat_r
                0x0000000008009e58       0x24 /Applications/STM32CubeIDE.app/Contents/Eclipse/plugins/com.st.stm32cube.ide.mcu.externaltools.gnu-tools-for-stm32.10.3-2021.10.macos64_1.0.0.202111181127/tools/bin/../lib/gcc/arm-none-eabi/10.3.1/../../../../arm-none-eabi/lib/thumb/v7e-m+dp/hard/libc_nano.a(lib_a-fstatr.o)
                0x0000000008009e58                _fstat_r
 .text._isatty_r
                0x0000000008009e7c       0x20 /Applications/STM32CubeIDE.app/Contents/Eclipse/plugins/com.st.stm32cube.ide.mcu.externaltools.gnu-tools-for-stm32.10.3-2021.10.macos64_1.0.0.202111181127/tools/bin/../lib/gcc/arm-none-eabi/10.3.1/../../../../arm-none-eabi/lib/thumb/v7e-m+dp/hard/libc_nano.a(lib_a-isattyr.o)
                0x0000000008009e7c                _isatty_r
 .text._lseek_r
                0x0000000008009e9c       0x24 /Applications/STM32CubeIDE.app/Contents/Eclipse/plugins/com.st.stm32cube.ide.mcu.externaltools.gnu-tools-for-stm32.10.3-2021.10.macos64_1.0.0.202111181127/tools/bin/../lib/gcc/arm-none-eabi/10.3.1/../../../../arm-none-eabi/lib/thumb/v7e-m+dp/hard/libc_nano.a(lib_a-lseekr.o)
                0x0000000008009e9c                _lseek_r
 .text.__ascii_mbtowc
                0x0000000008009ec0       0x24 /Applications/STM32CubeIDE.app/Contents/Eclipse/plugins/com.st.stm32cube.ide.mcu.externaltools.gnu-tools-for-stm32.10.3-2021.10.macos64_1.0.0.202111181127/tools/bin/../lib/gcc/arm-none-eabi/10.3.1/../../../../arm-none-eabi/lib/thumb/v7e-m+dp/hard/libc_nano.a(lib_a-mbtowc_r.o)
                0x0000000008009ec0                __ascii_mbtowc
 .text.memmove  0x0000000008009ee4       0x34 /Applications/STM32CubeIDE.app/Contents/Eclipse/plugins/com.st.stm32cube.ide.mcu.externaltools.gnu-tools-for-stm32.10.3-2021.10.macos64_1.0.0.202111181127/tools/bin/../lib/gcc/arm-none-eabi/10.3.1/../../../../arm-none-eabi/lib/thumb/v7e-m+dp/hard/libc_nano.a(lib_a-memmove.o)
                0x0000000008009ee4                memmove
 .text.__malloc_lock
                0x0000000008009f18        0xc /Applications/STM32CubeIDE.app/Contents/Eclipse/plugins/com.st.stm32cube.ide.mcu.externaltools.gnu-tools-for-stm32.10.3-2021.10.macos64_1.0.0.202111181127/tools/bin/../lib/gcc/arm-none-eabi/10.3.1/../../../../arm-none-eabi/lib/thumb/v7e-m+dp/hard/libc_nano.a(lib_a-mlock.o)
                0x0000000008009f18                __malloc_lock
 .text.__malloc_unlock
                0x0000000008009f24        0xc /Applications/STM32CubeIDE.app/Contents/Eclipse/plugins/com.st.stm32cube.ide.mcu.externaltools.gnu-tools-for-stm32.10.3-2021.10.macos64_1.0.0.202111181127/tools/bin/../lib/gcc/arm-none-eabi/10.3.1/../../../../arm-none-eabi/lib/thumb/v7e-m+dp/hard/libc_nano.a(lib_a-mlock.o)
                0x0000000008009f24                __malloc_unlock
 .text._realloc_r
                0x0000000008009f30       0x5e /Applications/STM32CubeIDE.app/Contents/Eclipse/plugins/com.st.stm32cube.ide.mcu.externaltools.gnu-tools-for-stm32.10.3-2021.10.macos64_1.0.0.202111181127/tools/bin/../lib/gcc/arm-none-eabi/10.3.1/../../../../arm-none-eabi/lib/thumb/v7e-m+dp/hard/libc_nano.a(lib_a-nano-reallocr.o)
                0x0000000008009f30                _realloc_r
 *fill*         0x0000000008009f8e        0x2 
 .text._read_r  0x0000000008009f90       0x24 /Applications/STM32CubeIDE.app/Contents/Eclipse/plugins/com.st.stm32cube.ide.mcu.externaltools.gnu-tools-for-stm32.10.3-2021.10.macos64_1.0.0.202111181127/tools/bin/../lib/gcc/arm-none-eabi/10.3.1/../../../../arm-none-eabi/lib/thumb/v7e-m+dp/hard/libc_nano.a(lib_a-readr.o)
                0x0000000008009f90                _read_r
 .text.__ascii_wctomb
                0x0000000008009fb4       0x1a /Applications/STM32CubeIDE.app/Contents/Eclipse/plugins/com.st.stm32cube.ide.mcu.externaltools.gnu-tools-for-stm32.10.3-2021.10.macos64_1.0.0.202111181127/tools/bin/../lib/gcc/arm-none-eabi/10.3.1/../../../../arm-none-eabi/lib/thumb/v7e-m+dp/hard/libc_nano.a(lib_a-wctomb_r.o)
                0x0000000008009fb4                __ascii_wctomb
 .text.abort    0x0000000008009fce        0xe /Applications/STM32CubeIDE.app/Contents/Eclipse/plugins/com.st.stm32cube.ide.mcu.externaltools.gnu-tools-for-stm32.10.3-2021.10.macos64_1.0.0.202111181127/tools/bin/../lib/gcc/arm-none-eabi/10.3.1/../../../../arm-none-eabi/lib/thumb/v7e-m+dp/hard/libc_nano.a(lib_a-abort.o)
                0x0000000008009fce                abort
 .text._malloc_usable_size_r
                0x0000000008009fdc       0x10 /Applications/STM32CubeIDE.app/Contents/Eclipse/plugins/com.st.stm32cube.ide.mcu.externaltools.gnu-tools-for-stm32.10.3-2021.10.macos64_1.0.0.202111181127/tools/bin/../lib/gcc/arm-none-eabi/10.3.1/../../../../arm-none-eabi/lib/thumb/v7e-m+dp/hard/libc_nano.a(lib_a-nano-msizer.o)
                0x0000000008009fdc                _malloc_usable_size_r
 .text._raise_r
                0x0000000008009fec       0x50 /Applications/STM32CubeIDE.app/Contents/Eclipse/plugins/com.st.stm32cube.ide.mcu.externaltools.gnu-tools-for-stm32.10.3-2021.10.macos64_1.0.0.202111181127/tools/bin/../lib/gcc/arm-none-eabi/10.3.1/../../../../arm-none-eabi/lib/thumb/v7e-m+dp/hard/libc_nano.a(lib_a-signal.o)
                0x0000000008009fec                _raise_r
 .text.raise    0x000000000800a03c       0x10 /Applications/STM32CubeIDE.app/Contents/Eclipse/plugins/com.st.stm32cube.ide.mcu.externaltools.gnu-tools-for-stm32.10.3-2021.10.macos64_1.0.0.202111181127/tools/bin/../lib/gcc/arm-none-eabi/10.3.1/../../../../arm-none-eabi/lib/thumb/v7e-m+dp/hard/libc_nano.a(lib_a-signal.o)
                0x000000000800a03c                raise
 .text._kill_r  0x000000000800a04c       0x24 /Applications/STM32CubeIDE.app/Contents/Eclipse/plugins/com.st.stm32cube.ide.mcu.externaltools.gnu-tools-for-stm32.10.3-2021.10.macos64_1.0.0.202111181127/tools/bin/../lib/gcc/arm-none-eabi/10.3.1/../../../../arm-none-eabi/lib/thumb/v7e-m+dp/hard/libc_nano.a(lib_a-signalr.o)
                0x000000000800a04c                _kill_r
 .text._getpid_r
                0x000000000800a070        0x4 /Applications/STM32CubeIDE.app/Contents/Eclipse/plugins/com.st.stm32cube.ide.mcu.externaltools.gnu-tools-for-stm32.10.3-2021.10.macos64_1.0.0.202111181127/tools/bin/../lib/gcc/arm-none-eabi/10.3.1/../../../../arm-none-eabi/lib/thumb/v7e-m+dp/hard/libc_nano.a(lib_a-signalr.o)
                0x000000000800a070                _getpid_r
 *fill*         0x000000000800a074        0x4 
 .text.exp      0x000000000800a078      0x1a4 /Applications/STM32CubeIDE.app/Contents/Eclipse/plugins/com.st.stm32cube.ide.mcu.externaltools.gnu-tools-for-stm32.10.3-2021.10.macos64_1.0.0.202111181127/tools/bin/../lib/gcc/arm-none-eabi/10.3.1/../../../../arm-none-eabi/lib/thumb/v7e-m+dp/hard/libm.a(lib_a-exp.o)
                0x000000000800a078                exp
 .text.with_errno
                0x000000000800a21c       0x16 /Applications/STM32CubeIDE.app/Contents/Eclipse/plugins/com.st.stm32cube.ide.mcu.externaltools.gnu-tools-for-stm32.10.3-2021.10.macos64_1.0.0.202111181127/tools/bin/../lib/gcc/arm-none-eabi/10.3.1/../../../../arm-none-eabi/lib/thumb/v7e-m+dp/hard/libm.a(lib_a-math_err.o)
 .text.xflow    0x000000000800a232       0x22 /Applications/STM32CubeIDE.app/Contents/Eclipse/plugins/com.st.stm32cube.ide.mcu.externaltools.gnu-tools-for-stm32.10.3-2021.10.macos64_1.0.0.202111181127/tools/bin/../lib/gcc/arm-none-eabi/10.3.1/../../../../arm-none-eabi/lib/thumb/v7e-m+dp/hard/libm.a(lib_a-math_err.o)
 *fill*         0x000000000800a254        0x4 
 .text.__math_uflow
                0x000000000800a258       0x10 /Applications/STM32CubeIDE.app/Contents/Eclipse/plugins/com.st.stm32cube.ide.mcu.externaltools.gnu-tools-for-stm32.10.3-2021.10.macos64_1.0.0.202111181127/tools/bin/../lib/gcc/arm-none-eabi/10.3.1/../../../../arm-none-eabi/lib/thumb/v7e-m+dp/hard/libm.a(lib_a-math_err.o)
                0x000000000800a258                __math_uflow
 .text.__math_oflow
                0x000000000800a268       0x10 /Applications/STM32CubeIDE.app/Contents/Eclipse/plugins/com.st.stm32cube.ide.mcu.externaltools.gnu-tools-for-stm32.10.3-2021.10.macos64_1.0.0.202111181127/tools/bin/../lib/gcc/arm-none-eabi/10.3.1/../../../../arm-none-eabi/lib/thumb/v7e-m+dp/hard/libm.a(lib_a-math_err.o)
                0x000000000800a268                __math_oflow
 .text.__math_check_uflow
                0x000000000800a278       0x12 /Applications/STM32CubeIDE.app/Contents/Eclipse/plugins/com.st.stm32cube.ide.mcu.externaltools.gnu-tools-for-stm32.10.3-2021.10.macos64_1.0.0.202111181127/tools/bin/../lib/gcc/arm-none-eabi/10.3.1/../../../../arm-none-eabi/lib/thumb/v7e-m+dp/hard/libm.a(lib_a-math_err.o)
                0x000000000800a278                __math_check_uflow
 *fill*         0x000000000800a28a        0x6 
 .text.__math_check_oflow
                0x000000000800a290       0x28 /Applications/STM32CubeIDE.app/Contents/Eclipse/plugins/com.st.stm32cube.ide.mcu.externaltools.gnu-tools-for-stm32.10.3-2021.10.macos64_1.0.0.202111181127/tools/bin/../lib/gcc/arm-none-eabi/10.3.1/../../../../arm-none-eabi/lib/thumb/v7e-m+dp/hard/libm.a(lib_a-math_err.o)
                0x000000000800a290                __math_check_oflow
 *(.glue_7)
 .glue_7        0x000000000800a2b8        0x0 linker stubs
 *(.glue_7t)
 .glue_7t       0x000000000800a2b8        0x0 linker stubs
 *(.eh_frame)
 .eh_frame      0x000000000800a2b8        0x0 /Applications/STM32CubeIDE.app/Contents/Eclipse/plugins/com.st.stm32cube.ide.mcu.externaltools.gnu-tools-for-stm32.10.3-2021.10.macos64_1.0.0.202111181127/tools/bin/../lib/gcc/arm-none-eabi/10.3.1/thumb/v7e-m+dp/hard/crtbegin.o
 *(.init)
 .init          0x000000000800a2b8        0x4 /Applications/STM32CubeIDE.app/Contents/Eclipse/plugins/com.st.stm32cube.ide.mcu.externaltools.gnu-tools-for-stm32.10.3-2021.10.macos64_1.0.0.202111181127/tools/bin/../lib/gcc/arm-none-eabi/10.3.1/thumb/v7e-m+dp/hard/crti.o
                0x000000000800a2b8                _init
 .init          0x000000000800a2bc        0x8 /Applications/STM32CubeIDE.app/Contents/Eclipse/plugins/com.st.stm32cube.ide.mcu.externaltools.gnu-tools-for-stm32.10.3-2021.10.macos64_1.0.0.202111181127/tools/bin/../lib/gcc/arm-none-eabi/10.3.1/thumb/v7e-m+dp/hard/crtn.o
 *(.fini)
 .fini          0x000000000800a2c4        0x4 /Applications/STM32CubeIDE.app/Contents/Eclipse/plugins/com.st.stm32cube.ide.mcu.externaltools.gnu-tools-for-stm32.10.3-2021.10.macos64_1.0.0.202111181127/tools/bin/../lib/gcc/arm-none-eabi/10.3.1/thumb/v7e-m+dp/hard/crti.o
                0x000000000800a2c4                _fini
 .fini          0x000000000800a2c8        0x8 /Applications/STM32CubeIDE.app/Contents/Eclipse/plugins/com.st.stm32cube.ide.mcu.externaltools.gnu-tools-for-stm32.10.3-2021.10.macos64_1.0.0.202111181127/tools/bin/../lib/gcc/arm-none-eabi/10.3.1/thumb/v7e-m+dp/hard/crtn.o
                0x000000000800a2d0                . = ALIGN (0x4)
                0x000000000800a2d0                _etext = .

.vfp11_veneer   0x000000000800a2d0        0x0
 .vfp11_veneer  0x000000000800a2d0        0x0 linker stubs

.v4_bx          0x000000000800a2d0        0x0
 .v4_bx         0x000000000800a2d0        0x0 linker stubs

.iplt           0x000000000800a2d0        0x0
 .iplt          0x000000000800a2d0        0x0 /Applications/STM32CubeIDE.app/Contents/Eclipse/plugins/com.st.stm32cube.ide.mcu.externaltools.gnu-tools-for-stm32.10.3-2021.10.macos64_1.0.0.202111181127/tools/bin/../lib/gcc/arm-none-eabi/10.3.1/thumb/v7e-m+dp/hard/crtbegin.o

.rodata         0x000000000800a2d0      0xe40
                0x000000000800a2d0                . = ALIGN (0x4)
 *(.rodata)
 *(.rodata*)
 .rodata.StartDefaultTask.str1.4
                0x000000000800a2d0        0xa ./Core/Src/main.o
 *fill*         0x000000000800a2da        0x2 
 .rodata.str1.4
                0x000000000800a2dc        0xc ./Core/Src/main.o
 .rodata.defaultTask_attributes
                0x000000000800a2e8       0x24 ./Core/Src/main.o
                0x000000000800a2e8                defaultTask_attributes
 .rodata.D1CorePrescTable
                0x000000000800a30c       0x10 ./Core/Src/system_stm32h7xx.o
                0x000000000800a30c                D1CorePrescTable
 .rodata.CSWTCH.61
                0x000000000800a31c       0x29 ./Drivers/STM32H7xx_HAL_Driver/Src/stm32h7xx_hal_uart.o
 *fill*         0x000000000800a345        0x3 
 .rodata.CSWTCH.62
                0x000000000800a348        0x6 ./Drivers/STM32H7xx_HAL_Driver/Src/stm32h7xx_hal_uart.o
 *fill*         0x000000000800a34e        0x2 
 .rodata.CSWTCH.71
                0x000000000800a350        0x6 ./Drivers/STM32H7xx_HAL_Driver/Src/stm32h7xx_hal_uart.o
 *fill*         0x000000000800a356        0x2 
 .rodata.UARTPrescTable
                0x000000000800a358       0x18 ./Drivers/STM32H7xx_HAL_Driver/Src/stm32h7xx_hal_uart.o
                0x000000000800a358                UARTPrescTable
 .rodata.denominator.0
                0x000000000800a370        0x8 ./Drivers/STM32H7xx_HAL_Driver/Src/stm32h7xx_hal_uart_ex.o
 .rodata.numerator.1
                0x000000000800a378        0x8 ./Drivers/STM32H7xx_HAL_Driver/Src/stm32h7xx_hal_uart_ex.o
 .rodata.OpenNNA_CreateNetwork.str1.4
                0x000000000800a380       0x46 ./Middlewares/OpenNNA2.0/core/opennna_core.o
 *fill*         0x000000000800a3c6        0x2 
 .rodata.str1.4
                0x000000000800a3c8       0x70 ./Middlewares/OpenNNA2.0/core/opennna_core.o
 .rodata.OpenNNA_Demo_Conv_OpenNNAPaper.str1.4
                0x000000000800a438       0x62 ./Middlewares/OpenNNA2.0/model/opennna_demo_conv(OpenNNA-Paper)-mnist.o
                                         0x94 (size before relaxing)
 *fill*         0x000000000800a49a        0x2 
 .rodata.vTaskGetRunTimeStats.str1.4
                0x000000000800a49c       0x18 ./Middlewares/Third_Party/FreeRTOS/Source/tasks.o
 .rodata.xTimerCreateTimerTask.str1.4
                0x000000000800a4b4       0x10 ./Middlewares/Third_Party/FreeRTOS/Source/timers.o
 .rodata._global_impure_ptr
                0x000000000800a4c4        0x4 /Applications/STM32CubeIDE.app/Contents/Eclipse/plugins/com.st.stm32cube.ide.mcu.externaltools.gnu-tools-for-stm32.10.3-2021.10.macos64_1.0.0.202111181127/tools/bin/../lib/gcc/arm-none-eabi/10.3.1/../../../../arm-none-eabi/lib/thumb/v7e-m+dp/hard/libc_nano.a(lib_a-impure.o)
                0x000000000800a4c4                _global_impure_ptr
 .rodata._printf_float.str1.1
                0x000000000800a4c8       0x12 /Applications/STM32CubeIDE.app/Contents/Eclipse/plugins/com.st.stm32cube.ide.mcu.externaltools.gnu-tools-for-stm32.10.3-2021.10.macos64_1.0.0.202111181127/tools/bin/../lib/gcc/arm-none-eabi/10.3.1/../../../../arm-none-eabi/lib/thumb/v7e-m+dp/hard/libc_nano.a(lib_a-nano-vfprintf_float.o)
 .rodata._printf_i.str1.1
                0x000000000800a4da       0x22 /Applications/STM32CubeIDE.app/Contents/Eclipse/plugins/com.st.stm32cube.ide.mcu.externaltools.gnu-tools-for-stm32.10.3-2021.10.macos64_1.0.0.202111181127/tools/bin/../lib/gcc/arm-none-eabi/10.3.1/../../../../arm-none-eabi/lib/thumb/v7e-m+dp/hard/libc_nano.a(lib_a-nano-vfprintf_i.o)
 .rodata._dtoa_r.str1.1
                0x000000000800a4fc       0x90 /Applications/STM32CubeIDE.app/Contents/Eclipse/plugins/com.st.stm32cube.ide.mcu.externaltools.gnu-tools-for-stm32.10.3-2021.10.macos64_1.0.0.202111181127/tools/bin/../lib/gcc/arm-none-eabi/10.3.1/../../../../arm-none-eabi/lib/thumb/v7e-m+dp/hard/libc_nano.a(lib_a-dtoa.o)
                                         0x92 (size before relaxing)
 .rodata.__sf_fake_stderr
                0x000000000800a58c       0x20 /Applications/STM32CubeIDE.app/Contents/Eclipse/plugins/com.st.stm32cube.ide.mcu.externaltools.gnu-tools-for-stm32.10.3-2021.10.macos64_1.0.0.202111181127/tools/bin/../lib/gcc/arm-none-eabi/10.3.1/../../../../arm-none-eabi/lib/thumb/v7e-m+dp/hard/libc_nano.a(lib_a-findfp.o)
                0x000000000800a58c                __sf_fake_stderr
 .rodata.__sf_fake_stdin
                0x000000000800a5ac       0x20 /Applications/STM32CubeIDE.app/Contents/Eclipse/plugins/com.st.stm32cube.ide.mcu.externaltools.gnu-tools-for-stm32.10.3-2021.10.macos64_1.0.0.202111181127/tools/bin/../lib/gcc/arm-none-eabi/10.3.1/../../../../arm-none-eabi/lib/thumb/v7e-m+dp/hard/libc_nano.a(lib_a-findfp.o)
                0x000000000800a5ac                __sf_fake_stdin
 .rodata.__sf_fake_stdout
                0x000000000800a5cc       0x20 /Applications/STM32CubeIDE.app/Contents/Eclipse/plugins/com.st.stm32cube.ide.mcu.externaltools.gnu-tools-for-stm32.10.3-2021.10.macos64_1.0.0.202111181127/tools/bin/../lib/gcc/arm-none-eabi/10.3.1/../../../../arm-none-eabi/lib/thumb/v7e-m+dp/hard/libc_nano.a(lib_a-findfp.o)
                0x000000000800a5cc                __sf_fake_stdout
 .rodata._Balloc.str1.1
                0x000000000800a5ec       0x5c /Applications/STM32CubeIDE.app/Contents/Eclipse/plugins/com.st.stm32cube.ide.mcu.externaltools.gnu-tools-for-stm32.10.3-2021.10.macos64_1.0.0.202111181127/tools/bin/../lib/gcc/arm-none-eabi/10.3.1/../../../../arm-none-eabi/lib/thumb/v7e-m+dp/hard/libc_nano.a(lib_a-mprec.o)
                                         0x73 (size before relaxing)
 .rodata.__multadd.str1.1
                0x000000000800a648       0x11 /Applications/STM32CubeIDE.app/Contents/Eclipse/plugins/com.st.stm32cube.ide.mcu.externaltools.gnu-tools-for-stm32.10.3-2021.10.macos64_1.0.0.202111181127/tools/bin/../lib/gcc/arm-none-eabi/10.3.1/../../../../arm-none-eabi/lib/thumb/v7e-m+dp/hard/libc_nano.a(lib_a-mprec.o)
 .rodata.__mprec_bigtens
                0x000000000800a648       0x28 /Applications/STM32CubeIDE.app/Contents/Eclipse/plugins/com.st.stm32cube.ide.mcu.externaltools.gnu-tools-for-stm32.10.3-2021.10.macos64_1.0.0.202111181127/tools/bin/../lib/gcc/arm-none-eabi/10.3.1/../../../../arm-none-eabi/lib/thumb/v7e-m+dp/hard/libc_nano.a(lib_a-mprec.o)
                0x000000000800a648                __mprec_bigtens
 .rodata.__mprec_tens
                0x000000000800a670       0xc8 /Applications/STM32CubeIDE.app/Contents/Eclipse/plugins/com.st.stm32cube.ide.mcu.externaltools.gnu-tools-for-stm32.10.3-2021.10.macos64_1.0.0.202111181127/tools/bin/../lib/gcc/arm-none-eabi/10.3.1/../../../../arm-none-eabi/lib/thumb/v7e-m+dp/hard/libc_nano.a(lib_a-mprec.o)
                0x000000000800a670                __mprec_tens
 .rodata.p05.0  0x000000000800a738        0xc /Applications/STM32CubeIDE.app/Contents/Eclipse/plugins/com.st.stm32cube.ide.mcu.externaltools.gnu-tools-for-stm32.10.3-2021.10.macos64_1.0.0.202111181127/tools/bin/../lib/gcc/arm-none-eabi/10.3.1/../../../../arm-none-eabi/lib/thumb/v7e-m+dp/hard/libc_nano.a(lib_a-mprec.o)
 .rodata._svfprintf_r.str1.1
                0x000000000800a744       0x11 /Applications/STM32CubeIDE.app/Contents/Eclipse/plugins/com.st.stm32cube.ide.mcu.externaltools.gnu-tools-for-stm32.10.3-2021.10.macos64_1.0.0.202111181127/tools/bin/../lib/gcc/arm-none-eabi/10.3.1/../../../../arm-none-eabi/lib/thumb/v7e-m+dp/hard/libc_nano.a(lib_a-nano-svfprintf.o)
 .rodata._vfprintf_r.str1.1
                0x000000000800a755       0x11 /Applications/STM32CubeIDE.app/Contents/Eclipse/plugins/com.st.stm32cube.ide.mcu.externaltools.gnu-tools-for-stm32.10.3-2021.10.macos64_1.0.0.202111181127/tools/bin/../lib/gcc/arm-none-eabi/10.3.1/../../../../arm-none-eabi/lib/thumb/v7e-m+dp/hard/libc_nano.a(lib_a-nano-vfprintf.o)
 .rodata.__assert_func.str1.1